******************************************************************************
             TMS320C2000 Linker PC v20.2.1                     
******************************************************************************
>> Linked Thu Nov 19 09:39:33 2020

OUTPUT FILE NAME:   <emote-controller_driverlib.out>
ENTRY POINT SYMBOL: "code_start"  address: 00000000


MEMORY CONFIGURATION

         name            origin    length      used     unused   attr    fill
----------------------  --------  ---------  --------  --------  ----  --------
PAGE 0:
  BEGIN                 00000000   00000002  00000002  00000000  RWIX
  RAMM0                 00000123   000002dd  00000030  000002ad  RWIX
  RAMLS0                00008000   00000800  00000800  00000000  RWIX
  RAMLS1                00008800   00000800  00000800  00000000  RWIX
  RAMLS2                00009000   00000800  00000202  000005fe  RWIX
  RAMLS3                00009800   00000800  00000000  00000800  RWIX
  RAMLS4                0000a000   00000800  00000000  00000800  RWIX
  RAMD0                 0000b000   00000800  00000800  00000000  RWIX
  RESET                 003fffc0   00000002  00000000  00000002  RWIX

PAGE 1:
  BOOT_RSVD             00000002   00000121  00000000  00000121  RWIX
  RAMM1                 00000400   000003f8  00000100  000002f8  RWIX
  RAMLS5                0000a800   00000800  000003eb  00000415  RWIX
  RAMD1                 0000b800   00000800  00000000  00000800  RWIX
  RAMGS0                0000c000   00001000  00000000  00001000  RWIX
  RAMGS1                0000d000   00001000  00000000  00001000  RWIX
  RAMGS2                0000e000   00001000  00000000  00001000  RWIX
  RAMGS3                0000f000   00001000  00000000  00001000  RWIX
  RAMGS4                00010000   00001000  00000000  00001000  RWIX
  RAMGS5                00011000   00001000  00000000  00001000  RWIX
  RAMGS6                00012000   00001000  00000000  00001000  RWIX
  RAMGS7                00013000   00001000  00000000  00001000  RWIX
  RAMGS8                00014000   00001000  00000000  00001000  RWIX
  RAMGS9                00015000   00001000  00000000  00001000  RWIX
  RAMGS10               00016000   00001000  00000000  00001000  RWIX
  RAMGS11               00017000   00001000  00000000  00001000  RWIX
  RAMGS12               00018000   00001000  00000000  00001000  RWIX
  RAMGS13               00019000   00001000  00000000  00001000  RWIX
  RAMGS14               0001a000   00001000  00000000  00001000  RWIX
  RAMGS15               0001b000   00000ff8  00000000  00000ff8  RWIX
  CPU2TOCPU1RAM         0003f800   00000400  00000000  00000400  RWIX
  CPU1TOCPU2RAM         0003fc00   00000400  00000000  00000400  RWIX
  CANA_MSG_RAM          00049000   00000800  00000000  00000800  RWIX
  CANB_MSG_RAM          0004b000   00000800  00000000  00000800  RWIX


SECTION ALLOCATION MAP

 output                                  attributes/
section   page    origin      length       input sections
--------  ----  ----------  ----------   ----------------
codestart 
*          0    00000000    00000002     
                  00000000    00000002     F2837xD_CodeStartBranch.obj (codestart)

.cinit     0    00000128    0000002c     
                  00000128    00000017     (.cinit..data.load) [load image, compression = lzss]
                  0000013f    00000001     --HOLE-- [fill = 0]
                  00000140    00000006     (__TI_handler_table)
                  00000146    00000004     (.cinit..bss.load) [load image, compression = zero_init]
                  0000014a    00000002     --HOLE-- [fill = 0]
                  0000014c    00000008     (__TI_cinit_table)

.reset     0    003fffc0    00000000     DSECT

.stack     1    00000400    00000100     UNINITIALIZED
                  00000400    00000100     --HOLE--

.bss       1    0000abea    00000001     UNINITIALIZED
                  0000abea    00000001     main.obj (.bss)

.init_array 
*          0    00000123    00000000     UNINITIALIZED

.const     1    0000a800    000003c6     
                  0000a800    000000ef     driverlib_eabi.lib : epwm.obj (.const:.string)
                  0000a8ef    00000001     --HOLE-- [fill = 0]
                  0000a8f0    000000ef                        : gpio.obj (.const:.string)
                  0000a9df    00000001     --HOLE-- [fill = 0]
                  0000a9e0    000000d5     main.obj (.const:.string)
                  0000aab5    00000001     --HOLE-- [fill = 0]
                  0000aab6    00000079     driverlib_eabi.lib : sysctl.obj (.const:.string)
                  0000ab2f    00000001     --HOLE-- [fill = 0]
                  0000ab30    00000076                        : adc.obj (.const:.string)
                  0000aba6    00000013     device.obj (.const:.string)
                  0000abb9    00000001     --HOLE-- [fill = 0]
                  0000abba    0000000c     main.obj (.const)

.data      1    0000abc6    00000024     UNINITIALIZED
                  0000abc6    00000014     main.obj (.data)
                  0000abda    00000006     device.obj (.data)
                  0000abe0    00000006     rts2800_fpu32_eabi.lib : exit.c.obj (.data)
                  0000abe6    00000002                            : _lock.c.obj (.data:_lock)
                  0000abe8    00000002                            : _lock.c.obj (.data:_unlock)

.TI.ramfunc 
*          0    00000123    00000004     
                  00000123    00000004     driverlib_eabi.lib : sysctl.obj (.TI.ramfunc)

GETBUFFER 
*          0    0003f800    00000000     DSECT

GETWRITEIDX 
*          0    0003f800    00000000     DSECT

PUTREADIDX 
*          0    0003f800    00000000     DSECT

.text.1    0    00008000    00000800     
                  00008000    00000407     device.obj (.text)
                  00008407    0000021f     driverlib_eabi.lib : sysctl.obj (.text:SysCtl_setClock)
                  00008626    000000bd                        : adc.obj (.text:ADC_setMode)
                  000086e3    000000a7     main.obj (.text:retain)
                  0000878a    00000068     driverlib_eabi.lib : sysctl.obj (.text:SysCtl_getDeviceParametric)
                  000087f2    0000000e                        : gpio.obj (.text:GPIO_isPinValid)

.text.2    0    00008800    00000800     
                  00008800    00000213     driverlib_eabi.lib : epwm.obj (.text:EPWM_configureSignal)
                  00008a13    0000009c     rts2800_fpu32_eabi.lib : fd_add28.asm.obj (.text)
                  00008aaf    00000088                            : fs_div28.asm.obj (.text)
                  00008b37    00000083                            : fd_mpy28.asm.obj (.text)
                  00008bba    00000082     board.obj (.text)
                  00008c3c    0000005e     driverlib_eabi.lib : sysctl.obj (.text:SysCtl_selectOscSource)
                  00008c9a    00000052                        : gpio.obj (.text:GPIO_setPadConfig)
                  00008cec    00000047                        : epwm.obj (.text:EPWM_isBaseValid)
                  00008d33    00000043                        : epwm.obj (.text:EPWM_setActionQualifierAction)
                  00008d76    0000003f                        : epwm.obj (.text:EPWM_setCounterCompareShadowLoadMode)
                  00008db5    0000003d                        : interrupt.obj (.text:Interrupt_initModule)
                  00008df2    00000038                        : gpio.obj (.text:GPIO_setMasterCore)
                  00008e2a    00000038                        : gpio.obj (.text:GPIO_setQualificationMode)
                  00008e62    00000037                        : gpio.obj (.text:GPIO_setPinConfig)
                  00008e99    00000034                        : gpio.obj (.text:GPIO_setInterruptPin)
                  00008ecd    00000034                        : interrupt.obj (.text:Interrupt_enable)
                  00008f01    00000031                        : gpio.obj (.text:GPIO_setDirectionMode)
                  00008f32    00000031     rts2800_fpu32_eabi.lib : copy_decompress_lzss.c.obj (.text:decompress:lzss)
                  00008f63    0000002b                            : autoinit.c.obj (.text:__TI_auto_init_nobinit_nopinit)
                  00008f8e    0000002a                            : fd_cmp28.asm.obj (.text)
                  00008fb8    00000029                            : exit.c.obj (.text)
                  00008fe1    0000001f     driverlib_eabi.lib : adc.obj (.text:ADC_isBaseValid)

.text.3    0    00009000    00000202     
                  00009000    00000024     driverlib_eabi.lib : epwm.obj (.text:EPWM_setCounterCompareValue)
                  00009024    00000023     rts2800_fpu32_eabi.lib : fd_tofsfpu32.asm.obj (.text)
                  00009047    00000020     driverlib_eabi.lib : interrupt.obj (.text:Interrupt_initVectorTable)
                  00009067    0000001f                        : epwm.obj (.text:EPWM_setPhaseShift)
                  00009086    0000001d                        : epwm.obj (.text:EPWM_setClockPrescaler)
                  000090a3    0000001d     rts2800_fpu32_eabi.lib : memcpy.c.obj (.text)
                  000090c0    0000001c                            : fs_tofdfpu32.asm.obj (.text)
                  000090dc    0000001a     driverlib_eabi.lib : sysctl.obj (.text:SysCtl_getLowSpeedClock)
                  000090f6    00000017                        : gpio.obj (.text:XBAR_setInputPin)
                  0000910d    00000017     rts2800_fpu32_eabi.lib : boot28.asm.obj (.text)
                  00009124    00000015     driverlib_eabi.lib : epwm.obj (.text:EPWM_setTimeBaseCounterMode)
                  00009139    00000015                        : epwm.obj (.text:EPWM_setTimeBasePeriod)
                  0000914e    00000013                        : epwm.obj (.text:EPWM_setTimeBaseCounter)
                  00009161    00000012                        : epwm.obj (.text:EPWM_disablePhaseShiftLoad)
                  00009173    0000000e                        : interrupt.obj (.text:Interrupt_defaultHandler)
                  00009181    0000000e     rts2800_fpu32_eabi.lib : fd_sub28.asm.obj (.text)
                  0000918f    0000000d     driverlib_eabi.lib : interrupt.obj (.text:Interrupt_disableMaster)
                  0000919c    0000000d                        : interrupt.obj (.text:Interrupt_enableMaster)
                  000091a9    0000000d     rts2800_fpu32_eabi.lib : copy_zero_init.c.obj (.text:decompress:ZI:__TI_zero_init_nomemset)
                  000091b6    0000000c     driverlib_eabi.lib : epwm.obj (.text:SysCtl_setEPWMClockDivider)
                  000091c2    0000000c     rts2800_fpu32_eabi.lib : args_main.c.obj (.text)
                  000091ce    0000000b     driverlib_eabi.lib : sysctl.obj (.text:SysCtl_isMCDClockFailureDetected)
                  000091d9    00000009                        : sysctl.obj (.text:SysCtl_serviceWatchdog)
                  000091e2    00000009     rts2800_fpu32_eabi.lib : _lock.c.obj (.text)
                  000091eb    00000008     F2837xD_CodeStartBranch.obj (.text)
                  000091f3    00000008     rts2800_fpu32_eabi.lib : copy_decompress_none.c.obj (.text:decompress:none)
                  000091fb    00000002     driverlib_eabi.lib : interrupt.obj (.text:Interrupt_illegalOperationHandler)
                  000091fd    00000002                        : interrupt.obj (.text:Interrupt_nmiHandler)
                  000091ff    00000002     rts2800_fpu32_eabi.lib : pre_init.c.obj (.text)
                  00009201    00000001                            : startup.c.obj (.text)

.text.4    0    0000b000    00000800     
                  0000b000    000007af     main.obj (.text)
                  0000b7af    00000051     driverlib_eabi.lib : sysctl.obj (.text:SysCtl_getClock)

MODULE SUMMARY

       Module                        code   ro data   rw data
       ------                        ----   -------   -------
    .\
       main.obj                      2134   225       21     
       board.obj                     130    0         0      
    +--+-----------------------------+------+---------+---------+
       Total:                        2264   225       21     
                                                             
    .\device\
       device.obj                    1031   19        6      
       F2837xD_CodeStartBranch.obj   10     0         0      
    +--+-----------------------------+------+---------+---------+
       Total:                        1041   19        6      
                                                             
    C:\ti\C2000Ware_3_03_00_00_Software\driverlib\f2837xd\driverlib\ccs\Debug\driverlib_eabi.lib
       epwm.obj                      919    239       0      
       sysctl.obj                    872    121       0      
       gpio.obj                      387    239       0      
       adc.obj                       220    118       0      
       interrupt.obj                 189    0         0      
    +--+-----------------------------+------+---------+---------+
       Total:                        2587   717       0      
                                                             
    C:\ti\ccs1011\ccs\tools\compiler\ti-cgt-c2000_20.2.1.LTS\lib\rts2800_fpu32_eabi.lib
       fd_add28.asm.obj              156    0         0      
       fs_div28.asm.obj              136    0         0      
       fd_mpy28.asm.obj              131    0         0      
       copy_decompress_lzss.c.obj    49     0         0      
       exit.c.obj                    41     0         6      
       autoinit.c.obj                43     0         0      
       fd_cmp28.asm.obj              42     0         0      
       fd_tofsfpu32.asm.obj          35     0         0      
       memcpy.c.obj                  29     0         0      
       fs_tofdfpu32.asm.obj          28     0         0      
       boot28.asm.obj                23     0         0      
       fd_sub28.asm.obj              14     0         0      
       _lock.c.obj                   9      0         4      
       copy_zero_init.c.obj          13     0         0      
       args_main.c.obj               12     0         0      
       copy_decompress_none.c.obj    8      0         0      
       pre_init.c.obj                2      0         0      
       startup.c.obj                 1      0         0      
    +--+-----------------------------+------+---------+---------+
       Total:                        772    0         10     
                                                             
       Stack:                        0      0         256    
       Linker Generated:             0      41        0      
    +--+-----------------------------+------+---------+---------+
       Grand Total:                  6664   1002      293    


LINKER GENERATED COPY TABLES

__TI_cinit_table @ 0000014c records: 2, size/record: 4, table size: 8
	.data: load addr=00000128, load size=00000017 bytes, run addr=0000abc6, run size=00000024 bytes, compression=lzss
	.bss: load addr=00000146, load size=00000004 bytes, run addr=0000abea, run size=00000001 bytes, compression=zero_init


LINKER GENERATED HANDLER TABLE

__TI_handler_table @ 00000140 records: 3, size/record: 2, table size: 6
	index: 0, handler: __TI_zero_init
	index: 1, handler: __TI_decompress_lzss
	index: 2, handler: __TI_decompress_none


GLOBAL DATA SYMBOLS: SORTED BY DATA PAGE

address     data page           name
--------    ----------------    ----
00000400      10 (00000400)     __stack

0000abc6     2af (0000abc0)     direction
0000abc7     2af (0000abc0)     enable
0000abca     2af (0000abc0)     duty_cycle
0000abcc     2af (0000abc0)     pwmSignal
0000abda     2af (0000abc0)     Example_Result
0000abdc     2af (0000abc0)     Example_PassCount
0000abde     2af (0000abc0)     Example_Fail
0000abe0     2af (0000abc0)     __TI_enable_exit_profile_output
0000abe2     2af (0000abc0)     __TI_cleanup_ptr
0000abe4     2af (0000abc0)     __TI_dtors_ptr
0000abe6     2af (0000abc0)     _lock
0000abe8     2af (0000abc0)     _unlock
0000abea     2af (0000abc0)     adcAResult1


GLOBAL SYMBOLS: SORTED ALPHABETICALLY BY Name 

page  address   name                                     
----  -------   ----                                     
0     00008626  ADC_setMode                              
0     00008bba  Board_init                               
0     00008fb8  C$$EXIT                                  
0     0000827b  Device_bootCPU2                          
0     0000824a  Device_configureTMXAnalogTrim            
0     000080ee  Device_enableAllPeripherals              
0     00008234  Device_enableUnbondedGPIOPullups         
0     00008211  Device_enableUnbondedGPIOPullupsFor100Pin
0     000081fa  Device_enableUnbondedGPIOPullupsFor176Pin
0     000080ac  Device_init                              
0     000081d9  Device_initGPIO                          
0     00008800  EPWM_configureSignal                     
1     0000abde  Example_Fail                             
1     0000abdc  Example_PassCount                        
1     0000abda  Example_Result                           
0     00008406  Example_done                             
0     00008401  Example_setResultFail                    
0     000083fc  Example_setResultPass                    
0     00008bec  GPIO_init                                
0     00008f01  GPIO_setDirectionMode                    
0     00008e99  GPIO_setInterruptPin                     
0     00008df2  GPIO_setMasterCore                       
0     00008c9a  GPIO_setPadConfig                        
0     00008e62  GPIO_setPinConfig                        
0     00008e2a  GPIO_setQualificationMode                
0     00008ecd  Interrupt_enable                         
0     00008db5  Interrupt_initModule                     
0     00009047  Interrupt_initVectorTable                
0     00008bc1  PinMux_init                              
0     00000123  SysCtl_delay                             
0     0000b7af  SysCtl_getClock                          
0     0000878a  SysCtl_getDeviceParametric               
0     000090dc  SysCtl_getLowSpeedClock                  
0     00008c3c  SysCtl_selectOscSource                   
0     00008407  SysCtl_setClock                          
0     0000014c  __TI_CINIT_Base                          
0     00000154  __TI_CINIT_Limit                         
0     00000140  __TI_Handler_Table_Base                  
0     00000146  __TI_Handler_Table_Limit                 
1     00000500  __TI_STACK_END                           
abs   00000100  __TI_STACK_SIZE                          
0     00008f63  __TI_auto_init_nobinit_nopinit           
1     0000abe2  __TI_cleanup_ptr                         
0     00008f32  __TI_decompress_lzss                     
0     000091f3  __TI_decompress_none                     
1     0000abe4  __TI_dtors_ptr                           
1     0000abe0  __TI_enable_exit_profile_output          
abs   ffffffff  __TI_pprof_out_hndl                      
abs   ffffffff  __TI_prof_data_size                      
abs   ffffffff  __TI_prof_data_start                     
0     000091a9  __TI_zero_init_nomemset                  
0     00008a13  __c28xabi_addd                           
0     00008f8e  __c28xabi_cmpd                           
0     00008aaf  __c28xabi_divf                           
0     00009024  __c28xabi_dtof                           
0     000090c0  __c28xabi_ftod                           
0     00008b37  __c28xabi_mpyd                           
0     00009181  __c28xabi_subd                           
n/a   UNDEFED   __c_args__                               
0     000083f5  __error__                                
1     00000400  __stack                                  
0     000091c2  _args_main                               
0     0000910d  _c_int00                                 
1     0000abe6  _lock                                    
0     000091ea  _nop                                     
0     000091e6  _register_lock                           
0     000091e2  _register_unlock                         
0     00009201  _system_post_cinit                       
0     000091ff  _system_pre_init                         
1     0000abe8  _unlock                                  
0     00008fb8  abort                                    
1     0000abea  adcAResult1                              
0     00000000  code_start                               
0     0000b4b9  configurePhase                           
1     0000abc6  direction                                
1     0000abca  duty_cycle                               
1     0000abc7  enable                                   
0     00008fba  exit                                     
0     000086e3  gpioInterruptHandler                     
0     0000b75c  initADCSOCs                              
0     0000b726  initADCs                                 
0     0000b310  main                                     
0     000090a3  memcpy                                   
1     0000abcc  pwmSignal                                
0     0000b473  set_duty_cycle                           
0     0000b4f1  switch_state_machine                     


GLOBAL SYMBOLS: SORTED BY Symbol Address 

page  address   name                                     
----  -------   ----                                     
0     00000000  code_start                               
0     00000123  SysCtl_delay                             
0     00000140  __TI_Handler_Table_Base                  
0     00000146  __TI_Handler_Table_Limit                 
0     0000014c  __TI_CINIT_Base                          
0     00000154  __TI_CINIT_Limit                         
0     000080ac  Device_init                              
0     000080ee  Device_enableAllPeripherals              
0     000081d9  Device_initGPIO                          
0     000081fa  Device_enableUnbondedGPIOPullupsFor176Pin
0     00008211  Device_enableUnbondedGPIOPullupsFor100Pin
0     00008234  Device_enableUnbondedGPIOPullups         
0     0000824a  Device_configureTMXAnalogTrim            
0     0000827b  Device_bootCPU2                          
0     000083f5  __error__                                
0     000083fc  Example_setResultPass                    
0     00008401  Example_setResultFail                    
0     00008406  Example_done                             
0     00008407  SysCtl_setClock                          
0     00008626  ADC_setMode                              
0     000086e3  gpioInterruptHandler                     
0     0000878a  SysCtl_getDeviceParametric               
0     00008800  EPWM_configureSignal                     
0     00008a13  __c28xabi_addd                           
0     00008aaf  __c28xabi_divf                           
0     00008b37  __c28xabi_mpyd                           
0     00008bba  Board_init                               
0     00008bc1  PinMux_init                              
0     00008bec  GPIO_init                                
0     00008c3c  SysCtl_selectOscSource                   
0     00008c9a  GPIO_setPadConfig                        
0     00008db5  Interrupt_initModule                     
0     00008df2  GPIO_setMasterCore                       
0     00008e2a  GPIO_setQualificationMode                
0     00008e62  GPIO_setPinConfig                        
0     00008e99  GPIO_setInterruptPin                     
0     00008ecd  Interrupt_enable                         
0     00008f01  GPIO_setDirectionMode                    
0     00008f32  __TI_decompress_lzss                     
0     00008f63  __TI_auto_init_nobinit_nopinit           
0     00008f8e  __c28xabi_cmpd                           
0     00008fb8  C$$EXIT                                  
0     00008fb8  abort                                    
0     00008fba  exit                                     
0     00009024  __c28xabi_dtof                           
0     00009047  Interrupt_initVectorTable                
0     000090a3  memcpy                                   
0     000090c0  __c28xabi_ftod                           
0     000090dc  SysCtl_getLowSpeedClock                  
0     0000910d  _c_int00                                 
0     00009181  __c28xabi_subd                           
0     000091a9  __TI_zero_init_nomemset                  
0     000091c2  _args_main                               
0     000091e2  _register_unlock                         
0     000091e6  _register_lock                           
0     000091ea  _nop                                     
0     000091f3  __TI_decompress_none                     
0     000091ff  _system_pre_init                         
0     00009201  _system_post_cinit                       
0     0000b310  main                                     
0     0000b473  set_duty_cycle                           
0     0000b4b9  configurePhase                           
0     0000b4f1  switch_state_machine                     
0     0000b726  initADCs                                 
0     0000b75c  initADCSOCs                              
0     0000b7af  SysCtl_getClock                          
1     00000400  __stack                                  
1     00000500  __TI_STACK_END                           
1     0000abc6  direction                                
1     0000abc7  enable                                   
1     0000abca  duty_cycle                               
1     0000abcc  pwmSignal                                
1     0000abda  Example_Result                           
1     0000abdc  Example_PassCount                        
1     0000abde  Example_Fail                             
1     0000abe0  __TI_enable_exit_profile_output          
1     0000abe2  __TI_cleanup_ptr                         
1     0000abe4  __TI_dtors_ptr                           
1     0000abe6  _lock                                    
1     0000abe8  _unlock                                  
1     0000abea  adcAResult1                              
abs   00000100  __TI_STACK_SIZE                          
abs   ffffffff  __TI_pprof_out_hndl                      
abs   ffffffff  __TI_prof_data_size                      
abs   ffffffff  __TI_prof_data_start                     
n/a   UNDEFED   __c_args__                               

[86 symbols]
