******************************************************************************
             TMS320C2000 Linker PC v20.2.1                     
******************************************************************************
>> Linked Wed Nov 18 14:17:08 2020

OUTPUT FILE NAME:   <emote-controller_driverlib.out>
ENTRY POINT SYMBOL: "code_start"  address: 00000000


MEMORY CONFIGURATION

         name            origin    length      used     unused   attr    fill
----------------------  --------  ---------  --------  --------  ----  --------
PAGE 0:
  BEGIN                 00000000   00000002  00000002  00000000  RWIX
  RAMM0                 00000123   000002dd  00000030  000002ad  RWIX
  RAMLS0                00008000   00000800  00000800  00000000  RWIX
  RAMLS1                00008800   00000800  000007fb  00000005  RWIX
  RAMLS2                00009000   00000800  000000ee  00000712  RWIX
  RAMLS3                00009800   00000800  00000000  00000800  RWIX
  RAMLS4                0000a000   00000800  00000000  00000800  RWIX
  RAMD0                 0000b000   00000800  00000800  00000000  RWIX
  RESET                 003fffc0   00000002  00000000  00000002  RWIX

PAGE 1:
  BOOT_RSVD             00000002   00000121  00000000  00000121  RWIX
  RAMM1                 00000400   000003f8  00000100  000002f8  RWIX
  RAMLS5                0000a800   00000800  000003e7  00000419  RWIX
  RAMD1                 0000b800   00000800  00000000  00000800  RWIX
  RAMGS0                0000c000   00001000  00000000  00001000  RWIX
  RAMGS1                0000d000   00001000  00000000  00001000  RWIX
  RAMGS2                0000e000   00001000  00000000  00001000  RWIX
  RAMGS3                0000f000   00001000  00000000  00001000  RWIX
  RAMGS4                00010000   00001000  00000000  00001000  RWIX
  RAMGS5                00011000   00001000  00000000  00001000  RWIX
  RAMGS6                00012000   00001000  00000000  00001000  RWIX
  RAMGS7                00013000   00001000  00000000  00001000  RWIX
  RAMGS8                00014000   00001000  00000000  00001000  RWIX
  RAMGS9                00015000   00001000  00000000  00001000  RWIX
  RAMGS10               00016000   00001000  00000000  00001000  RWIX
  RAMGS11               00017000   00001000  00000000  00001000  RWIX
  RAMGS12               00018000   00001000  00000000  00001000  RWIX
  RAMGS13               00019000   00001000  00000000  00001000  RWIX
  RAMGS14               0001a000   00001000  00000000  00001000  RWIX
  RAMGS15               0001b000   00000ff8  00000000  00000ff8  RWIX
  CPU2TOCPU1RAM         0003f800   00000400  00000000  00000400  RWIX
  CPU1TOCPU2RAM         0003fc00   00000400  00000000  00000400  RWIX
  CANA_MSG_RAM          00049000   00000800  00000000  00000800  RWIX
  CANB_MSG_RAM          0004b000   00000800  00000000  00000800  RWIX


SECTION ALLOCATION MAP

 output                                  attributes/
section   page    origin      length       input sections
--------  ----  ----------  ----------   ----------------
codestart 
*          0    00000000    00000002     
                  00000000    00000002     F2837xD_CodeStartBranch.obj (codestart)

.cinit     0    00000128    0000002c     
                  00000128    00000017     (.cinit..data.load) [load image, compression = lzss]
                  0000013f    00000001     --HOLE-- [fill = 0]
                  00000140    00000006     (__TI_handler_table)
                  00000146    00000004     (.cinit..bss.load) [load image, compression = zero_init]
                  0000014a    00000002     --HOLE-- [fill = 0]
                  0000014c    00000008     (__TI_cinit_table)

.reset     0    003fffc0    00000000     DSECT

.stack     1    00000400    00000100     UNINITIALIZED
                  00000400    00000100     --HOLE--

.bss       1    0000abe6    00000001     UNINITIALIZED
                  0000abe6    00000001     main.obj (.bss)

.init_array 
*          0    00000123    00000000     UNINITIALIZED

.const     1    0000a800    000003c2     
                  0000a800    000000ef     driverlib_eabi.lib : epwm.obj (.const:.string)
                  0000a8ef    00000001     --HOLE-- [fill = 0]
                  0000a8f0    000000ef                        : gpio.obj (.const:.string)
                  0000a9df    00000001     --HOLE-- [fill = 0]
                  0000a9e0    000000d5     main.obj (.const:.string)
                  0000aab5    00000001     --HOLE-- [fill = 0]
                  0000aab6    00000079     driverlib_eabi.lib : sysctl.obj (.const:.string)
                  0000ab2f    00000001     --HOLE-- [fill = 0]
                  0000ab30    00000076                        : adc.obj (.const:.string)
                  0000aba6    00000013     device.obj (.const:.string)
                  0000abb9    00000001     --HOLE-- [fill = 0]
                  0000abba    00000008     main.obj (.const)

.data      1    0000abc2    00000024     UNINITIALIZED
                  0000abc2    00000014     main.obj (.data)
                  0000abd6    00000006     device.obj (.data)
                  0000abdc    00000006     rts2800_fpu32_eabi.lib : exit.c.obj (.data)
                  0000abe2    00000002                            : _lock.c.obj (.data:_lock)
                  0000abe4    00000002                            : _lock.c.obj (.data:_unlock)

.TI.ramfunc 
*          0    00000123    00000004     
                  00000123    00000004     driverlib_eabi.lib : sysctl.obj (.TI.ramfunc)

GETBUFFER 
*          0    0003f800    00000000     DSECT

GETWRITEIDX 
*          0    0003f800    00000000     DSECT

PUTREADIDX 
*          0    0003f800    00000000     DSECT

.text.1    0    00008000    00000800     
                  00008000    00000407     device.obj (.text)
                  00008407    0000021f     driverlib_eabi.lib : sysctl.obj (.text:SysCtl_setClock)
                  00008626    000000bd                        : adc.obj (.text:ADC_setMode)
                  000086e3    00000083     rts2800_fpu32_eabi.lib : fd_mpy28.asm.obj (.text)
                  00008766    00000082     board.obj (.text)
                  000087e8    00000017     driverlib_eabi.lib : gpio.obj (.text:XBAR_setInputPin)
                  000087ff    00000001     rts2800_fpu32_eabi.lib : startup.c.obj (.text)

.text.2    0    00008800    000007fb     
                  00008800    00000213     driverlib_eabi.lib : epwm.obj (.text:EPWM_configureSignal)
                  00008a13    00000075     main.obj (.text:retain)
                  00008a88    00000068     driverlib_eabi.lib : sysctl.obj (.text:SysCtl_getDeviceParametric)
                  00008af0    0000005e                        : sysctl.obj (.text:SysCtl_selectOscSource)
                  00008b4e    00000052                        : gpio.obj (.text:GPIO_setPadConfig)
                  00008ba0    00000051                        : sysctl.obj (.text:SysCtl_getClock)
                  00008bf1    00000047                        : epwm.obj (.text:EPWM_isBaseValid)
                  00008c38    00000043                        : epwm.obj (.text:EPWM_setActionQualifierAction)
                  00008c7b    0000003f                        : epwm.obj (.text:EPWM_setCounterCompareShadowLoadMode)
                  00008cba    0000003d                        : interrupt.obj (.text:Interrupt_initModule)
                  00008cf7    00000038                        : gpio.obj (.text:GPIO_setMasterCore)
                  00008d2f    00000038                        : gpio.obj (.text:GPIO_setQualificationMode)
                  00008d67    00000037                        : gpio.obj (.text:GPIO_setPinConfig)
                  00008d9e    00000034                        : gpio.obj (.text:GPIO_setInterruptPin)
                  00008dd2    00000034                        : interrupt.obj (.text:Interrupt_enable)
                  00008e06    00000031                        : gpio.obj (.text:GPIO_setDirectionMode)
                  00008e37    00000031     rts2800_fpu32_eabi.lib : copy_decompress_lzss.c.obj (.text:decompress:lzss)
                  00008e68    0000002b                            : autoinit.c.obj (.text:__TI_auto_init_nobinit_nopinit)
                  00008e93    0000002a                            : fd_cmp28.asm.obj (.text)
                  00008ebd    00000029                            : exit.c.obj (.text)
                  00008ee6    00000024     driverlib_eabi.lib : epwm.obj (.text:EPWM_setCounterCompareValue)
                  00008f0a    00000023     rts2800_fpu32_eabi.lib : fd_tofsfpu32.asm.obj (.text)
                  00008f2d    00000020     driverlib_eabi.lib : interrupt.obj (.text:Interrupt_initVectorTable)
                  00008f4d    0000001f                        : adc.obj (.text:ADC_isBaseValid)
                  00008f6c    0000001f                        : epwm.obj (.text:EPWM_setPhaseShift)
                  00008f8b    0000001d                        : epwm.obj (.text:EPWM_setClockPrescaler)
                  00008fa8    0000001d     rts2800_fpu32_eabi.lib : memcpy.c.obj (.text)
                  00008fc5    0000001c                            : fs_tofdfpu32.asm.obj (.text)
                  00008fe1    0000001a     driverlib_eabi.lib : sysctl.obj (.text:SysCtl_getLowSpeedClock)

.text.3    0    00009000    000000ee     
                  00009000    00000017     rts2800_fpu32_eabi.lib : boot28.asm.obj (.text)
                  00009017    00000015     driverlib_eabi.lib : epwm.obj (.text:EPWM_setTimeBaseCounterMode)
                  0000902c    00000015                        : epwm.obj (.text:EPWM_setTimeBasePeriod)
                  00009041    00000013                        : epwm.obj (.text:EPWM_setTimeBaseCounter)
                  00009054    00000012                        : epwm.obj (.text:EPWM_disablePhaseShiftLoad)
                  00009066    0000000e                        : gpio.obj (.text:GPIO_isPinValid)
                  00009074    0000000e                        : interrupt.obj (.text:Interrupt_defaultHandler)
                  00009082    0000000d                        : interrupt.obj (.text:Interrupt_disableMaster)
                  0000908f    0000000d                        : interrupt.obj (.text:Interrupt_enableMaster)
                  0000909c    0000000d     rts2800_fpu32_eabi.lib : copy_zero_init.c.obj (.text:decompress:ZI:__TI_zero_init_nomemset)
                  000090a9    0000000c     driverlib_eabi.lib : epwm.obj (.text:SysCtl_setEPWMClockDivider)
                  000090b5    0000000c     rts2800_fpu32_eabi.lib : args_main.c.obj (.text)
                  000090c1    0000000b     driverlib_eabi.lib : sysctl.obj (.text:SysCtl_isMCDClockFailureDetected)
                  000090cc    00000009                        : sysctl.obj (.text:SysCtl_serviceWatchdog)
                  000090d5    00000009     rts2800_fpu32_eabi.lib : _lock.c.obj (.text)
                  000090de    00000008     F2837xD_CodeStartBranch.obj (.text)
                  000090e6    00000008     rts2800_fpu32_eabi.lib : copy_decompress_none.c.obj (.text:decompress:none)

.text.4    0    0000b000    00000800     
                  0000b000    00000772     main.obj (.text)
                  0000b772    00000088     rts2800_fpu32_eabi.lib : fs_div28.asm.obj (.text)
                  0000b7fa    00000002     driverlib_eabi.lib : interrupt.obj (.text:Interrupt_illegalOperationHandler)
                  0000b7fc    00000002                        : interrupt.obj (.text:Interrupt_nmiHandler)
                  0000b7fe    00000002     rts2800_fpu32_eabi.lib : pre_init.c.obj (.text)

MODULE SUMMARY

       Module                        code   ro data   rw data
       ------                        ----   -------   -------
    .\
       main.obj                      2023   221       21     
       board.obj                     130    0         0      
    +--+-----------------------------+------+---------+---------+
       Total:                        2153   221       21     
                                                             
    .\device\
       device.obj                    1031   19        6      
       F2837xD_CodeStartBranch.obj   10     0         0      
    +--+-----------------------------+------+---------+---------+
       Total:                        1041   19        6      
                                                             
    C:\ti\C2000Ware_3_03_00_00_Software\driverlib\f2837xd\driverlib\ccs\Debug\driverlib_eabi.lib
       epwm.obj                      919    239       0      
       sysctl.obj                    872    121       0      
       gpio.obj                      387    239       0      
       adc.obj                       220    118       0      
       interrupt.obj                 189    0         0      
    +--+-----------------------------+------+---------+---------+
       Total:                        2587   717       0      
                                                             
    C:\ti\ccs1011\ccs\tools\compiler\ti-cgt-c2000_20.2.1.LTS\lib\rts2800_fpu32_eabi.lib
       fs_div28.asm.obj              136    0         0      
       fd_mpy28.asm.obj              131    0         0      
       copy_decompress_lzss.c.obj    49     0         0      
       exit.c.obj                    41     0         6      
       autoinit.c.obj                43     0         0      
       fd_cmp28.asm.obj              42     0         0      
       fd_tofsfpu32.asm.obj          35     0         0      
       memcpy.c.obj                  29     0         0      
       fs_tofdfpu32.asm.obj          28     0         0      
       boot28.asm.obj                23     0         0      
       _lock.c.obj                   9      0         4      
       copy_zero_init.c.obj          13     0         0      
       args_main.c.obj               12     0         0      
       copy_decompress_none.c.obj    8      0         0      
       pre_init.c.obj                2      0         0      
       startup.c.obj                 1      0         0      
    +--+-----------------------------+------+---------+---------+
       Total:                        602    0         10     
                                                             
       Stack:                        0      0         256    
       Linker Generated:             0      41        0      
    +--+-----------------------------+------+---------+---------+
       Grand Total:                  6383   998       293    


LINKER GENERATED COPY TABLES

__TI_cinit_table @ 0000014c records: 2, size/record: 4, table size: 8
	.data: load addr=00000128, load size=00000017 bytes, run addr=0000abc2, run size=00000024 bytes, compression=lzss
	.bss: load addr=00000146, load size=00000004 bytes, run addr=0000abe6, run size=00000001 bytes, compression=zero_init


LINKER GENERATED HANDLER TABLE

__TI_handler_table @ 00000140 records: 3, size/record: 2, table size: 6
	index: 0, handler: __TI_zero_init
	index: 1, handler: __TI_decompress_lzss
	index: 2, handler: __TI_decompress_none


GLOBAL DATA SYMBOLS: SORTED BY DATA PAGE

address     data page           name
--------    ----------------    ----
00000400      10 (00000400)     __stack

0000abc2     2af (0000abc0)     direction
0000abc3     2af (0000abc0)     enable
0000abc6     2af (0000abc0)     duty_cycle
0000abc8     2af (0000abc0)     pwmSignal
0000abd6     2af (0000abc0)     Example_Result
0000abd8     2af (0000abc0)     Example_PassCount
0000abda     2af (0000abc0)     Example_Fail
0000abdc     2af (0000abc0)     __TI_enable_exit_profile_output
0000abde     2af (0000abc0)     __TI_cleanup_ptr
0000abe0     2af (0000abc0)     __TI_dtors_ptr
0000abe2     2af (0000abc0)     _lock
0000abe4     2af (0000abc0)     _unlock
0000abe6     2af (0000abc0)     adcAResult1


GLOBAL SYMBOLS: SORTED ALPHABETICALLY BY Name 

page  address   name                                     
----  -------   ----                                     
0     00008626  ADC_setMode                              
0     00008766  Board_init                               
0     00008ebd  C$$EXIT                                  
0     0000827b  Device_bootCPU2                          
0     0000824a  Device_configureTMXAnalogTrim            
0     000080ee  Device_enableAllPeripherals              
0     00008234  Device_enableUnbondedGPIOPullups         
0     00008211  Device_enableUnbondedGPIOPullupsFor100Pin
0     000081fa  Device_enableUnbondedGPIOPullupsFor176Pin
0     000080ac  Device_init                              
0     000081d9  Device_initGPIO                          
0     00008800  EPWM_configureSignal                     
1     0000abda  Example_Fail                             
1     0000abd8  Example_PassCount                        
1     0000abd6  Example_Result                           
0     00008406  Example_done                             
0     00008401  Example_setResultFail                    
0     000083fc  Example_setResultPass                    
0     00008798  GPIO_init                                
0     00008e06  GPIO_setDirectionMode                    
0     00008d9e  GPIO_setInterruptPin                     
0     00008cf7  GPIO_setMasterCore                       
0     00008b4e  GPIO_setPadConfig                        
0     00008d67  GPIO_setPinConfig                        
0     00008d2f  GPIO_setQualificationMode                
0     00008dd2  Interrupt_enable                         
0     00008cba  Interrupt_initModule                     
0     00008f2d  Interrupt_initVectorTable                
0     0000876d  PinMux_init                              
0     00000123  SysCtl_delay                             
0     00008ba0  SysCtl_getClock                          
0     00008a88  SysCtl_getDeviceParametric               
0     00008fe1  SysCtl_getLowSpeedClock                  
0     00008af0  SysCtl_selectOscSource                   
0     00008407  SysCtl_setClock                          
0     0000014c  __TI_CINIT_Base                          
0     00000154  __TI_CINIT_Limit                         
0     00000140  __TI_Handler_Table_Base                  
0     00000146  __TI_Handler_Table_Limit                 
1     00000500  __TI_STACK_END                           
abs   00000100  __TI_STACK_SIZE                          
0     00008e68  __TI_auto_init_nobinit_nopinit           
1     0000abde  __TI_cleanup_ptr                         
0     00008e37  __TI_decompress_lzss                     
0     000090e6  __TI_decompress_none                     
1     0000abe0  __TI_dtors_ptr                           
1     0000abdc  __TI_enable_exit_profile_output          
abs   ffffffff  __TI_pprof_out_hndl                      
abs   ffffffff  __TI_prof_data_size                      
abs   ffffffff  __TI_prof_data_start                     
0     0000909c  __TI_zero_init_nomemset                  
0     00008e93  __c28xabi_cmpd                           
0     0000b772  __c28xabi_divf                           
0     00008f0a  __c28xabi_dtof                           
0     00008fc5  __c28xabi_ftod                           
0     000086e3  __c28xabi_mpyd                           
n/a   UNDEFED   __c_args__                               
0     000083f5  __error__                                
1     00000400  __stack                                  
0     000090b5  _args_main                               
0     00009000  _c_int00                                 
1     0000abe2  _lock                                    
0     000090dd  _nop                                     
0     000090d9  _register_lock                           
0     000090d5  _register_unlock                         
0     000087ff  _system_post_cinit                       
0     0000b7fe  _system_pre_init                         
1     0000abe4  _unlock                                  
0     00008ebd  abort                                    
1     0000abe6  adcAResult1                              
0     00000000  code_start                               
0     0000b4a0  configurePhase                           
1     0000abc2  direction                                
1     0000abc6  duty_cycle                               
1     0000abc3  enable                                   
0     00008ebf  exit                                     
0     00008a13  gpioInterruptHandler                     
0     0000b71f  initADCSOCs                              
0     0000b6e9  initADCs                                 
0     0000b310  main                                     
0     00008fa8  memcpy                                   
1     0000abc8  pwmSignal                                
0     0000b45a  set_duty_cycle                           
0     0000b4d8  switch_state_machine                     


GLOBAL SYMBOLS: SORTED BY Symbol Address 

page  address   name                                     
----  -------   ----                                     
0     00000000  code_start                               
0     00000123  SysCtl_delay                             
0     00000140  __TI_Handler_Table_Base                  
0     00000146  __TI_Handler_Table_Limit                 
0     0000014c  __TI_CINIT_Base                          
0     00000154  __TI_CINIT_Limit                         
0     000080ac  Device_init                              
0     000080ee  Device_enableAllPeripherals              
0     000081d9  Device_initGPIO                          
0     000081fa  Device_enableUnbondedGPIOPullupsFor176Pin
0     00008211  Device_enableUnbondedGPIOPullupsFor100Pin
0     00008234  Device_enableUnbondedGPIOPullups         
0     0000824a  Device_configureTMXAnalogTrim            
0     0000827b  Device_bootCPU2                          
0     000083f5  __error__                                
0     000083fc  Example_setResultPass                    
0     00008401  Example_setResultFail                    
0     00008406  Example_done                             
0     00008407  SysCtl_setClock                          
0     00008626  ADC_setMode                              
0     000086e3  __c28xabi_mpyd                           
0     00008766  Board_init                               
0     0000876d  PinMux_init                              
0     00008798  GPIO_init                                
0     000087ff  _system_post_cinit                       
0     00008800  EPWM_configureSignal                     
0     00008a13  gpioInterruptHandler                     
0     00008a88  SysCtl_getDeviceParametric               
0     00008af0  SysCtl_selectOscSource                   
0     00008b4e  GPIO_setPadConfig                        
0     00008ba0  SysCtl_getClock                          
0     00008cba  Interrupt_initModule                     
0     00008cf7  GPIO_setMasterCore                       
0     00008d2f  GPIO_setQualificationMode                
0     00008d67  GPIO_setPinConfig                        
0     00008d9e  GPIO_setInterruptPin                     
0     00008dd2  Interrupt_enable                         
0     00008e06  GPIO_setDirectionMode                    
0     00008e37  __TI_decompress_lzss                     
0     00008e68  __TI_auto_init_nobinit_nopinit           
0     00008e93  __c28xabi_cmpd                           
0     00008ebd  C$$EXIT                                  
0     00008ebd  abort                                    
0     00008ebf  exit                                     
0     00008f0a  __c28xabi_dtof                           
0     00008f2d  Interrupt_initVectorTable                
0     00008fa8  memcpy                                   
0     00008fc5  __c28xabi_ftod                           
0     00008fe1  SysCtl_getLowSpeedClock                  
0     00009000  _c_int00                                 
0     0000909c  __TI_zero_init_nomemset                  
0     000090b5  _args_main                               
0     000090d5  _register_unlock                         
0     000090d9  _register_lock                           
0     000090dd  _nop                                     
0     000090e6  __TI_decompress_none                     
0     0000b310  main                                     
0     0000b45a  set_duty_cycle                           
0     0000b4a0  configurePhase                           
0     0000b4d8  switch_state_machine                     
0     0000b6e9  initADCs                                 
0     0000b71f  initADCSOCs                              
0     0000b772  __c28xabi_divf                           
0     0000b7fe  _system_pre_init                         
1     00000400  __stack                                  
1     00000500  __TI_STACK_END                           
1     0000abc2  direction                                
1     0000abc3  enable                                   
1     0000abc6  duty_cycle                               
1     0000abc8  pwmSignal                                
1     0000abd6  Example_Result                           
1     0000abd8  Example_PassCount                        
1     0000abda  Example_Fail                             
1     0000abdc  __TI_enable_exit_profile_output          
1     0000abde  __TI_cleanup_ptr                         
1     0000abe0  __TI_dtors_ptr                           
1     0000abe2  _lock                                    
1     0000abe4  _unlock                                  
1     0000abe6  adcAResult1                              
abs   00000100  __TI_STACK_SIZE                          
abs   ffffffff  __TI_pprof_out_hndl                      
abs   ffffffff  __TI_prof_data_size                      
abs   ffffffff  __TI_prof_data_start                     
n/a   UNDEFED   __c_args__                               

[84 symbols]
