<?xml version="1.0" encoding="ISO-8859-1" ?>
<link_info>
   <banner>TMS320C2000 Linker PC v20.2.1.LTS</banner>
   <copyright>Copyright (c) 1996-2018 Texas Instruments Incorporated</copyright>
   <link_time>0x5fba8915</link_time>
   <link_errors>0x0</link_errors>
   <output_file>emote-controller_driverlib.out</output_file>
   <entry_point>
      <name>code_start</name>
      <address>0x0</address>
   </entry_point>
   <input_file_list>
      <input_file id="fl-2">
         <path>.\</path>
         <kind>object</kind>
         <file>Trigger3ADCs.obj</file>
         <name>Trigger3ADCs.obj</name>
      </input_file>
      <input_file id="fl-3">
         <path>.\</path>
         <kind>object</kind>
         <file>board.obj</file>
         <name>board.obj</name>
      </input_file>
      <input_file id="fl-4">
         <path>.\</path>
         <kind>object</kind>
         <file>main.obj</file>
         <name>main.obj</name>
      </input_file>
      <input_file id="fl-5">
         <path>.\</path>
         <kind>object</kind>
         <file>sampling.obj</file>
         <name>sampling.obj</name>
      </input_file>
      <input_file id="fl-6">
         <path>.\device\</path>
         <kind>object</kind>
         <file>F2837xD_CodeStartBranch.obj</file>
         <name>F2837xD_CodeStartBranch.obj</name>
      </input_file>
      <input_file id="fl-7">
         <path>.\device\</path>
         <kind>object</kind>
         <file>device.obj</file>
         <name>device.obj</name>
      </input_file>
      <input_file id="fl-c">
         <kind>object</kind>
         <file>&lt;internal&gt;</file>
         <name>&lt;internal&gt;</name>
      </input_file>
      <input_file id="fl-10">
         <path>C:\ti\C2000Ware_3_03_00_00_Software\driverlib\f2837xd\driverlib\ccs\Debug\</path>
         <kind>archive</kind>
         <file>driverlib_eabi.lib</file>
         <name>adc.obj</name>
      </input_file>
      <input_file id="fl-11">
         <path>C:\ti\C2000Ware_3_03_00_00_Software\driverlib\f2837xd\driverlib\ccs\Debug\</path>
         <kind>archive</kind>
         <file>driverlib_eabi.lib</file>
         <name>epwm.obj</name>
      </input_file>
      <input_file id="fl-12">
         <path>C:\ti\C2000Ware_3_03_00_00_Software\driverlib\f2837xd\driverlib\ccs\Debug\</path>
         <kind>archive</kind>
         <file>driverlib_eabi.lib</file>
         <name>gpio.obj</name>
      </input_file>
      <input_file id="fl-13">
         <path>C:\ti\C2000Ware_3_03_00_00_Software\driverlib\f2837xd\driverlib\ccs\Debug\</path>
         <kind>archive</kind>
         <file>driverlib_eabi.lib</file>
         <name>interrupt.obj</name>
      </input_file>
      <input_file id="fl-14">
         <path>C:\ti\C2000Ware_3_03_00_00_Software\driverlib\f2837xd\driverlib\ccs\Debug\</path>
         <kind>archive</kind>
         <file>driverlib_eabi.lib</file>
         <name>sysctl.obj</name>
      </input_file>
      <input_file id="fl-20">
         <path>C:\ti\ccs1011\ccs\tools\compiler\ti-cgt-c2000_20.2.1.LTS\lib\</path>
         <kind>archive</kind>
         <file>rts2800_fpu32_eabi.lib</file>
         <name>printf.c.obj</name>
      </input_file>
      <input_file id="fl-21">
         <path>C:\ti\ccs1011\ccs\tools\compiler\ti-cgt-c2000_20.2.1.LTS\lib\</path>
         <kind>archive</kind>
         <file>rts2800_fpu32_eabi.lib</file>
         <name>_printfi.c.obj</name>
      </input_file>
      <input_file id="fl-22">
         <path>C:\ti\ccs1011\ccs\tools\compiler\ti-cgt-c2000_20.2.1.LTS\lib\</path>
         <kind>archive</kind>
         <file>rts2800_fpu32_eabi.lib</file>
         <name>fputc.c.obj</name>
      </input_file>
      <input_file id="fl-23">
         <path>C:\ti\ccs1011\ccs\tools\compiler\ti-cgt-c2000_20.2.1.LTS\lib\</path>
         <kind>archive</kind>
         <file>rts2800_fpu32_eabi.lib</file>
         <name>fputs.c.obj</name>
      </input_file>
      <input_file id="fl-24">
         <path>C:\ti\ccs1011\ccs\tools\compiler\ti-cgt-c2000_20.2.1.LTS\lib\</path>
         <kind>archive</kind>
         <file>rts2800_fpu32_eabi.lib</file>
         <name>_io_perm.c.obj</name>
      </input_file>
      <input_file id="fl-25">
         <path>C:\ti\ccs1011\ccs\tools\compiler\ti-cgt-c2000_20.2.1.LTS\lib\</path>
         <kind>archive</kind>
         <file>rts2800_fpu32_eabi.lib</file>
         <name>setvbuf.c.obj</name>
      </input_file>
      <input_file id="fl-26">
         <path>C:\ti\ccs1011\ccs\tools\compiler\ti-cgt-c2000_20.2.1.LTS\lib\</path>
         <kind>archive</kind>
         <file>rts2800_fpu32_eabi.lib</file>
         <name>boot28.asm.obj</name>
      </input_file>
      <input_file id="fl-27">
         <path>C:\ti\ccs1011\ccs\tools\compiler\ti-cgt-c2000_20.2.1.LTS\lib\</path>
         <kind>archive</kind>
         <file>rts2800_fpu32_eabi.lib</file>
         <name>fd_cmp28.asm.obj</name>
      </input_file>
      <input_file id="fl-28">
         <path>C:\ti\ccs1011\ccs\tools\compiler\ti-cgt-c2000_20.2.1.LTS\lib\</path>
         <kind>archive</kind>
         <file>rts2800_fpu32_eabi.lib</file>
         <name>fd_mpy28.asm.obj</name>
      </input_file>
      <input_file id="fl-29">
         <path>C:\ti\ccs1011\ccs\tools\compiler\ti-cgt-c2000_20.2.1.LTS\lib\</path>
         <kind>archive</kind>
         <file>rts2800_fpu32_eabi.lib</file>
         <name>fd_neg28.asm.obj</name>
      </input_file>
      <input_file id="fl-2a">
         <path>C:\ti\ccs1011\ccs\tools\compiler\ti-cgt-c2000_20.2.1.LTS\lib\</path>
         <kind>archive</kind>
         <file>rts2800_fpu32_eabi.lib</file>
         <name>fd_sub28.asm.obj</name>
      </input_file>
      <input_file id="fl-2b">
         <path>C:\ti\ccs1011\ccs\tools\compiler\ti-cgt-c2000_20.2.1.LTS\lib\</path>
         <kind>archive</kind>
         <file>rts2800_fpu32_eabi.lib</file>
         <name>fd_toi28.asm.obj</name>
      </input_file>
      <input_file id="fl-2c">
         <path>C:\ti\ccs1011\ccs\tools\compiler\ti-cgt-c2000_20.2.1.LTS\lib\</path>
         <kind>archive</kind>
         <file>rts2800_fpu32_eabi.lib</file>
         <name>fd_tol28.asm.obj</name>
      </input_file>
      <input_file id="fl-2d">
         <path>C:\ti\ccs1011\ccs\tools\compiler\ti-cgt-c2000_20.2.1.LTS\lib\</path>
         <kind>archive</kind>
         <file>rts2800_fpu32_eabi.lib</file>
         <name>fs_div28.asm.obj</name>
      </input_file>
      <input_file id="fl-2e">
         <path>C:\ti\ccs1011\ccs\tools\compiler\ti-cgt-c2000_20.2.1.LTS\lib\</path>
         <kind>archive</kind>
         <file>rts2800_fpu32_eabi.lib</file>
         <name>ll_aox28.asm.obj</name>
      </input_file>
      <input_file id="fl-2f">
         <path>C:\ti\ccs1011\ccs\tools\compiler\ti-cgt-c2000_20.2.1.LTS\lib\</path>
         <kind>archive</kind>
         <file>rts2800_fpu32_eabi.lib</file>
         <name>ll_cmp28.asm.obj</name>
      </input_file>
      <input_file id="fl-30">
         <path>C:\ti\ccs1011\ccs\tools\compiler\ti-cgt-c2000_20.2.1.LTS\lib\</path>
         <kind>archive</kind>
         <file>rts2800_fpu32_eabi.lib</file>
         <name>ll_div28.asm.obj</name>
      </input_file>
      <input_file id="fl-31">
         <path>C:\ti\ccs1011\ccs\tools\compiler\ti-cgt-c2000_20.2.1.LTS\lib\</path>
         <kind>archive</kind>
         <file>rts2800_fpu32_eabi.lib</file>
         <name>i_tofd28.asm.obj</name>
      </input_file>
      <input_file id="fl-32">
         <path>C:\ti\ccs1011\ccs\tools\compiler\ti-cgt-c2000_20.2.1.LTS\lib\</path>
         <kind>archive</kind>
         <file>rts2800_fpu32_eabi.lib</file>
         <name>l_tofd28.asm.obj</name>
      </input_file>
      <input_file id="fl-33">
         <path>C:\ti\ccs1011\ccs\tools\compiler\ti-cgt-c2000_20.2.1.LTS\lib\</path>
         <kind>archive</kind>
         <file>rts2800_fpu32_eabi.lib</file>
         <name>fd_div28.asm.obj</name>
      </input_file>
      <input_file id="fl-34">
         <path>C:\ti\ccs1011\ccs\tools\compiler\ti-cgt-c2000_20.2.1.LTS\lib\</path>
         <kind>archive</kind>
         <file>rts2800_fpu32_eabi.lib</file>
         <name>memcpy.c.obj</name>
      </input_file>
      <input_file id="fl-35">
         <path>C:\ti\ccs1011\ccs\tools\compiler\ti-cgt-c2000_20.2.1.LTS\lib\</path>
         <kind>archive</kind>
         <file>rts2800_fpu32_eabi.lib</file>
         <name>pre_init.c.obj</name>
      </input_file>
      <input_file id="fl-36">
         <path>C:\ti\ccs1011\ccs\tools\compiler\ti-cgt-c2000_20.2.1.LTS\lib\</path>
         <kind>archive</kind>
         <file>rts2800_fpu32_eabi.lib</file>
         <name>autoinit.c.obj</name>
      </input_file>
      <input_file id="fl-37">
         <path>C:\ti\ccs1011\ccs\tools\compiler\ti-cgt-c2000_20.2.1.LTS\lib\</path>
         <kind>archive</kind>
         <file>rts2800_fpu32_eabi.lib</file>
         <name>copy_zero_init.c.obj</name>
      </input_file>
      <input_file id="fl-38">
         <path>C:\ti\ccs1011\ccs\tools\compiler\ti-cgt-c2000_20.2.1.LTS\lib\</path>
         <kind>archive</kind>
         <file>rts2800_fpu32_eabi.lib</file>
         <name>copy_decompress_none.c.obj</name>
      </input_file>
      <input_file id="fl-39">
         <path>C:\ti\ccs1011\ccs\tools\compiler\ti-cgt-c2000_20.2.1.LTS\lib\</path>
         <kind>archive</kind>
         <file>rts2800_fpu32_eabi.lib</file>
         <name>copy_decompress_lzss.c.obj</name>
      </input_file>
      <input_file id="fl-3a">
         <path>C:\ti\ccs1011\ccs\tools\compiler\ti-cgt-c2000_20.2.1.LTS\lib\</path>
         <kind>archive</kind>
         <file>rts2800_fpu32_eabi.lib</file>
         <name>exit.c.obj</name>
      </input_file>
      <input_file id="fl-3b">
         <path>C:\ti\ccs1011\ccs\tools\compiler\ti-cgt-c2000_20.2.1.LTS\lib\</path>
         <kind>archive</kind>
         <file>rts2800_fpu32_eabi.lib</file>
         <name>_lock.c.obj</name>
      </input_file>
      <input_file id="fl-3c">
         <path>C:\ti\ccs1011\ccs\tools\compiler\ti-cgt-c2000_20.2.1.LTS\lib\</path>
         <kind>archive</kind>
         <file>rts2800_fpu32_eabi.lib</file>
         <name>_ltoa.c.obj</name>
      </input_file>
      <input_file id="fl-3d">
         <path>C:\ti\ccs1011\ccs\tools\compiler\ti-cgt-c2000_20.2.1.LTS\lib\</path>
         <kind>archive</kind>
         <file>rts2800_fpu32_eabi.lib</file>
         <name>args_main.c.obj</name>
      </input_file>
      <input_file id="fl-3e">
         <path>C:\ti\ccs1011\ccs\tools\compiler\ti-cgt-c2000_20.2.1.LTS\lib\</path>
         <kind>archive</kind>
         <file>rts2800_fpu32_eabi.lib</file>
         <name>atoi.c.obj</name>
      </input_file>
      <input_file id="fl-3f">
         <path>C:\ti\ccs1011\ccs\tools\compiler\ti-cgt-c2000_20.2.1.LTS\lib\</path>
         <kind>archive</kind>
         <file>rts2800_fpu32_eabi.lib</file>
         <name>ctype.c.obj</name>
      </input_file>
      <input_file id="fl-40">
         <path>C:\ti\ccs1011\ccs\tools\compiler\ti-cgt-c2000_20.2.1.LTS\lib\</path>
         <kind>archive</kind>
         <file>rts2800_fpu32_eabi.lib</file>
         <name>defs.c.obj</name>
      </input_file>
      <input_file id="fl-41">
         <path>C:\ti\ccs1011\ccs\tools\compiler\ti-cgt-c2000_20.2.1.LTS\lib\</path>
         <kind>archive</kind>
         <file>rts2800_fpu32_eabi.lib</file>
         <name>memccpy.c.obj</name>
      </input_file>
      <input_file id="fl-42">
         <path>C:\ti\ccs1011\ccs\tools\compiler\ti-cgt-c2000_20.2.1.LTS\lib\</path>
         <kind>archive</kind>
         <file>rts2800_fpu32_eabi.lib</file>
         <name>memchr.c.obj</name>
      </input_file>
      <input_file id="fl-43">
         <path>C:\ti\ccs1011\ccs\tools\compiler\ti-cgt-c2000_20.2.1.LTS\lib\</path>
         <kind>archive</kind>
         <file>rts2800_fpu32_eabi.lib</file>
         <name>memory.c.obj</name>
      </input_file>
      <input_file id="fl-44">
         <path>C:\ti\ccs1011\ccs\tools\compiler\ti-cgt-c2000_20.2.1.LTS\lib\</path>
         <kind>archive</kind>
         <file>rts2800_fpu32_eabi.lib</file>
         <name>memset.c.obj</name>
      </input_file>
      <input_file id="fl-45">
         <path>C:\ti\ccs1011\ccs\tools\compiler\ti-cgt-c2000_20.2.1.LTS\lib\</path>
         <kind>archive</kind>
         <file>rts2800_fpu32_eabi.lib</file>
         <name>strchr.c.obj</name>
      </input_file>
      <input_file id="fl-46">
         <path>C:\ti\ccs1011\ccs\tools\compiler\ti-cgt-c2000_20.2.1.LTS\lib\</path>
         <kind>archive</kind>
         <file>rts2800_fpu32_eabi.lib</file>
         <name>strcpy.c.obj</name>
      </input_file>
      <input_file id="fl-47">
         <path>C:\ti\ccs1011\ccs\tools\compiler\ti-cgt-c2000_20.2.1.LTS\lib\</path>
         <kind>archive</kind>
         <file>rts2800_fpu32_eabi.lib</file>
         <name>strlen.c.obj</name>
      </input_file>
      <input_file id="fl-48">
         <path>C:\ti\ccs1011\ccs\tools\compiler\ti-cgt-c2000_20.2.1.LTS\lib\</path>
         <kind>archive</kind>
         <file>rts2800_fpu32_eabi.lib</file>
         <name>write.c.obj</name>
      </input_file>
      <input_file id="fl-49">
         <path>C:\ti\ccs1011\ccs\tools\compiler\ti-cgt-c2000_20.2.1.LTS\lib\</path>
         <kind>archive</kind>
         <file>rts2800_fpu32_eabi.lib</file>
         <name>host_device.c.obj</name>
      </input_file>
      <input_file id="fl-4a">
         <path>C:\ti\ccs1011\ccs\tools\compiler\ti-cgt-c2000_20.2.1.LTS\lib\</path>
         <kind>archive</kind>
         <file>rts2800_fpu32_eabi.lib</file>
         <name>errno.c.obj</name>
      </input_file>
      <input_file id="fl-4b">
         <path>C:\ti\ccs1011\ccs\tools\compiler\ti-cgt-c2000_20.2.1.LTS\lib\</path>
         <kind>archive</kind>
         <file>rts2800_fpu32_eabi.lib</file>
         <name>s_frexp.c.obj</name>
      </input_file>
      <input_file id="fl-4c">
         <path>C:\ti\ccs1011\ccs\tools\compiler\ti-cgt-c2000_20.2.1.LTS\lib\</path>
         <kind>archive</kind>
         <file>rts2800_fpu32_eabi.lib</file>
         <name>s_scalbn.c.obj</name>
      </input_file>
      <input_file id="fl-4d">
         <path>C:\ti\ccs1011\ccs\tools\compiler\ti-cgt-c2000_20.2.1.LTS\lib\</path>
         <kind>archive</kind>
         <file>rts2800_fpu32_eabi.lib</file>
         <name>wcslen.c.obj</name>
      </input_file>
      <input_file id="fl-4e">
         <path>C:\ti\ccs1011\ccs\tools\compiler\ti-cgt-c2000_20.2.1.LTS\lib\</path>
         <kind>archive</kind>
         <file>rts2800_fpu32_eabi.lib</file>
         <name>fflush.c.obj</name>
      </input_file>
      <input_file id="fl-4f">
         <path>C:\ti\ccs1011\ccs\tools\compiler\ti-cgt-c2000_20.2.1.LTS\lib\</path>
         <kind>archive</kind>
         <file>rts2800_fpu32_eabi.lib</file>
         <name>fopen.c.obj</name>
      </input_file>
      <input_file id="fl-50">
         <path>C:\ti\ccs1011\ccs\tools\compiler\ti-cgt-c2000_20.2.1.LTS\lib\</path>
         <kind>archive</kind>
         <file>rts2800_fpu32_eabi.lib</file>
         <name>fseek.c.obj</name>
      </input_file>
      <input_file id="fl-51">
         <path>C:\ti\ccs1011\ccs\tools\compiler\ti-cgt-c2000_20.2.1.LTS\lib\</path>
         <kind>archive</kind>
         <file>rts2800_fpu32_eabi.lib</file>
         <name>fd_add28.asm.obj</name>
      </input_file>
      <input_file id="fl-52">
         <path>C:\ti\ccs1011\ccs\tools\compiler\ti-cgt-c2000_20.2.1.LTS\lib\</path>
         <kind>archive</kind>
         <file>rts2800_fpu32_eabi.lib</file>
         <name>l_div28.asm.obj</name>
      </input_file>
      <input_file id="fl-53">
         <path>C:\ti\ccs1011\ccs\tools\compiler\ti-cgt-c2000_20.2.1.LTS\lib\</path>
         <kind>archive</kind>
         <file>rts2800_fpu32_eabi.lib</file>
         <name>cpy_tbl.c.obj</name>
      </input_file>
      <input_file id="fl-54">
         <path>C:\ti\ccs1011\ccs\tools\compiler\ti-cgt-c2000_20.2.1.LTS\lib\</path>
         <kind>archive</kind>
         <file>rts2800_fpu32_eabi.lib</file>
         <name>startup.c.obj</name>
      </input_file>
      <input_file id="fl-55">
         <path>C:\ti\ccs1011\ccs\tools\compiler\ti-cgt-c2000_20.2.1.LTS\lib\</path>
         <kind>archive</kind>
         <file>rts2800_fpu32_eabi.lib</file>
         <name>hostclose.c.obj</name>
      </input_file>
      <input_file id="fl-56">
         <path>C:\ti\ccs1011\ccs\tools\compiler\ti-cgt-c2000_20.2.1.LTS\lib\</path>
         <kind>archive</kind>
         <file>rts2800_fpu32_eabi.lib</file>
         <name>hostlseek.c.obj</name>
      </input_file>
      <input_file id="fl-57">
         <path>C:\ti\ccs1011\ccs\tools\compiler\ti-cgt-c2000_20.2.1.LTS\lib\</path>
         <kind>archive</kind>
         <file>rts2800_fpu32_eabi.lib</file>
         <name>hostopen.c.obj</name>
      </input_file>
      <input_file id="fl-58">
         <path>C:\ti\ccs1011\ccs\tools\compiler\ti-cgt-c2000_20.2.1.LTS\lib\</path>
         <kind>archive</kind>
         <file>rts2800_fpu32_eabi.lib</file>
         <name>hostread.c.obj</name>
      </input_file>
      <input_file id="fl-59">
         <path>C:\ti\ccs1011\ccs\tools\compiler\ti-cgt-c2000_20.2.1.LTS\lib\</path>
         <kind>archive</kind>
         <file>rts2800_fpu32_eabi.lib</file>
         <name>hostrename.c.obj</name>
      </input_file>
      <input_file id="fl-5a">
         <path>C:\ti\ccs1011\ccs\tools\compiler\ti-cgt-c2000_20.2.1.LTS\lib\</path>
         <kind>archive</kind>
         <file>rts2800_fpu32_eabi.lib</file>
         <name>hostunlink.c.obj</name>
      </input_file>
      <input_file id="fl-5b">
         <path>C:\ti\ccs1011\ccs\tools\compiler\ti-cgt-c2000_20.2.1.LTS\lib\</path>
         <kind>archive</kind>
         <file>rts2800_fpu32_eabi.lib</file>
         <name>hostwrite.c.obj</name>
      </input_file>
      <input_file id="fl-5c">
         <path>C:\ti\ccs1011\ccs\tools\compiler\ti-cgt-c2000_20.2.1.LTS\lib\</path>
         <kind>archive</kind>
         <file>rts2800_fpu32_eabi.lib</file>
         <name>trgmsg.c.obj</name>
      </input_file>
      <input_file id="fl-5d">
         <path>C:\ti\ccs1011\ccs\tools\compiler\ti-cgt-c2000_20.2.1.LTS\lib\</path>
         <kind>archive</kind>
         <file>rts2800_fpu32_eabi.lib</file>
         <name>open.c.obj</name>
      </input_file>
      <input_file id="fl-5e">
         <path>C:\ti\ccs1011\ccs\tools\compiler\ti-cgt-c2000_20.2.1.LTS\lib\</path>
         <kind>archive</kind>
         <file>rts2800_fpu32_eabi.lib</file>
         <name>lseek.c.obj</name>
      </input_file>
      <input_file id="fl-5f">
         <path>C:\ti\ccs1011\ccs\tools\compiler\ti-cgt-c2000_20.2.1.LTS\lib\</path>
         <kind>archive</kind>
         <file>rts2800_fpu32_eabi.lib</file>
         <name>s_copysign.c.obj</name>
      </input_file>
      <input_file id="fl-60">
         <path>C:\ti\ccs1011\ccs\tools\compiler\ti-cgt-c2000_20.2.1.LTS\lib\</path>
         <kind>archive</kind>
         <file>rts2800_fpu32_eabi.lib</file>
         <name>fclose.c.obj</name>
      </input_file>
      <input_file id="fl-61">
         <path>C:\ti\ccs1011\ccs\tools\compiler\ti-cgt-c2000_20.2.1.LTS\lib\</path>
         <kind>archive</kind>
         <file>rts2800_fpu32_eabi.lib</file>
         <name>getdevice.c.obj</name>
      </input_file>
      <input_file id="fl-62">
         <path>C:\ti\ccs1011\ccs\tools\compiler\ti-cgt-c2000_20.2.1.LTS\lib\</path>
         <kind>archive</kind>
         <file>rts2800_fpu32_eabi.lib</file>
         <name>strcmp.c.obj</name>
      </input_file>
      <input_file id="fl-63">
         <path>C:\ti\ccs1011\ccs\tools\compiler\ti-cgt-c2000_20.2.1.LTS\lib\</path>
         <kind>archive</kind>
         <file>rts2800_fpu32_eabi.lib</file>
         <name>strncpy.c.obj</name>
      </input_file>
      <input_file id="fl-64">
         <path>C:\ti\ccs1011\ccs\tools\compiler\ti-cgt-c2000_20.2.1.LTS\lib\</path>
         <kind>archive</kind>
         <file>rts2800_fpu32_eabi.lib</file>
         <name>remove.c.obj</name>
      </input_file>
      <input_file id="fl-65">
         <path>C:\ti\ccs1011\ccs\tools\compiler\ti-cgt-c2000_20.2.1.LTS\lib\</path>
         <kind>archive</kind>
         <file>rts2800_fpu32_eabi.lib</file>
         <name>close.c.obj</name>
      </input_file>
      <input_file id="fl-66">
         <path>C:\ti\ccs1011\ccs\tools\compiler\ti-cgt-c2000_20.2.1.LTS\lib\</path>
         <kind>archive</kind>
         <file>rts2800_fpu32_eabi.lib</file>
         <name>unlink.c.obj</name>
      </input_file>
   </input_file_list>
   <object_component_list>
      <object_component id="oc-2d">
         <name>codestart</name>
         <load_address>0x0</load_address>
         <run_address>0x0</run_address>
         <size>0x2</size>
         <input_file_ref idref="fl-6"/>
      </object_component>
      <object_component id="oc-1b7">
         <name>.text</name>
         <load_address>0xc000</load_address>
         <run_address>0xc000</run_address>
         <size>0xcf3</size>
         <input_file_ref idref="fl-21"/>
      </object_component>
      <object_component id="oc-3b8">
         <name>.text</name>
         <load_address>0xccf3</load_address>
         <run_address>0xccf3</run_address>
         <size>0x298</size>
         <input_file_ref idref="fl-43"/>
      </object_component>
      <object_component id="oc-245">
         <name>.text</name>
         <load_address>0xcf8b</load_address>
         <run_address>0xcf8b</run_address>
         <size>0x73</size>
         <input_file_ref idref="fl-4e"/>
      </object_component>
      <object_component id="oc-13e">
         <name>.text:Interrupt_illegalOperationHandler</name>
         <load_address>0xcffe</load_address>
         <run_address>0xcffe</run_address>
         <size>0x2</size>
         <input_file_ref idref="fl-13"/>
      </object_component>
      <object_component id="oc-33">
         <name>.text</name>
         <load_address>0xd000</load_address>
         <run_address>0xd000</run_address>
         <size>0x825</size>
         <input_file_ref idref="fl-4"/>
      </object_component>
      <object_component id="oc-aa">
         <name>.text</name>
         <load_address>0xd825</load_address>
         <run_address>0xd825</run_address>
         <size>0x4ee</size>
         <input_file_ref idref="fl-5"/>
      </object_component>
      <object_component id="oc-3e">
         <name>.text:retain</name>
         <load_address>0xdd13</load_address>
         <run_address>0xdd13</run_address>
         <size>0x240</size>
         <input_file_ref idref="fl-5"/>
      </object_component>
      <object_component id="oc-1ae">
         <name>.text</name>
         <load_address>0xdf53</load_address>
         <run_address>0xdf53</run_address>
         <size>0xa8</size>
         <input_file_ref idref="fl-23"/>
      </object_component>
      <object_component id="oc-2c1">
         <name>.text</name>
         <load_address>0xdffb</load_address>
         <run_address>0xdffb</run_address>
         <size>0x5</size>
         <input_file_ref idref="fl-46"/>
      </object_component>
      <object_component id="oc-68">
         <name>.text</name>
         <load_address>0xe000</load_address>
         <run_address>0xe000</run_address>
         <size>0x407</size>
         <input_file_ref idref="fl-7"/>
      </object_component>
      <object_component id="oc-105">
         <name>.text:SysCtl_setClock</name>
         <load_address>0xe407</load_address>
         <run_address>0xe407</run_address>
         <size>0x21f</size>
         <input_file_ref idref="fl-14"/>
      </object_component>
      <object_component id="oc-b0">
         <name>.text:EPWM_configureSignal</name>
         <load_address>0xe626</load_address>
         <run_address>0xe626</run_address>
         <size>0x213</size>
         <input_file_ref idref="fl-11"/>
      </object_component>
      <object_component id="oc-3be">
         <name>.text</name>
         <load_address>0xe839</load_address>
         <run_address>0xe839</run_address>
         <size>0x121</size>
         <input_file_ref idref="fl-4f"/>
      </object_component>
      <object_component id="oc-271">
         <name>.text</name>
         <load_address>0xe95a</load_address>
         <run_address>0xe95a</run_address>
         <size>0x107</size>
         <input_file_ref idref="fl-30"/>
      </object_component>
      <object_component id="oc-c3">
         <name>.text:ADC_setMode</name>
         <load_address>0xea61</load_address>
         <run_address>0xea61</run_address>
         <size>0xbd</size>
         <input_file_ref idref="fl-10"/>
      </object_component>
      <object_component id="oc-2b0">
         <name>.text</name>
         <load_address>0xeb1e</load_address>
         <run_address>0xeb1e</run_address>
         <size>0xae</size>
         <input_file_ref idref="fl-4c"/>
      </object_component>
      <object_component id="oc-32">
         <name>.text:retain</name>
         <load_address>0xebcc</load_address>
         <run_address>0xebcc</run_address>
         <size>0xa7</size>
         <input_file_ref idref="fl-4"/>
      </object_component>
      <object_component id="oc-366">
         <name>.text</name>
         <load_address>0xec73</load_address>
         <run_address>0xec73</run_address>
         <size>0x9c</size>
         <input_file_ref idref="fl-51"/>
      </object_component>
      <object_component id="oc-393">
         <name>.text</name>
         <load_address>0xed0f</load_address>
         <run_address>0xed0f</run_address>
         <size>0x1</size>
         <input_file_ref idref="fl-54"/>
      </object_component>
      <object_component id="oc-48a">
         <name>.text</name>
         <load_address>0xed10</load_address>
         <run_address>0xed10</run_address>
         <size>0x95</size>
         <input_file_ref idref="fl-5c"/>
      </object_component>
      <object_component id="oc-286">
         <name>.text</name>
         <load_address>0xeda5</load_address>
         <run_address>0xeda5</run_address>
         <size>0x8b</size>
         <input_file_ref idref="fl-33"/>
      </object_component>
      <object_component id="oc-170">
         <name>.text</name>
         <load_address>0xee30</load_address>
         <run_address>0xee30</run_address>
         <size>0x88</size>
         <input_file_ref idref="fl-2d"/>
      </object_component>
      <object_component id="oc-1a1">
         <name>.text:Interrupt_clearIFR</name>
         <load_address>0xeeb8</load_address>
         <run_address>0xeeb8</run_address>
         <size>0x85</size>
         <input_file_ref idref="fl-13"/>
      </object_component>
      <object_component id="oc-28b">
         <name>.text</name>
         <load_address>0xef3d</load_address>
         <run_address>0xef3d</run_address>
         <size>0x83</size>
         <input_file_ref idref="fl-28"/>
      </object_component>
      <object_component id="oc-18d">
         <name>.text:EPWM_setCounterCompareShadowLoadMode</name>
         <load_address>0xefc0</load_address>
         <run_address>0xefc0</run_address>
         <size>0x3f</size>
         <input_file_ref idref="fl-11"/>
      </object_component>
      <object_component id="oc-98">
         <name>.text</name>
         <load_address>0xf000</load_address>
         <run_address>0xf000</run_address>
         <size>0x82</size>
         <input_file_ref idref="fl-3"/>
      </object_component>
      <object_component id="oc-332">
         <name>.text</name>
         <load_address>0xf082</load_address>
         <run_address>0xf082</run_address>
         <size>0x7d</size>
         <input_file_ref idref="fl-25"/>
      </object_component>
      <object_component id="oc-416">
         <name>.text</name>
         <load_address>0xf0ff</load_address>
         <run_address>0xf0ff</run_address>
         <size>0x71</size>
         <input_file_ref idref="fl-5d"/>
      </object_component>
      <object_component id="oc-ff">
         <name>.text:SysCtl_getDeviceParametric</name>
         <load_address>0xf170</load_address>
         <run_address>0xf170</run_address>
         <size>0x68</size>
         <input_file_ref idref="fl-14"/>
      </object_component>
      <object_component id="oc-23f">
         <name>.text</name>
         <load_address>0xf1d8</load_address>
         <run_address>0xf1d8</run_address>
         <size>0x67</size>
         <input_file_ref idref="fl-24"/>
      </object_component>
      <object_component id="oc-440">
         <name>.text</name>
         <load_address>0xf23f</load_address>
         <run_address>0xf23f</run_address>
         <size>0x61</size>
         <input_file_ref idref="fl-56"/>
      </object_component>
      <object_component id="oc-20a">
         <name>.text:SysCtl_selectOscSource</name>
         <load_address>0xf2a0</load_address>
         <run_address>0xf2a0</run_address>
         <size>0x5e</size>
         <input_file_ref idref="fl-14"/>
      </object_component>
      <object_component id="oc-41c">
         <name>.text</name>
         <load_address>0xf2fe</load_address>
         <run_address>0xf2fe</run_address>
         <size>0x5d</size>
         <input_file_ref idref="fl-60"/>
      </object_component>
      <object_component id="oc-2aa">
         <name>.text</name>
         <load_address>0xf35b</load_address>
         <run_address>0xf35b</run_address>
         <size>0x5a</size>
         <input_file_ref idref="fl-4b"/>
      </object_component>
      <object_component id="oc-1a8">
         <name>.text</name>
         <load_address>0xf3b5</load_address>
         <run_address>0xf3b5</run_address>
         <size>0x53</size>
         <input_file_ref idref="fl-22"/>
      </object_component>
      <object_component id="oc-7a">
         <name>.text:GPIO_setPadConfig</name>
         <load_address>0xf408</load_address>
         <run_address>0xf408</run_address>
         <size>0x52</size>
         <input_file_ref idref="fl-12"/>
      </object_component>
      <object_component id="oc-10b">
         <name>.text:SysCtl_getClock</name>
         <load_address>0xf45a</load_address>
         <run_address>0xf45a</run_address>
         <size>0x51</size>
         <input_file_ref idref="fl-14"/>
      </object_component>
      <object_component id="oc-46b">
         <name>.text</name>
         <load_address>0xf4ab</load_address>
         <run_address>0xf4ab</run_address>
         <size>0x51</size>
         <input_file_ref idref="fl-61"/>
      </object_component>
      <object_component id="oc-b7">
         <name>.text:Interrupt_disable</name>
         <load_address>0xf4fc</load_address>
         <run_address>0xf4fc</run_address>
         <size>0x4b</size>
         <input_file_ref idref="fl-13"/>
      </object_component>
      <object_component id="oc-157">
         <name>.text:EPWM_isBaseValid</name>
         <load_address>0xf547</load_address>
         <run_address>0xf547</run_address>
         <size>0x47</size>
         <input_file_ref idref="fl-11"/>
      </object_component>
      <object_component id="oc-199">
         <name>.text:EPWM_setActionQualifierAction</name>
         <load_address>0xf58e</load_address>
         <run_address>0xf58e</run_address>
         <size>0x43</size>
         <input_file_ref idref="fl-11"/>
      </object_component>
      <object_component id="oc-44c">
         <name>.text</name>
         <load_address>0xf5d1</load_address>
         <run_address>0xf5d1</run_address>
         <size>0x3e</size>
         <input_file_ref idref="fl-59"/>
      </object_component>
      <object_component id="oc-8c">
         <name>.text:Interrupt_initModule</name>
         <load_address>0xf60f</load_address>
         <run_address>0xf60f</run_address>
         <size>0x3d</size>
         <input_file_ref idref="fl-13"/>
      </object_component>
      <object_component id="oc-32c">
         <name>.text</name>
         <load_address>0xf64c</load_address>
         <run_address>0xf64c</run_address>
         <size>0x3d</size>
         <input_file_ref idref="fl-50"/>
      </object_component>
      <object_component id="oc-428">
         <name>.text</name>
         <load_address>0xf689</load_address>
         <run_address>0xf689</run_address>
         <size>0x3c</size>
         <input_file_ref idref="fl-57"/>
      </object_component>
      <object_component id="oc-43a">
         <name>.text</name>
         <load_address>0xf6c5</load_address>
         <run_address>0xf6c5</run_address>
         <size>0x39</size>
         <input_file_ref idref="fl-5b"/>
      </object_component>
      <object_component id="oc-80">
         <name>.text:GPIO_setMasterCore</name>
         <load_address>0xf6fe</load_address>
         <run_address>0xf6fe</run_address>
         <size>0x38</size>
         <input_file_ref idref="fl-12"/>
      </object_component>
      <object_component id="oc-86">
         <name>.text:GPIO_setQualificationMode</name>
         <load_address>0xf736</load_address>
         <run_address>0xf736</run_address>
         <size>0x38</size>
         <input_file_ref idref="fl-12"/>
      </object_component>
      <object_component id="oc-434">
         <name>.text</name>
         <load_address>0xf76e</load_address>
         <run_address>0xf76e</run_address>
         <size>0x38</size>
         <input_file_ref idref="fl-58"/>
      </object_component>
      <object_component id="oc-6e">
         <name>.text:GPIO_setPinConfig</name>
         <load_address>0xf7a6</load_address>
         <run_address>0xf7a6</run_address>
         <size>0x37</size>
         <input_file_ref idref="fl-12"/>
      </object_component>
      <object_component id="oc-9e">
         <name>.text:GPIO_setInterruptPin</name>
         <load_address>0xf7dd</load_address>
         <run_address>0xf7dd</run_address>
         <size>0x34</size>
         <input_file_ref idref="fl-12"/>
      </object_component>
      <object_component id="oc-a4">
         <name>.text:Interrupt_enable</name>
         <load_address>0xf811</load_address>
         <run_address>0xf811</run_address>
         <size>0x34</size>
         <input_file_ref idref="fl-13"/>
      </object_component>
      <object_component id="oc-bd">
         <name>.text</name>
         <load_address>0xf845</load_address>
         <run_address>0xf845</run_address>
         <size>0x34</size>
         <input_file_ref idref="fl-20"/>
      </object_component>
      <object_component id="oc-473">
         <name>.text</name>
         <load_address>0xf879</load_address>
         <run_address>0xf879</run_address>
         <size>0x33</size>
         <input_file_ref idref="fl-65"/>
      </object_component>
      <object_component id="oc-74">
         <name>.text:GPIO_setDirectionMode</name>
         <load_address>0xf8ac</load_address>
         <run_address>0xf8ac</run_address>
         <size>0x31</size>
         <input_file_ref idref="fl-12"/>
      </object_component>
      <object_component id="oc-20">
         <name>.text:decompress:lzss</name>
         <load_address>0xf8dd</load_address>
         <run_address>0xf8dd</run_address>
         <size>0x31</size>
         <input_file_ref idref="fl-39"/>
      </object_component>
      <object_component id="oc-265">
         <name>.text</name>
         <load_address>0xf90e</load_address>
         <run_address>0xf90e</run_address>
         <size>0x31</size>
         <input_file_ref idref="fl-3e"/>
      </object_component>
      <object_component id="oc-295">
         <name>.text</name>
         <load_address>0xf93f</load_address>
         <run_address>0xf93f</run_address>
         <size>0x30</size>
         <input_file_ref idref="fl-3c"/>
      </object_component>
      <object_component id="oc-2ef">
         <name>.text:__TI_auto_init_nobinit_nopinit</name>
         <load_address>0xf96f</load_address>
         <run_address>0xf96f</run_address>
         <size>0x2b</size>
         <input_file_ref idref="fl-36"/>
      </object_component>
      <object_component id="oc-27c">
         <name>.text</name>
         <load_address>0xf99a</load_address>
         <run_address>0xf99a</run_address>
         <size>0x2a</size>
         <input_file_ref idref="fl-27"/>
      </object_component>
      <object_component id="oc-35e">
         <name>.text</name>
         <load_address>0xf9c4</load_address>
         <run_address>0xf9c4</run_address>
         <size>0x2a</size>
         <input_file_ref idref="fl-52"/>
      </object_component>
      <object_component id="oc-1fa">
         <name>.text</name>
         <load_address>0xf9ee</load_address>
         <run_address>0xf9ee</run_address>
         <size>0x29</size>
         <input_file_ref idref="fl-3a"/>
      </object_component>
      <object_component id="oc-42e">
         <name>.text</name>
         <load_address>0xfa17</load_address>
         <run_address>0xfa17</run_address>
         <size>0x29</size>
         <input_file_ref idref="fl-55"/>
      </object_component>
      <object_component id="oc-375">
         <name>.text</name>
         <load_address>0xfa40</load_address>
         <run_address>0xfa40</run_address>
         <size>0x25</size>
         <input_file_ref idref="fl-5f"/>
      </object_component>
      <object_component id="oc-193">
         <name>.text:EPWM_setCounterCompareValue</name>
         <load_address>0xfa65</load_address>
         <run_address>0xfa65</run_address>
         <size>0x24</size>
         <input_file_ref idref="fl-11"/>
      </object_component>
      <object_component id="oc-446">
         <name>.text</name>
         <load_address>0xfa89</load_address>
         <run_address>0xfa89</run_address>
         <size>0x24</size>
         <input_file_ref idref="fl-5a"/>
      </object_component>
      <object_component id="oc-2a5">
         <name>.text</name>
         <load_address>0xfaad</load_address>
         <run_address>0xfaad</run_address>
         <size>0x21</size>
         <input_file_ref idref="fl-2b"/>
      </object_component>
      <object_component id="oc-92">
         <name>.text:Interrupt_initVectorTable</name>
         <load_address>0xface</load_address>
         <run_address>0xface</run_address>
         <size>0x20</size>
         <input_file_ref idref="fl-13"/>
      </object_component>
      <object_component id="oc-1c5">
         <name>.text:ADC_isBaseValid</name>
         <load_address>0xfaee</load_address>
         <run_address>0xfaee</run_address>
         <size>0x1f</size>
         <input_file_ref idref="fl-10"/>
      </object_component>
      <object_component id="oc-181">
         <name>.text:EPWM_setPhaseShift</name>
         <load_address>0xfb0d</load_address>
         <run_address>0xfb0d</run_address>
         <size>0x1f</size>
         <input_file_ref idref="fl-11"/>
      </object_component>
      <object_component id="oc-290">
         <name>.text</name>
         <load_address>0xfb2c</load_address>
         <run_address>0xfb2c</run_address>
         <size>0x1f</size>
         <input_file_ref idref="fl-2c"/>
      </object_component>
      <object_component id="oc-26c">
         <name>.text</name>
         <load_address>0xfb4b</load_address>
         <run_address>0xfb4b</run_address>
         <size>0x1e</size>
         <input_file_ref idref="fl-2f"/>
      </object_component>
      <object_component id="oc-164">
         <name>.text:EPWM_setClockPrescaler</name>
         <load_address>0xfb69</load_address>
         <run_address>0xfb69</run_address>
         <size>0x1d</size>
         <input_file_ref idref="fl-11"/>
      </object_component>
      <object_component id="oc-2b6">
         <name>.text</name>
         <load_address>0xfb86</load_address>
         <run_address>0xfb86</run_address>
         <size>0x1d</size>
         <input_file_ref idref="fl-31"/>
      </object_component>
      <object_component id="oc-4a">
         <name>.text</name>
         <load_address>0xfba3</load_address>
         <run_address>0xfba3</run_address>
         <size>0x1d</size>
         <input_file_ref idref="fl-34"/>
      </object_component>
      <object_component id="oc-29b">
         <name>.text</name>
         <load_address>0xfbc0</load_address>
         <run_address>0xfbc0</run_address>
         <size>0x1c</size>
         <input_file_ref idref="fl-32"/>
      </object_component>
      <object_component id="oc-112">
         <name>.text:SysCtl_getLowSpeedClock</name>
         <load_address>0xfbdc</load_address>
         <run_address>0xfbdc</run_address>
         <size>0x1a</size>
         <input_file_ref idref="fl-14"/>
      </object_component>
      <object_component id="oc-47c">
         <name>.text</name>
         <load_address>0xfbf6</load_address>
         <run_address>0xfbf6</run_address>
         <size>0x19</size>
         <input_file_ref idref="fl-66"/>
      </object_component>
      <object_component id="oc-24b">
         <name>.text</name>
         <load_address>0xfc0f</load_address>
         <run_address>0xfc0f</run_address>
         <size>0x19</size>
         <input_file_ref idref="fl-48"/>
      </object_component>
      <object_component id="oc-276">
         <name>.text</name>
         <load_address>0xfc28</load_address>
         <run_address>0xfc28</run_address>
         <size>0x18</size>
         <input_file_ref idref="fl-2e"/>
      </object_component>
      <object_component id="oc-3b0">
         <name>.text</name>
         <load_address>0xfc40</load_address>
         <run_address>0xfc40</run_address>
         <size>0x18</size>
         <input_file_ref idref="fl-5e"/>
      </object_component>
      <object_component id="oc-147">
         <name>.text:XBAR_setInputPin</name>
         <load_address>0xfc58</load_address>
         <run_address>0xfc58</run_address>
         <size>0x17</size>
         <input_file_ref idref="fl-12"/>
      </object_component>
      <object_component id="oc-f7">
         <name>.text</name>
         <load_address>0xfc6f</load_address>
         <run_address>0xfc6f</run_address>
         <size>0x17</size>
         <input_file_ref idref="fl-26"/>
      </object_component>
      <object_component id="oc-16a">
         <name>.text:EPWM_setTimeBaseCounterMode</name>
         <load_address>0xfc86</load_address>
         <run_address>0xfc86</run_address>
         <size>0x15</size>
         <input_file_ref idref="fl-11"/>
      </object_component>
      <object_component id="oc-175">
         <name>.text:EPWM_setTimeBasePeriod</name>
         <load_address>0xfc9b</load_address>
         <run_address>0xfc9b</run_address>
         <size>0x15</size>
         <input_file_ref idref="fl-11"/>
      </object_component>
      <object_component id="oc-4a4">
         <name>.text</name>
         <load_address>0xfcb0</load_address>
         <run_address>0xfcb0</run_address>
         <size>0x15</size>
         <input_file_ref idref="fl-63"/>
      </object_component>
      <object_component id="oc-187">
         <name>.text:EPWM_setTimeBaseCounter</name>
         <load_address>0xfcc5</load_address>
         <run_address>0xfcc5</run_address>
         <size>0x13</size>
         <input_file_ref idref="fl-11"/>
      </object_component>
      <object_component id="oc-17b">
         <name>.text:EPWM_disablePhaseShiftLoad</name>
         <load_address>0xfcd8</load_address>
         <run_address>0xfcd8</run_address>
         <size>0x12</size>
         <input_file_ref idref="fl-11"/>
      </object_component>
      <object_component id="oc-2c7">
         <name>.text</name>
         <load_address>0xfcea</load_address>
         <run_address>0xfcea</run_address>
         <size>0x10</size>
         <input_file_ref idref="fl-41"/>
      </object_component>
      <object_component id="oc-11f">
         <name>.text:GPIO_isPinValid</name>
         <load_address>0xfcfa</load_address>
         <run_address>0xfcfa</run_address>
         <size>0xe</size>
         <input_file_ref idref="fl-12"/>
      </object_component>
      <object_component id="oc-132">
         <name>.text:Interrupt_defaultHandler</name>
         <load_address>0xfd08</load_address>
         <run_address>0xfd08</run_address>
         <size>0xe</size>
         <input_file_ref idref="fl-13"/>
      </object_component>
      <object_component id="oc-2a0">
         <name>.text</name>
         <load_address>0xfd16</load_address>
         <run_address>0xfd16</run_address>
         <size>0xe</size>
         <input_file_ref idref="fl-2a"/>
      </object_component>
      <object_component id="oc-12a">
         <name>.text:Interrupt_disableMaster</name>
         <load_address>0xfd24</load_address>
         <run_address>0xfd24</run_address>
         <size>0xd</size>
         <input_file_ref idref="fl-13"/>
      </object_component>
      <object_component id="oc-14e">
         <name>.text:Interrupt_enableMaster</name>
         <load_address>0xfd31</load_address>
         <run_address>0xfd31</run_address>
         <size>0xd</size>
         <input_file_ref idref="fl-13"/>
      </object_component>
      <object_component id="oc-259">
         <name>.text</name>
         <load_address>0xfd3e</load_address>
         <run_address>0xfd3e</run_address>
         <size>0xd</size>
         <input_file_ref idref="fl-42"/>
      </object_component>
      <object_component id="oc-15e">
         <name>.text:SysCtl_setEPWMClockDivider</name>
         <load_address>0xfd4b</load_address>
         <run_address>0xfd4b</run_address>
         <size>0xc</size>
         <input_file_ref idref="fl-11"/>
      </object_component>
      <object_component id="oc-1f4">
         <name>.text</name>
         <load_address>0xfd57</load_address>
         <run_address>0xfd57</run_address>
         <size>0xc</size>
         <input_file_ref idref="fl-3d"/>
      </object_component>
      <object_component id="oc-2bb">
         <name>.text</name>
         <load_address>0xfd63</load_address>
         <run_address>0xfd63</run_address>
         <size>0xc</size>
         <input_file_ref idref="fl-45"/>
      </object_component>
      <object_component id="oc-204">
         <name>.text:SysCtl_isMCDClockFailureDetected</name>
         <load_address>0xfd6f</load_address>
         <run_address>0xfd6f</run_address>
         <size>0xb</size>
         <input_file_ref idref="fl-14"/>
      </object_component>
      <object_component id="oc-2cd">
         <name>.text</name>
         <load_address>0xfd7a</load_address>
         <run_address>0xfd7a</run_address>
         <size>0xb</size>
         <input_file_ref idref="fl-4d"/>
      </object_component>
      <object_component id="oc-49e">
         <name>.text</name>
         <load_address>0xfd85</load_address>
         <run_address>0xfd85</run_address>
         <size>0xa</size>
         <input_file_ref idref="fl-62"/>
      </object_component>
      <object_component id="oc-210">
         <name>.text:SysCtl_serviceWatchdog</name>
         <load_address>0xfd8f</load_address>
         <run_address>0xfd8f</run_address>
         <size>0x9</size>
         <input_file_ref idref="fl-14"/>
      </object_component>
      <object_component id="oc-2d8">
         <name>.text</name>
         <load_address>0xfd98</load_address>
         <run_address>0xfd98</run_address>
         <size>0x9</size>
         <input_file_ref idref="fl-3b"/>
      </object_component>
      <object_component id="oc-281">
         <name>.text</name>
         <load_address>0xfda1</load_address>
         <run_address>0xfda1</run_address>
         <size>0x9</size>
         <input_file_ref idref="fl-29"/>
      </object_component>
      <object_component id="oc-5e">
         <name>.text</name>
         <load_address>0xfdaa</load_address>
         <run_address>0xfdaa</run_address>
         <size>0x8</size>
         <input_file_ref idref="fl-6"/>
      </object_component>
      <object_component id="oc-26">
         <name>.text:decompress:none</name>
         <load_address>0xfdb2</load_address>
         <run_address>0xfdb2</run_address>
         <size>0x8</size>
         <input_file_ref idref="fl-38"/>
      </object_component>
      <object_component id="oc-253">
         <name>.text</name>
         <load_address>0xfdba</load_address>
         <run_address>0xfdba</run_address>
         <size>0x8</size>
         <input_file_ref idref="fl-47"/>
      </object_component>
      <object_component id="oc-f0">
         <name>.text</name>
         <load_address>0xfdc2</load_address>
         <run_address>0xfdc2</run_address>
         <size>0x7</size>
         <input_file_ref idref="fl-44"/>
      </object_component>
      <object_component id="oc-58">
         <name>.text:decompress:ZI</name>
         <load_address>0xfdc9</load_address>
         <run_address>0xfdc9</run_address>
         <size>0x6</size>
         <input_file_ref idref="fl-37"/>
      </object_component>
      <object_component id="oc-138">
         <name>.text:Interrupt_nmiHandler</name>
         <load_address>0xfdcf</load_address>
         <run_address>0xfdcf</run_address>
         <size>0x2</size>
         <input_file_ref idref="fl-13"/>
      </object_component>
      <object_component id="oc-1ed">
         <name>.text</name>
         <load_address>0xfdd1</load_address>
         <run_address>0xfdd1</run_address>
         <size>0x2</size>
         <input_file_ref idref="fl-35"/>
      </object_component>
      <object_component id="oc-520">
         <name>.cinit..data.load</name>
         <load_address>0x128</load_address>
         <run_address>0x128</run_address>
         <size>0x3c</size>
      </object_component>
      <object_component id="oc-51d">
         <name>__TI_handler_table</name>
         <load_address>0x164</load_address>
         <run_address>0x164</run_address>
         <size>0x6</size>
      </object_component>
      <object_component id="oc-51f">
         <name>.cinit..bss.load</name>
         <load_address>0x16a</load_address>
         <run_address>0x16a</run_address>
         <size>0x4</size>
      </object_component>
      <object_component id="oc-51e">
         <name>__TI_cinit_table</name>
         <load_address>0x170</load_address>
         <run_address>0x170</run_address>
         <size>0x8</size>
      </object_component>
      <object_component id="oc-44">
         <name>.stack</name>
         <uninitialized>true</uninitialized>
         <run_address>0x400</run_address>
         <size>0x0</size>
         <input_file_ref idref="fl-26"/>
      </object_component>
      <object_component id="oc-521">
         <name>.stack</name>
         <uninitialized>true</uninitialized>
         <run_address>0x400</run_address>
         <size>0x0</size>
      </object_component>
      <object_component id="oc-cc">
         <name>.bss</name>
         <uninitialized>true</uninitialized>
         <run_address>0xa5c0</run_address>
         <size>0xc</size>
         <input_file_ref idref="fl-5"/>
      </object_component>
      <object_component id="oc-cf">
         <name>.bss:adcAResults</name>
         <uninitialized>true</uninitialized>
         <run_address>0x9a00</run_address>
         <size>0x200</size>
         <input_file_ref idref="fl-5"/>
      </object_component>
      <object_component id="oc-d2">
         <name>.bss:adcBResults</name>
         <uninitialized>true</uninitialized>
         <run_address>0x9e00</run_address>
         <size>0x200</size>
         <input_file_ref idref="fl-5"/>
      </object_component>
      <object_component id="oc-d5">
         <name>.bss:adcCResults</name>
         <uninitialized>true</uninitialized>
         <run_address>0xa200</run_address>
         <size>0x200</size>
         <input_file_ref idref="fl-5"/>
      </object_component>
      <object_component id="oc-d8">
         <name>.bss:adcA3Results</name>
         <uninitialized>true</uninitialized>
         <run_address>0x9800</run_address>
         <size>0x200</size>
         <input_file_ref idref="fl-5"/>
      </object_component>
      <object_component id="oc-db">
         <name>.bss:adcB3Results</name>
         <uninitialized>true</uninitialized>
         <run_address>0x9c00</run_address>
         <size>0x200</size>
         <input_file_ref idref="fl-5"/>
      </object_component>
      <object_component id="oc-de">
         <name>.bss:adcC3Results</name>
         <uninitialized>true</uninitialized>
         <run_address>0xa000</run_address>
         <size>0x200</size>
         <input_file_ref idref="fl-5"/>
      </object_component>
      <object_component id="oc-479">
         <name>.bss:__TI_tmpnams</name>
         <uninitialized>true</uninitialized>
         <run_address>0xa520</run_address>
         <size>0xa0</size>
         <input_file_ref idref="fl-40"/>
      </object_component>
      <object_component id="oc-40f">
         <name>.bss</name>
         <uninitialized>true</uninitialized>
         <run_address>0xa5d4</run_address>
         <size>0x2</size>
         <input_file_ref idref="fl-43"/>
      </object_component>
      <object_component id="oc-487">
         <name>.bss:parmbuf</name>
         <uninitialized>true</uninitialized>
         <run_address>0xa5cc</run_address>
         <size>0x8</size>
         <input_file_ref idref="fl-57"/>
      </object_component>
      <object_component id="oc-4ba">
         <name>.bss:_CIOBUF_</name>
         <uninitialized>true</uninitialized>
         <run_address>0xa400</run_address>
         <size>0x120</size>
         <input_file_ref idref="fl-5c"/>
      </object_component>
      <object_component id="oc-351">
         <name>.const:.string:_ctypes_</name>
         <load_address>0xa800</load_address>
         <run_address>0xa800</run_address>
         <size>0x101</size>
         <input_file_ref idref="fl-3f"/>
      </object_component>
      <object_component id="oc-67">
         <name>.const:.string</name>
         <load_address>0xa902</load_address>
         <run_address>0xa902</run_address>
         <size>0xf3</size>
         <input_file_ref idref="fl-4"/>
      </object_component>
      <object_component id="oc-15d">
         <name>.const:.string</name>
         <load_address>0xa9f6</load_address>
         <run_address>0xa9f6</run_address>
         <size>0xef</size>
         <input_file_ref idref="fl-11"/>
      </object_component>
      <object_component id="oc-125">
         <name>.const:.string</name>
         <load_address>0xaae6</load_address>
         <run_address>0xaae6</run_address>
         <size>0xef</size>
         <input_file_ref idref="fl-12"/>
      </object_component>
      <object_component id="oc-155">
         <name>.const:.string</name>
         <load_address>0xabd6</load_address>
         <run_address>0xabd6</run_address>
         <size>0x8d</size>
         <input_file_ref idref="fl-5"/>
      </object_component>
      <object_component id="oc-23d">
         <name>.const:.string</name>
         <load_address>0xac64</load_address>
         <run_address>0xac64</run_address>
         <size>0x7c</size>
         <input_file_ref idref="fl-13"/>
      </object_component>
      <object_component id="oc-203">
         <name>.const:.string</name>
         <load_address>0xace0</load_address>
         <run_address>0xace0</run_address>
         <size>0x79</size>
         <input_file_ref idref="fl-14"/>
      </object_component>
      <object_component id="oc-1cb">
         <name>.const:.string</name>
         <load_address>0xad5a</load_address>
         <run_address>0xad5a</run_address>
         <size>0x76</size>
         <input_file_ref idref="fl-10"/>
      </object_component>
      <object_component id="oc-26b">
         <name>.const:.string</name>
         <load_address>0xadd0</load_address>
         <run_address>0xadd0</run_address>
         <size>0x26</size>
         <input_file_ref idref="fl-21"/>
      </object_component>
      <object_component id="oc-27b">
         <name>.const</name>
         <load_address>0xadf6</load_address>
         <run_address>0xadf6</run_address>
         <size>0x1c</size>
         <input_file_ref idref="fl-21"/>
      </object_component>
      <object_component id="oc-372">
         <name>.const</name>
         <load_address>0xae12</load_address>
         <run_address>0xae12</run_address>
         <size>0x1c</size>
         <input_file_ref idref="fl-4c"/>
      </object_component>
      <object_component id="oc-111">
         <name>.const:.string</name>
         <load_address>0xae2e</load_address>
         <run_address>0xae2e</run_address>
         <size>0x13</size>
         <input_file_ref idref="fl-7"/>
      </object_component>
      <object_component id="oc-36d">
         <name>.const</name>
         <load_address>0xae42</load_address>
         <run_address>0xae42</run_address>
         <size>0x8</size>
         <input_file_ref idref="fl-4b"/>
      </object_component>
      <object_component id="oc-25f">
         <name>.const:.string</name>
         <load_address>0xae4a</load_address>
         <run_address>0xae4a</run_address>
         <size>0x2</size>
         <input_file_ref idref="fl-23"/>
      </object_component>
      <object_component id="oc-64">
         <name>.data</name>
         <load_address>0xaf40</load_address>
         <run_address>0xaf40</run_address>
         <size>0x14</size>
         <input_file_ref idref="fl-4"/>
      </object_component>
      <object_component id="oc-118">
         <name>.data</name>
         <load_address>0xaf34</load_address>
         <run_address>0xaf34</run_address>
         <size>0x6</size>
         <input_file_ref idref="fl-7"/>
      </object_component>
      <object_component id="oc-321">
         <name>.data</name>
         <load_address>0xaf3a</load_address>
         <run_address>0xaf3a</run_address>
         <size>0x6</size>
         <input_file_ref idref="fl-3a"/>
      </object_component>
      <object_component id="oc-1bd">
         <name>.data:_lock</name>
         <load_address>0xaf54</load_address>
         <run_address>0xaf54</run_address>
         <size>0x2</size>
         <input_file_ref idref="fl-3b"/>
      </object_component>
      <object_component id="oc-1c0">
         <name>.data:_unlock</name>
         <load_address>0xaf56</load_address>
         <run_address>0xaf56</run_address>
         <size>0x2</size>
         <input_file_ref idref="fl-3b"/>
      </object_component>
      <object_component id="oc-33a">
         <name>.data</name>
         <load_address>0xaf58</load_address>
         <run_address>0xaf58</run_address>
         <size>0x1</size>
         <input_file_ref idref="fl-40"/>
      </object_component>
      <object_component id="oc-1b4">
         <name>.data:_ftable</name>
         <load_address>0xae4c</load_address>
         <run_address>0xae4c</run_address>
         <size>0x78</size>
         <input_file_ref idref="fl-40"/>
      </object_component>
      <object_component id="oc-412">
         <name>.data</name>
         <load_address>0xaf5b</load_address>
         <run_address>0xaf5b</run_address>
         <size>0x1</size>
         <input_file_ref idref="fl-43"/>
      </object_component>
      <object_component id="oc-33f">
         <name>.data:_stream</name>
         <load_address>0xaf0c</load_address>
         <run_address>0xaf0c</run_address>
         <size>0x28</size>
         <input_file_ref idref="fl-49"/>
      </object_component>
      <object_component id="oc-3ce">
         <name>.data:_device</name>
         <load_address>0xaec4</load_address>
         <run_address>0xaec4</run_address>
         <size>0x48</size>
         <input_file_ref idref="fl-49"/>
      </object_component>
      <object_component id="oc-2d3">
         <name>.data</name>
         <load_address>0xaf59</load_address>
         <run_address>0xaf59</run_address>
         <size>0x1</size>
         <input_file_ref idref="fl-4a"/>
      </object_component>
      <object_component id="oc-422">
         <name>.data</name>
         <load_address>0xaf5a</load_address>
         <run_address>0xaf5a</run_address>
         <size>0x1</size>
         <input_file_ref idref="fl-4f"/>
      </object_component>
      <object_component id="oc-46a">
         <name>.data</name>
         <load_address>0xaf5c</load_address>
         <run_address>0xaf5c</run_address>
         <size>0x1</size>
         <input_file_ref idref="fl-5d"/>
      </object_component>
      <object_component id="oc-45">
         <name>.sysmem</name>
         <uninitialized>true</uninitialized>
         <run_address>0x8000</run_address>
         <size>0x4</size>
         <input_file_ref idref="fl-43"/>
      </object_component>
      <object_component id="oc-522">
         <name>.sysmem</name>
         <uninitialized>true</uninitialized>
         <run_address>0x8000</run_address>
         <size>0x0</size>
      </object_component>
      <object_component id="oc-b6">
         <name>.TI.ramfunc</name>
         <load_address>0x123</load_address>
         <run_address>0x123</run_address>
         <size>0x4</size>
         <input_file_ref idref="fl-14"/>
      </object_component>
      <object_component id="oc-146">
         <name>.debug_types</name>
         <load_address>0x0</load_address>
         <run_address>0x0</run_address>
         <size>0x606</size>
         <input_file_ref idref="fl-3"/>
      </object_component>
      <object_component id="oc-ca">
         <name>.debug_types</name>
         <load_address>0x606</load_address>
         <run_address>0x606</run_address>
         <size>0x22c5</size>
         <input_file_ref idref="fl-4"/>
      </object_component>
      <object_component id="oc-e2">
         <name>.debug_types</name>
         <load_address>0x28cb</load_address>
         <run_address>0x28cb</run_address>
         <size>0x22e</size>
         <input_file_ref idref="fl-5"/>
      </object_component>
      <object_component id="oc-11c">
         <name>.debug_types</name>
         <load_address>0x2af9</load_address>
         <run_address>0x2af9</run_address>
         <size>0x5c2</size>
         <input_file_ref idref="fl-7"/>
      </object_component>
      <object_component id="oc-1cd">
         <name>.debug_types</name>
         <load_address>0x30bb</load_address>
         <run_address>0x30bb</run_address>
         <size>0x12c</size>
         <input_file_ref idref="fl-10"/>
      </object_component>
      <object_component id="oc-1a0">
         <name>.debug_types</name>
         <load_address>0x31e7</load_address>
         <run_address>0x31e7</run_address>
         <size>0x60a</size>
         <input_file_ref idref="fl-11"/>
      </object_component>
      <object_component id="oc-11e">
         <name>.debug_types</name>
         <load_address>0x37f1</load_address>
         <run_address>0x37f1</run_address>
         <size>0x1f4</size>
         <input_file_ref idref="fl-12"/>
      </object_component>
      <object_component id="oc-131">
         <name>.debug_types</name>
         <load_address>0x0</load_address>
         <run_address>0x0</run_address>
         <size>0x0</size>
         <input_file_ref idref="fl-13"/>
      </object_component>
      <object_component id="oc-202">
         <name>.debug_types</name>
         <load_address>0x0</load_address>
         <run_address>0x0</run_address>
         <size>0x0</size>
         <input_file_ref idref="fl-14"/>
      </object_component>
      <object_component id="oc-1c4">
         <name>.debug_types</name>
         <load_address>0x39e5</load_address>
         <run_address>0x39e5</run_address>
         <size>0x39c</size>
         <input_file_ref idref="fl-20"/>
      </object_component>
      <object_component id="oc-2d7">
         <name>.debug_types</name>
         <load_address>0x3d81</load_address>
         <run_address>0x3d81</run_address>
         <size>0x8c6</size>
         <input_file_ref idref="fl-21"/>
      </object_component>
      <object_component id="oc-252">
         <name>.debug_types</name>
         <load_address>0x4647</load_address>
         <run_address>0x4647</run_address>
         <size>0x2f</size>
         <input_file_ref idref="fl-22"/>
      </object_component>
      <object_component id="oc-261">
         <name>.debug_types</name>
         <load_address>0x4676</load_address>
         <run_address>0x4676</run_address>
         <size>0x68</size>
         <input_file_ref idref="fl-23"/>
      </object_component>
      <object_component id="oc-339">
         <name>.debug_types</name>
         <load_address>0x0</load_address>
         <run_address>0x0</run_address>
         <size>0x0</size>
         <input_file_ref idref="fl-24"/>
      </object_component>
      <object_component id="oc-3c5">
         <name>.debug_types</name>
         <load_address>0x0</load_address>
         <run_address>0x0</run_address>
         <size>0x0</size>
         <input_file_ref idref="fl-25"/>
      </object_component>
      <object_component id="oc-ea">
         <name>.debug_types</name>
         <load_address>0x46de</load_address>
         <run_address>0x46de</run_address>
         <size>0x2f</size>
         <input_file_ref idref="fl-34"/>
      </object_component>
      <object_component id="oc-2ee">
         <name>.debug_types</name>
         <load_address>0x0</load_address>
         <run_address>0x0</run_address>
         <size>0x0</size>
         <input_file_ref idref="fl-35"/>
      </object_component>
      <object_component id="oc-39a">
         <name>.debug_types</name>
         <load_address>0x470d</load_address>
         <run_address>0x470d</run_address>
         <size>0x412</size>
         <input_file_ref idref="fl-36"/>
      </object_component>
      <object_component id="oc-ef">
         <name>.debug_types</name>
         <load_address>0x4b1f</load_address>
         <run_address>0x4b1f</run_address>
         <size>0x169</size>
         <input_file_ref idref="fl-37"/>
      </object_component>
      <object_component id="oc-51">
         <name>.debug_types</name>
         <load_address>0x0</load_address>
         <run_address>0x0</run_address>
         <size>0x0</size>
         <input_file_ref idref="fl-38"/>
      </object_component>
      <object_component id="oc-49">
         <name>.debug_types</name>
         <load_address>0x4c88</load_address>
         <run_address>0x4c88</run_address>
         <size>0x191</size>
         <input_file_ref idref="fl-39"/>
      </object_component>
      <object_component id="oc-325">
         <name>.debug_types</name>
         <load_address>0x4e19</load_address>
         <run_address>0x4e19</run_address>
         <size>0x90</size>
         <input_file_ref idref="fl-3a"/>
      </object_component>
      <object_component id="oc-2e0">
         <name>.debug_types</name>
         <load_address>0x4ea9</load_address>
         <run_address>0x4ea9</run_address>
         <size>0x2f</size>
         <input_file_ref idref="fl-3b"/>
      </object_component>
      <object_component id="oc-364">
         <name>.debug_types</name>
         <load_address>0x4ed8</load_address>
         <run_address>0x4ed8</run_address>
         <size>0x61</size>
         <input_file_ref idref="fl-3c"/>
      </object_component>
      <object_component id="oc-320">
         <name>.debug_types</name>
         <load_address>0x4f39</load_address>
         <run_address>0x4f39</run_address>
         <size>0xb6</size>
         <input_file_ref idref="fl-3d"/>
      </object_component>
      <object_component id="oc-355">
         <name>.debug_types</name>
         <load_address>0x4fef</load_address>
         <run_address>0x4fef</run_address>
         <size>0x34</size>
         <input_file_ref idref="fl-3e"/>
      </object_component>
      <object_component id="oc-3df">
         <name>.debug_types</name>
         <load_address>0x0</load_address>
         <run_address>0x0</run_address>
         <size>0x0</size>
         <input_file_ref idref="fl-3f"/>
      </object_component>
      <object_component id="oc-264">
         <name>.debug_types</name>
         <load_address>0x5023</load_address>
         <run_address>0x5023</run_address>
         <size>0x66</size>
         <input_file_ref idref="fl-40"/>
      </object_component>
      <object_component id="oc-383">
         <name>.debug_types</name>
         <load_address>0x0</load_address>
         <run_address>0x0</run_address>
         <size>0x0</size>
         <input_file_ref idref="fl-41"/>
      </object_component>
      <object_component id="oc-34a">
         <name>.debug_types</name>
         <load_address>0x0</load_address>
         <run_address>0x0</run_address>
         <size>0x0</size>
         <input_file_ref idref="fl-42"/>
      </object_component>
      <object_component id="oc-e5">
         <name>.debug_types</name>
         <load_address>0x5089</load_address>
         <run_address>0x5089</run_address>
         <size>0x23d</size>
         <input_file_ref idref="fl-43"/>
      </object_component>
      <object_component id="oc-1ec">
         <name>.debug_types</name>
         <load_address>0x0</load_address>
         <run_address>0x0</run_address>
         <size>0x0</size>
         <input_file_ref idref="fl-44"/>
      </object_component>
      <object_component id="oc-37f">
         <name>.debug_types</name>
         <load_address>0x0</load_address>
         <run_address>0x0</run_address>
         <size>0x0</size>
         <input_file_ref idref="fl-45"/>
      </object_component>
      <object_component id="oc-381">
         <name>.debug_types</name>
         <load_address>0x52c6</load_address>
         <run_address>0x52c6</run_address>
         <size>0x34</size>
         <input_file_ref idref="fl-46"/>
      </object_component>
      <object_component id="oc-348">
         <name>.debug_types</name>
         <load_address>0x0</load_address>
         <run_address>0x0</run_address>
         <size>0x0</size>
         <input_file_ref idref="fl-47"/>
      </object_component>
      <object_component id="oc-343">
         <name>.debug_types</name>
         <load_address>0x52fa</load_address>
         <run_address>0x52fa</run_address>
         <size>0x575</size>
         <input_file_ref idref="fl-48"/>
      </object_component>
      <object_component id="oc-3d3">
         <name>.debug_types</name>
         <load_address>0x586f</load_address>
         <run_address>0x586f</run_address>
         <size>0x32</size>
         <input_file_ref idref="fl-49"/>
      </object_component>
      <object_component id="oc-388">
         <name>.debug_types</name>
         <load_address>0x0</load_address>
         <run_address>0x0</run_address>
         <size>0x0</size>
         <input_file_ref idref="fl-4a"/>
      </object_component>
      <object_component id="oc-371">
         <name>.debug_types</name>
         <load_address>0x58a1</load_address>
         <run_address>0x58a1</run_address>
         <size>0x2f</size>
         <input_file_ref idref="fl-4b"/>
      </object_component>
      <object_component id="oc-37c">
         <name>.debug_types</name>
         <load_address>0x0</load_address>
         <run_address>0x0</run_address>
         <size>0x0</size>
         <input_file_ref idref="fl-4c"/>
      </object_component>
      <object_component id="oc-385">
         <name>.debug_types</name>
         <load_address>0x58d0</load_address>
         <run_address>0x58d0</run_address>
         <size>0x160</size>
         <input_file_ref idref="fl-4d"/>
      </object_component>
      <object_component id="oc-33e">
         <name>.debug_types</name>
         <load_address>0x0</load_address>
         <run_address>0x0</run_address>
         <size>0x0</size>
         <input_file_ref idref="fl-4e"/>
      </object_component>
      <object_component id="oc-424">
         <name>.debug_types</name>
         <load_address>0x0</load_address>
         <run_address>0x0</run_address>
         <size>0x0</size>
         <input_file_ref idref="fl-4f"/>
      </object_component>
      <object_component id="oc-3b7">
         <name>.debug_types</name>
         <load_address>0x0</load_address>
         <run_address>0x0</run_address>
         <size>0x0</size>
         <input_file_ref idref="fl-50"/>
      </object_component>
      <object_component id="oc-404">
         <name>.debug_types</name>
         <load_address>0x0</load_address>
         <run_address>0x0</run_address>
         <size>0x0</size>
         <input_file_ref idref="fl-54"/>
      </object_component>
      <object_component id="oc-493">
         <name>.debug_types</name>
         <load_address>0x5a30</load_address>
         <run_address>0x5a30</run_address>
         <size>0x9e</size>
         <input_file_ref idref="fl-55"/>
      </object_component>
      <object_component id="oc-499">
         <name>.debug_types</name>
         <load_address>0x5ace</load_address>
         <run_address>0x5ace</run_address>
         <size>0x2f</size>
         <input_file_ref idref="fl-56"/>
      </object_component>
      <object_component id="oc-491">
         <name>.debug_types</name>
         <load_address>0x0</load_address>
         <run_address>0x0</run_address>
         <size>0x0</size>
         <input_file_ref idref="fl-57"/>
      </object_component>
      <object_component id="oc-495">
         <name>.debug_types</name>
         <load_address>0x0</load_address>
         <run_address>0x0</run_address>
         <size>0x0</size>
         <input_file_ref idref="fl-58"/>
      </object_component>
      <object_component id="oc-49d">
         <name>.debug_types</name>
         <load_address>0x0</load_address>
         <run_address>0x0</run_address>
         <size>0x0</size>
         <input_file_ref idref="fl-59"/>
      </object_component>
      <object_component id="oc-49b">
         <name>.debug_types</name>
         <load_address>0x0</load_address>
         <run_address>0x0</run_address>
         <size>0x0</size>
         <input_file_ref idref="fl-5a"/>
      </object_component>
      <object_component id="oc-497">
         <name>.debug_types</name>
         <load_address>0x0</load_address>
         <run_address>0x0</run_address>
         <size>0x0</size>
         <input_file_ref idref="fl-5b"/>
      </object_component>
      <object_component id="oc-4be">
         <name>.debug_types</name>
         <load_address>0x5afd</load_address>
         <run_address>0x5afd</run_address>
         <size>0x34</size>
         <input_file_ref idref="fl-5c"/>
      </object_component>
      <object_component id="oc-472">
         <name>.debug_types</name>
         <load_address>0x5b31</load_address>
         <run_address>0x5b31</run_address>
         <size>0x56</size>
         <input_file_ref idref="fl-5d"/>
      </object_component>
      <object_component id="oc-40b">
         <name>.debug_types</name>
         <load_address>0x0</load_address>
         <run_address>0x0</run_address>
         <size>0x0</size>
         <input_file_ref idref="fl-5e"/>
      </object_component>
      <object_component id="oc-3f0">
         <name>.debug_types</name>
         <load_address>0x0</load_address>
         <run_address>0x0</run_address>
         <size>0x0</size>
         <input_file_ref idref="fl-5f"/>
      </object_component>
      <object_component id="oc-483">
         <name>.debug_types</name>
         <load_address>0x0</load_address>
         <run_address>0x0</run_address>
         <size>0x0</size>
         <input_file_ref idref="fl-60"/>
      </object_component>
      <object_component id="oc-4ab">
         <name>.debug_types</name>
         <load_address>0x5b87</load_address>
         <run_address>0x5b87</run_address>
         <size>0x2f</size>
         <input_file_ref idref="fl-61"/>
      </object_component>
      <object_component id="oc-4d5">
         <name>.debug_types</name>
         <load_address>0x0</load_address>
         <run_address>0x0</run_address>
         <size>0x0</size>
         <input_file_ref idref="fl-62"/>
      </object_component>
      <object_component id="oc-4d7">
         <name>.debug_types</name>
         <load_address>0x0</load_address>
         <run_address>0x0</run_address>
         <size>0x0</size>
         <input_file_ref idref="fl-63"/>
      </object_component>
      <object_component id="oc-4b0">
         <name>.debug_types</name>
         <load_address>0x0</load_address>
         <run_address>0x0</run_address>
         <size>0x0</size>
         <input_file_ref idref="fl-65"/>
      </object_component>
      <object_component id="oc-4b4">
         <name>.debug_types</name>
         <load_address>0x0</load_address>
         <run_address>0x0</run_address>
         <size>0x0</size>
         <input_file_ref idref="fl-66"/>
      </object_component>
      <object_component id="oc-9a">
         <name>.debug_info</name>
         <load_address>0x0</load_address>
         <run_address>0x0</run_address>
         <size>0x41d</size>
         <input_file_ref idref="fl-3"/>
      </object_component>
      <object_component id="oc-65">
         <name>.debug_info</name>
         <load_address>0x41d</load_address>
         <run_address>0x41d</run_address>
         <size>0x159</size>
         <input_file_ref idref="fl-4"/>
      </object_component>
      <object_component id="oc-37">
         <name>.debug_info</name>
         <load_address>0x576</load_address>
         <run_address>0x576</run_address>
         <size>0x2f7f</size>
         <input_file_ref idref="fl-4"/>
      </object_component>
      <object_component id="oc-3c">
         <name>.debug_info</name>
         <load_address>0x34f5</load_address>
         <run_address>0x34f5</run_address>
         <size>0x30b</size>
         <input_file_ref idref="fl-4"/>
      </object_component>
      <object_component id="oc-cd">
         <name>.debug_info</name>
         <load_address>0x3800</load_address>
         <run_address>0x3800</run_address>
         <size>0x29d</size>
         <input_file_ref idref="fl-5"/>
      </object_component>
      <object_component id="oc-d0">
         <name>.debug_info</name>
         <load_address>0x3a9d</load_address>
         <run_address>0x3a9d</run_address>
         <size>0xf3</size>
         <input_file_ref idref="fl-5"/>
      </object_component>
      <object_component id="oc-d3">
         <name>.debug_info</name>
         <load_address>0x3b90</load_address>
         <run_address>0x3b90</run_address>
         <size>0xf3</size>
         <input_file_ref idref="fl-5"/>
      </object_component>
      <object_component id="oc-d6">
         <name>.debug_info</name>
         <load_address>0x3c83</load_address>
         <run_address>0x3c83</run_address>
         <size>0xf3</size>
         <input_file_ref idref="fl-5"/>
      </object_component>
      <object_component id="oc-d9">
         <name>.debug_info</name>
         <load_address>0x3d76</load_address>
         <run_address>0x3d76</run_address>
         <size>0xf5</size>
         <input_file_ref idref="fl-5"/>
      </object_component>
      <object_component id="oc-dc">
         <name>.debug_info</name>
         <load_address>0x3e6b</load_address>
         <run_address>0x3e6b</run_address>
         <size>0xf5</size>
         <input_file_ref idref="fl-5"/>
      </object_component>
      <object_component id="oc-df">
         <name>.debug_info</name>
         <load_address>0x3f60</load_address>
         <run_address>0x3f60</run_address>
         <size>0xf5</size>
         <input_file_ref idref="fl-5"/>
      </object_component>
      <object_component id="oc-ad">
         <name>.debug_info</name>
         <load_address>0x4055</load_address>
         <run_address>0x4055</run_address>
         <size>0x2389</size>
         <input_file_ref idref="fl-5"/>
      </object_component>
      <object_component id="oc-41">
         <name>.debug_info</name>
         <load_address>0x63de</load_address>
         <run_address>0x63de</run_address>
         <size>0x67d</size>
         <input_file_ref idref="fl-5"/>
      </object_component>
      <object_component id="oc-2e">
         <name>.debug_info</name>
         <load_address>0x6a5b</load_address>
         <run_address>0x6a5b</run_address>
         <size>0x115</size>
         <input_file_ref idref="fl-6"/>
      </object_component>
      <object_component id="oc-5f">
         <name>.debug_info</name>
         <load_address>0x6b70</load_address>
         <run_address>0x6b70</run_address>
         <size>0x116</size>
         <input_file_ref idref="fl-6"/>
      </object_component>
      <object_component id="oc-119">
         <name>.debug_info</name>
[...]
         <value>0xf811</value>
         <object_component_ref idref="oc-a4"/>
      </symbol>
      <symbol id="sm-3c2">
         <name>Interrupt_initVectorTable</name>
         <value>0xface</value>
         <object_component_ref idref="oc-92"/>
      </symbol>
      <symbol id="sm-436">
         <name>SysCtl_delay</name>
         <value>0x123</value>
         <object_component_ref idref="oc-b6"/>
      </symbol>
      <symbol id="sm-437">
         <name>SysCtl_getDeviceParametric</name>
         <value>0xf170</value>
         <object_component_ref idref="oc-ff"/>
      </symbol>
      <symbol id="sm-438">
         <name>SysCtl_selectOscSource</name>
         <value>0xf2a0</value>
         <object_component_ref idref="oc-20a"/>
      </symbol>
      <symbol id="sm-439">
         <name>SysCtl_getLowSpeedClock</name>
         <value>0xfbdc</value>
         <object_component_ref idref="oc-112"/>
      </symbol>
      <symbol id="sm-43a">
         <name>SysCtl_setClock</name>
         <value>0xe407</value>
         <object_component_ref idref="oc-105"/>
      </symbol>
      <symbol id="sm-43b">
         <name>SysCtl_getClock</name>
         <value>0xf45a</value>
         <object_component_ref idref="oc-10b"/>
      </symbol>
      <symbol id="sm-44c">
         <name>printf</name>
         <value>0xf84b</value>
         <object_component_ref idref="oc-bd"/>
      </symbol>
      <symbol id="sm-5ad">
         <name>__TI_printfi</name>
         <value>0xcb62</value>
         <object_component_ref idref="oc-1b7"/>
      </symbol>
      <symbol id="sm-5c1">
         <name>putc</name>
         <value>0xf3b5</value>
         <object_component_ref idref="oc-1a8"/>
      </symbol>
      <symbol id="sm-5c2">
         <name>fputc</name>
         <value>0xf3b5</value>
         <object_component_ref idref="oc-1a8"/>
      </symbol>
      <symbol id="sm-5c3">
         <name>putchar</name>
         <value>0xf403</value>
         <object_component_ref idref="oc-1a8"/>
      </symbol>
      <symbol id="sm-5e0">
         <name>puts</name>
         <value>0xdfe8</value>
         <object_component_ref idref="oc-1ae"/>
      </symbol>
      <symbol id="sm-5e1">
         <name>fputs</name>
         <value>0xdf53</value>
         <object_component_ref idref="oc-1ae"/>
      </symbol>
      <symbol id="sm-5f9">
         <name>__TI_wrt_ok</name>
         <value>0xf1d8</value>
         <object_component_ref idref="oc-23f"/>
      </symbol>
      <symbol id="sm-5fa">
         <name>__TI_rd_ok</name>
         <value>0xf213</value>
         <object_component_ref idref="oc-23f"/>
      </symbol>
      <symbol id="sm-612">
         <name>setvbuf</name>
         <value>0xf082</value>
         <object_component_ref idref="oc-332"/>
      </symbol>
      <symbol id="sm-61c">
         <name>_c_int00</name>
         <value>0xfc6f</value>
         <object_component_ref idref="oc-f7"/>
      </symbol>
      <symbol id="sm-61d">
         <name>__stack</name>
         <value>0x400</value>
         <object_component_ref idref="oc-44"/>
      </symbol>
      <symbol id="sm-629">
         <name>__c28xabi_cmpd</name>
         <value>0xf99a</value>
         <object_component_ref idref="oc-27c"/>
      </symbol>
      <symbol id="sm-637">
         <name>__c28xabi_mpyd</name>
         <value>0xef3d</value>
         <object_component_ref idref="oc-28b"/>
      </symbol>
      <symbol id="sm-640">
         <name>__c28xabi_negd</name>
         <value>0xfda1</value>
         <object_component_ref idref="oc-281"/>
      </symbol>
      <symbol id="sm-648">
         <name>__c28xabi_subd</name>
         <value>0xfd16</value>
         <object_component_ref idref="oc-2a0"/>
      </symbol>
      <symbol id="sm-653">
         <name>__c28xabi_dtoi</name>
         <value>0xfaad</value>
         <object_component_ref idref="oc-2a5"/>
      </symbol>
      <symbol id="sm-65e">
         <name>__c28xabi_dtol</name>
         <value>0xfb2c</value>
         <object_component_ref idref="oc-290"/>
      </symbol>
      <symbol id="sm-66b">
         <name>__c28xabi_divf</name>
         <value>0xee30</value>
         <object_component_ref idref="oc-170"/>
      </symbol>
      <symbol id="sm-673">
         <name>__c28xabi_orll</name>
         <value>0xfc30</value>
         <object_component_ref idref="oc-276"/>
      </symbol>
      <symbol id="sm-674">
         <name>__c28xabi_xorll</name>
         <value>0xfc38</value>
         <object_component_ref idref="oc-276"/>
      </symbol>
      <symbol id="sm-675">
         <name>__c28xabi_andll</name>
         <value>0xfc28</value>
         <object_component_ref idref="oc-276"/>
      </symbol>
      <symbol id="sm-67f">
         <name>__c28xabi_cmpll</name>
         <value>0xfb4b</value>
         <object_component_ref idref="oc-26c"/>
      </symbol>
      <symbol id="sm-680">
         <name>__c28xabi_cmpull</name>
         <value>0xfb5d</value>
         <object_component_ref idref="oc-26c"/>
      </symbol>
      <symbol id="sm-6a7">
         <name>__c28xabi_modull</name>
         <value>0xe9ff</value>
         <object_component_ref idref="oc-271"/>
      </symbol>
      <symbol id="sm-6a8">
         <name>__c28xabi_divull</name>
         <value>0xe9d0</value>
         <object_component_ref idref="oc-271"/>
      </symbol>
      <symbol id="sm-6a9">
         <name>__c28xabi_divll</name>
         <value>0xe95a</value>
         <object_component_ref idref="oc-271"/>
      </symbol>
      <symbol id="sm-6aa">
         <name>__c28xabi_modll</name>
         <value>0xe996</value>
         <object_component_ref idref="oc-271"/>
      </symbol>
      <symbol id="sm-6b6">
         <name>__c28xabi_itod</name>
         <value>0xfb86</value>
         <object_component_ref idref="oc-2b6"/>
      </symbol>
      <symbol id="sm-6c2">
         <name>__c28xabi_ltod</name>
         <value>0xfbc0</value>
         <object_component_ref idref="oc-29b"/>
      </symbol>
      <symbol id="sm-6d5">
         <name>__c28xabi_divd</name>
         <value>0xeda5</value>
         <object_component_ref idref="oc-286"/>
      </symbol>
      <symbol id="sm-6e7">
         <name>memcpy</name>
         <value>0xfba3</value>
         <object_component_ref idref="oc-4a"/>
      </symbol>
      <symbol id="sm-6f4">
         <name>_system_pre_init</name>
         <value>0xfdd1</value>
         <object_component_ref idref="oc-1ed"/>
      </symbol>
      <symbol id="sm-703">
         <name>__TI_auto_init_nobinit_nopinit</name>
         <value>0xf96f</value>
         <object_component_ref idref="oc-2ef"/>
      </symbol>
      <symbol id="sm-710">
         <name>__TI_zero_init</name>
         <value>0xfdc9</value>
         <object_component_ref idref="oc-58"/>
      </symbol>
      <symbol id="sm-71d">
         <name>__TI_decompress_none</name>
         <value>0xfdb2</value>
         <object_component_ref idref="oc-26"/>
      </symbol>
      <symbol id="sm-731">
         <name>__TI_decompress_lzss</name>
         <value>0xf8dd</value>
         <object_component_ref idref="oc-20"/>
      </symbol>
      <symbol id="sm-747">
         <name>C$$EXIT</name>
         <value>0xf9ee</value>
         <object_component_ref idref="oc-1fa"/>
      </symbol>
      <symbol id="sm-748">
         <name>abort</name>
         <value>0xf9ee</value>
         <object_component_ref idref="oc-1fa"/>
      </symbol>
      <symbol id="sm-749">
         <name>exit</name>
         <value>0xf9f0</value>
         <object_component_ref idref="oc-1fa"/>
      </symbol>
      <symbol id="sm-74a">
         <name>__TI_dtors_ptr</name>
         <value>0xaf3e</value>
         <object_component_ref idref="oc-321"/>
      </symbol>
      <symbol id="sm-74b">
         <name>__TI_cleanup_ptr</name>
         <value>0xaf3c</value>
         <object_component_ref idref="oc-321"/>
      </symbol>
      <symbol id="sm-74c">
         <name>__TI_enable_exit_profile_output</name>
         <value>0xaf3a</value>
         <object_component_ref idref="oc-321"/>
      </symbol>
      <symbol id="sm-763">
         <name>_nop</name>
         <value>0xfda0</value>
         <object_component_ref idref="oc-2d8"/>
      </symbol>
      <symbol id="sm-764">
         <name>_lock</name>
         <value>0xaf54</value>
         <object_component_ref idref="oc-1bd"/>
      </symbol>
      <symbol id="sm-765">
         <name>_unlock</name>
         <value>0xaf56</value>
         <object_component_ref idref="oc-1c0"/>
      </symbol>
      <symbol id="sm-766">
         <name>_register_lock</name>
         <value>0xfd9c</value>
         <object_component_ref idref="oc-2d8"/>
      </symbol>
      <symbol id="sm-767">
         <name>_register_unlock</name>
         <value>0xfd98</value>
         <object_component_ref idref="oc-2d8"/>
      </symbol>
      <symbol id="sm-776">
         <name>__TI_ltoa</name>
         <value>0xf93f</value>
         <object_component_ref idref="oc-295"/>
      </symbol>
      <symbol id="sm-785">
         <name>_args_main</name>
         <value>0xfd57</value>
         <object_component_ref idref="oc-1f4"/>
      </symbol>
      <symbol id="sm-79a">
         <name>atoi</name>
         <value>0xf90e</value>
         <object_component_ref idref="oc-265"/>
      </symbol>
      <symbol id="sm-7a5">
         <name>_ctypes_</name>
         <value>0xa800</value>
         <object_component_ref idref="oc-351"/>
      </symbol>
      <symbol id="sm-7ba">
         <name>__TI_tmpnams</name>
         <value>0xa520</value>
         <object_component_ref idref="oc-479"/>
      </symbol>
      <symbol id="sm-7bb">
         <name>_ftable</name>
         <value>0xae4c</value>
         <object_component_ref idref="oc-1b4"/>
      </symbol>
      <symbol id="sm-7bc">
         <name>__TI_ft_end</name>
         <value>0xaf58</value>
         <object_component_ref idref="oc-33a"/>
      </symbol>
      <symbol id="sm-7cc">
         <name>memccpy</name>
         <value>0xfcea</value>
         <object_component_ref idref="oc-2c7"/>
      </symbol>
      <symbol id="sm-7dc">
         <name>memchr</name>
         <value>0xfd3e</value>
         <object_component_ref idref="oc-259"/>
      </symbol>
      <symbol id="sm-843">
         <name>_sys_memory</name>
         <value>0x8000</value>
         <object_component_ref idref="oc-45"/>
      </symbol>
      <symbol id="sm-844">
         <name>free</name>
         <value>0xcd1e</value>
         <object_component_ref idref="oc-3b8"/>
      </symbol>
      <symbol id="sm-845">
         <name>__TI_heap_total_available</name>
         <value>0xcf4b</value>
         <object_component_ref idref="oc-3b8"/>
      </symbol>
      <symbol id="sm-846">
         <name>__TI_heap_largest_available</name>
         <value>0xcf6a</value>
         <object_component_ref idref="oc-3b8"/>
      </symbol>
      <symbol id="sm-847">
         <name>realloc</name>
         <value>0xcde8</value>
         <object_component_ref idref="oc-3b8"/>
      </symbol>
      <symbol id="sm-848">
         <name>memalign</name>
         <value>0xce9d</value>
         <object_component_ref idref="oc-3b8"/>
      </symbol>
      <symbol id="sm-849">
         <name>calloc</name>
         <value>0xce70</value>
         <object_component_ref idref="oc-3b8"/>
      </symbol>
      <symbol id="sm-84a">
         <name>malloc</name>
         <value>0xccf3</value>
         <object_component_ref idref="oc-3b8"/>
      </symbol>
      <symbol id="sm-84b">
         <name>__TI_heap_check</name>
         <value>0xcf89</value>
         <object_component_ref idref="oc-3b8"/>
      </symbol>
      <symbol id="sm-84c">
         <name>aligned_alloc</name>
         <value>0xce9d</value>
         <object_component_ref idref="oc-3b8"/>
      </symbol>
      <symbol id="sm-84d">
         <name>minit</name>
         <value>0xce6c</value>
         <object_component_ref idref="oc-3b8"/>
      </symbol>
      <symbol id="sm-85c">
         <name>memset</name>
         <value>0xfdc2</value>
         <object_component_ref idref="oc-f0"/>
      </symbol>
      <symbol id="sm-86c">
         <name>strchr</name>
         <value>0xfd63</value>
         <object_component_ref idref="oc-2bb"/>
      </symbol>
      <symbol id="sm-87a">
         <name>strcpy</name>
         <value>0xdffb</value>
         <object_component_ref idref="oc-2c1"/>
      </symbol>
      <symbol id="sm-888">
         <name>strlen</name>
         <value>0xfdba</value>
         <object_component_ref idref="oc-253"/>
      </symbol>
      <symbol id="sm-896">
         <name>write</name>
         <value>0xfc0f</value>
         <object_component_ref idref="oc-24b"/>
      </symbol>
      <symbol id="sm-8a6">
         <name>_stream</name>
         <value>0xaf0c</value>
         <object_component_ref idref="oc-33f"/>
      </symbol>
      <symbol id="sm-8a7">
         <name>_device</name>
         <value>0xaec4</value>
         <object_component_ref idref="oc-3ce"/>
      </symbol>
      <symbol id="sm-8b2">
         <name>errno</name>
         <value>0xaf59</value>
         <object_component_ref idref="oc-2d3"/>
      </symbol>
      <symbol id="sm-8c9">
         <name>frexpl</name>
         <value>0xf35b</value>
         <object_component_ref idref="oc-2aa"/>
      </symbol>
      <symbol id="sm-8ca">
         <name>frexp</name>
         <value>0xf35b</value>
         <object_component_ref idref="oc-2aa"/>
      </symbol>
      <symbol id="sm-8ec">
         <name>scalbn</name>
         <value>0xeb1e</value>
         <object_component_ref idref="oc-2b0"/>
      </symbol>
      <symbol id="sm-8ed">
         <name>scalbnl</name>
         <value>0xeb1e</value>
         <object_component_ref idref="oc-2b0"/>
      </symbol>
      <symbol id="sm-8ee">
         <name>ldexpl</name>
         <value>0xeb1e</value>
         <object_component_ref idref="oc-2b0"/>
      </symbol>
      <symbol id="sm-8ef">
         <name>ldexp</name>
         <value>0xeb1e</value>
         <object_component_ref idref="oc-2b0"/>
      </symbol>
      <symbol id="sm-8fe">
         <name>wcslen</name>
         <value>0xfd7a</value>
         <object_component_ref idref="oc-2cd"/>
      </symbol>
      <symbol id="sm-915">
         <name>__TI_doflush</name>
         <value>0xcf8b</value>
         <object_component_ref idref="oc-245"/>
      </symbol>
      <symbol id="sm-916">
         <name>fflush</name>
         <value>0xcfba</value>
         <object_component_ref idref="oc-245"/>
      </symbol>
      <symbol id="sm-951">
         <name>__TI_cleanup</name>
         <value>0xe8d8</value>
         <object_component_ref idref="oc-3be"/>
      </symbol>
      <symbol id="sm-952">
         <name>freopen</name>
         <value>0xe8f5</value>
         <object_component_ref idref="oc-3be"/>
      </symbol>
      <symbol id="sm-953">
         <name>fopen</name>
         <value>0xe913</value>
         <object_component_ref idref="oc-3be"/>
      </symbol>
      <symbol id="sm-964">
         <name>fseek</name>
         <value>0xf64c</value>
         <object_component_ref idref="oc-32c"/>
      </symbol>
      <symbol id="sm-97b">
         <name>__c28xabi_addd</name>
         <value>0xec73</value>
         <object_component_ref idref="oc-366"/>
      </symbol>
      <symbol id="sm-983">
         <name>__c28xabi_divul</name>
         <value>0xf9e1</value>
         <object_component_ref idref="oc-35e"/>
      </symbol>
      <symbol id="sm-984">
         <name>__c28xabi_modul</name>
         <value>0xf9e8</value>
         <object_component_ref idref="oc-35e"/>
      </symbol>
      <symbol id="sm-985">
         <name>__c28xabi_modl</name>
         <value>0xf9d3</value>
         <object_component_ref idref="oc-35e"/>
      </symbol>
      <symbol id="sm-986">
         <name>__c28xabi_divl</name>
         <value>0xf9c4</value>
         <object_component_ref idref="oc-35e"/>
      </symbol>
      <symbol id="sm-994">
         <name>_system_post_cinit</name>
         <value>0xed0f</value>
         <object_component_ref idref="oc-393"/>
      </symbol>
      <symbol id="sm-9a1">
         <name>HOSTclose</name>
         <value>0xfa17</value>
         <object_component_ref idref="oc-42e"/>
      </symbol>
      <symbol id="sm-9ae">
         <name>HOSTlseek</name>
         <value>0xf23f</value>
         <object_component_ref idref="oc-440"/>
      </symbol>
      <symbol id="sm-9c1">
         <name>parmbuf</name>
         <value>0xa5cc</value>
         <object_component_ref idref="oc-487"/>
      </symbol>
      <symbol id="sm-9c2">
         <name>HOSTopen</name>
         <value>0xf689</value>
         <object_component_ref idref="oc-428"/>
      </symbol>
      <symbol id="sm-9d0">
         <name>HOSTread</name>
         <value>0xf76e</value>
         <object_component_ref idref="oc-434"/>
      </symbol>
      <symbol id="sm-9dd">
         <name>HOSTrename</name>
         <value>0xf5d1</value>
         <object_component_ref idref="oc-44c"/>
      </symbol>
      <symbol id="sm-9ea">
         <name>HOSTunlink</name>
         <value>0xfa89</value>
         <object_component_ref idref="oc-446"/>
      </symbol>
      <symbol id="sm-9f8">
         <name>HOSTwrite</name>
         <value>0xf6c5</value>
         <object_component_ref idref="oc-43a"/>
      </symbol>
      <symbol id="sm-a15">
         <name>__TI_readmsg</name>
         <value>0xed68</value>
         <object_component_ref idref="oc-48a"/>
      </symbol>
      <symbol id="sm-a16">
         <name>C$$IO$$</name>
         <value>0xed63</value>
         <object_component_ref idref="oc-48a"/>
      </symbol>
      <symbol id="sm-a17">
         <name>__CIOBUF_</name>
         <value>0xa400</value>
         <object_component_ref idref="oc-4ba"/>
      </symbol>
      <symbol id="sm-a18">
         <name>__TI_writemsg</name>
         <value>0xed10</value>
         <object_component_ref idref="oc-48a"/>
      </symbol>
      <symbol id="sm-a31">
         <name>open</name>
         <value>0xf0ff</value>
         <object_component_ref idref="oc-416"/>
      </symbol>
      <symbol id="sm-a3f">
         <name>lseek</name>
         <value>0xfc40</value>
         <object_component_ref idref="oc-3b0"/>
      </symbol>
      <symbol id="sm-a4d">
         <name>copysign</name>
         <value>0xfa40</value>
         <object_component_ref idref="oc-375"/>
      </symbol>
      <symbol id="sm-a4e">
         <name>copysignl</name>
         <value>0xfa40</value>
         <object_component_ref idref="oc-375"/>
      </symbol>
      <symbol id="sm-a60">
         <name>__TI_closefile</name>
         <value>0xf2fe</value>
         <object_component_ref idref="oc-41c"/>
      </symbol>
      <symbol id="sm-a61">
         <name>fclose</name>
         <value>0xf342</value>
         <object_component_ref idref="oc-41c"/>
      </symbol>
      <symbol id="sm-a73">
         <name>finddevice</name>
         <value>0xf4ab</value>
         <object_component_ref idref="oc-46b"/>
      </symbol>
      <symbol id="sm-a74">
         <name>getdevice</name>
         <value>0xf4c6</value>
         <object_component_ref idref="oc-46b"/>
      </symbol>
      <symbol id="sm-a83">
         <name>strcmp</name>
         <value>0xfd85</value>
         <object_component_ref idref="oc-49e"/>
      </symbol>
      <symbol id="sm-a94">
         <name>strncpy</name>
         <value>0xfcb0</value>
         <object_component_ref idref="oc-4a4"/>
      </symbol>
      <symbol id="sm-aa6">
         <name>close</name>
         <value>0xf879</value>
         <object_component_ref idref="oc-473"/>
      </symbol>
      <symbol id="sm-ab3">
         <name>unlink</name>
         <value>0xfbf6</value>
         <object_component_ref idref="oc-47c"/>
      </symbol>
      <symbol id="sm-ab5">
         <name>__c_args__</name>
         <value>0x0</value>
      </symbol>
      <symbol id="sm-ab6">
         <name>remove</name>
         <value>0xfbf6</value>
      </symbol>
   </symbol_table>
   <title>Link successful</title>
</link_info>
