<?xml version="1.0" encoding="ISO-8859-1" ?>
<link_info>
   <banner>TMS320C2000 Linker PC v20.2.1.LTS</banner>
   <copyright>Copyright (c) 1996-2018 Texas Instruments Incorporated</copyright>
   <link_time>0x5fb9675b</link_time>
   <link_errors>0x0</link_errors>
   <output_file>emote-controller_driverlib.out</output_file>
   <entry_point>
      <name>code_start</name>
      <address>0x0</address>
   </entry_point>
   <input_file_list>
      <input_file id="fl-2">
         <path>.\</path>
         <kind>object</kind>
         <file>Trigger3ADCs.obj</file>
         <name>Trigger3ADCs.obj</name>
      </input_file>
      <input_file id="fl-3">
         <path>.\</path>
         <kind>object</kind>
         <file>board.obj</file>
         <name>board.obj</name>
      </input_file>
      <input_file id="fl-4">
         <path>.\</path>
         <kind>object</kind>
         <file>main.obj</file>
         <name>main.obj</name>
      </input_file>
      <input_file id="fl-5">
         <path>.\</path>
         <kind>object</kind>
         <file>sampling.obj</file>
         <name>sampling.obj</name>
      </input_file>
      <input_file id="fl-6">
         <path>.\device\</path>
         <kind>object</kind>
         <file>F2837xD_CodeStartBranch.obj</file>
         <name>F2837xD_CodeStartBranch.obj</name>
      </input_file>
      <input_file id="fl-7">
         <path>.\device\</path>
         <kind>object</kind>
         <file>device.obj</file>
         <name>device.obj</name>
      </input_file>
      <input_file id="fl-c">
         <kind>object</kind>
         <file>&lt;internal&gt;</file>
         <name>&lt;internal&gt;</name>
      </input_file>
      <input_file id="fl-10">
         <path>C:\ti\C2000Ware_3_03_00_00_Software\driverlib\f2837xd\driverlib\ccs\Debug\</path>
         <kind>archive</kind>
         <file>driverlib_eabi.lib</file>
         <name>adc.obj</name>
      </input_file>
      <input_file id="fl-11">
         <path>C:\ti\C2000Ware_3_03_00_00_Software\driverlib\f2837xd\driverlib\ccs\Debug\</path>
         <kind>archive</kind>
         <file>driverlib_eabi.lib</file>
         <name>epwm.obj</name>
      </input_file>
      <input_file id="fl-12">
         <path>C:\ti\C2000Ware_3_03_00_00_Software\driverlib\f2837xd\driverlib\ccs\Debug\</path>
         <kind>archive</kind>
         <file>driverlib_eabi.lib</file>
         <name>gpio.obj</name>
      </input_file>
      <input_file id="fl-13">
         <path>C:\ti\C2000Ware_3_03_00_00_Software\driverlib\f2837xd\driverlib\ccs\Debug\</path>
         <kind>archive</kind>
         <file>driverlib_eabi.lib</file>
         <name>interrupt.obj</name>
      </input_file>
      <input_file id="fl-14">
         <path>C:\ti\C2000Ware_3_03_00_00_Software\driverlib\f2837xd\driverlib\ccs\Debug\</path>
         <kind>archive</kind>
         <file>driverlib_eabi.lib</file>
         <name>sysctl.obj</name>
      </input_file>
      <input_file id="fl-20">
         <path>C:\ti\ccs1011\ccs\tools\compiler\ti-cgt-c2000_20.2.1.LTS\lib\</path>
         <kind>archive</kind>
         <file>rts2800_fpu32_eabi.lib</file>
         <name>printf.c.obj</name>
      </input_file>
      <input_file id="fl-21">
         <path>C:\ti\ccs1011\ccs\tools\compiler\ti-cgt-c2000_20.2.1.LTS\lib\</path>
         <kind>archive</kind>
         <file>rts2800_fpu32_eabi.lib</file>
         <name>_printfi.c.obj</name>
      </input_file>
      <input_file id="fl-22">
         <path>C:\ti\ccs1011\ccs\tools\compiler\ti-cgt-c2000_20.2.1.LTS\lib\</path>
         <kind>archive</kind>
         <file>rts2800_fpu32_eabi.lib</file>
         <name>fputc.c.obj</name>
      </input_file>
      <input_file id="fl-23">
         <path>C:\ti\ccs1011\ccs\tools\compiler\ti-cgt-c2000_20.2.1.LTS\lib\</path>
         <kind>archive</kind>
         <file>rts2800_fpu32_eabi.lib</file>
         <name>fputs.c.obj</name>
      </input_file>
      <input_file id="fl-24">
         <path>C:\ti\ccs1011\ccs\tools\compiler\ti-cgt-c2000_20.2.1.LTS\lib\</path>
         <kind>archive</kind>
         <file>rts2800_fpu32_eabi.lib</file>
         <name>_io_perm.c.obj</name>
      </input_file>
      <input_file id="fl-25">
         <path>C:\ti\ccs1011\ccs\tools\compiler\ti-cgt-c2000_20.2.1.LTS\lib\</path>
         <kind>archive</kind>
         <file>rts2800_fpu32_eabi.lib</file>
         <name>setvbuf.c.obj</name>
      </input_file>
      <input_file id="fl-26">
         <path>C:\ti\ccs1011\ccs\tools\compiler\ti-cgt-c2000_20.2.1.LTS\lib\</path>
         <kind>archive</kind>
         <file>rts2800_fpu32_eabi.lib</file>
         <name>boot28.asm.obj</name>
      </input_file>
      <input_file id="fl-27">
         <path>C:\ti\ccs1011\ccs\tools\compiler\ti-cgt-c2000_20.2.1.LTS\lib\</path>
         <kind>archive</kind>
         <file>rts2800_fpu32_eabi.lib</file>
         <name>fd_cmp28.asm.obj</name>
      </input_file>
      <input_file id="fl-28">
         <path>C:\ti\ccs1011\ccs\tools\compiler\ti-cgt-c2000_20.2.1.LTS\lib\</path>
         <kind>archive</kind>
         <file>rts2800_fpu32_eabi.lib</file>
         <name>fd_mpy28.asm.obj</name>
      </input_file>
      <input_file id="fl-29">
         <path>C:\ti\ccs1011\ccs\tools\compiler\ti-cgt-c2000_20.2.1.LTS\lib\</path>
         <kind>archive</kind>
         <file>rts2800_fpu32_eabi.lib</file>
         <name>fd_neg28.asm.obj</name>
      </input_file>
      <input_file id="fl-2a">
         <path>C:\ti\ccs1011\ccs\tools\compiler\ti-cgt-c2000_20.2.1.LTS\lib\</path>
         <kind>archive</kind>
         <file>rts2800_fpu32_eabi.lib</file>
         <name>fd_sub28.asm.obj</name>
      </input_file>
      <input_file id="fl-2b">
         <path>C:\ti\ccs1011\ccs\tools\compiler\ti-cgt-c2000_20.2.1.LTS\lib\</path>
         <kind>archive</kind>
         <file>rts2800_fpu32_eabi.lib</file>
         <name>fd_toi28.asm.obj</name>
      </input_file>
      <input_file id="fl-2c">
         <path>C:\ti\ccs1011\ccs\tools\compiler\ti-cgt-c2000_20.2.1.LTS\lib\</path>
         <kind>archive</kind>
         <file>rts2800_fpu32_eabi.lib</file>
         <name>fd_tol28.asm.obj</name>
      </input_file>
      <input_file id="fl-2d">
         <path>C:\ti\ccs1011\ccs\tools\compiler\ti-cgt-c2000_20.2.1.LTS\lib\</path>
         <kind>archive</kind>
         <file>rts2800_fpu32_eabi.lib</file>
         <name>fs_div28.asm.obj</name>
      </input_file>
      <input_file id="fl-2e">
         <path>C:\ti\ccs1011\ccs\tools\compiler\ti-cgt-c2000_20.2.1.LTS\lib\</path>
         <kind>archive</kind>
         <file>rts2800_fpu32_eabi.lib</file>
         <name>ll_aox28.asm.obj</name>
      </input_file>
      <input_file id="fl-2f">
         <path>C:\ti\ccs1011\ccs\tools\compiler\ti-cgt-c2000_20.2.1.LTS\lib\</path>
         <kind>archive</kind>
         <file>rts2800_fpu32_eabi.lib</file>
         <name>ll_cmp28.asm.obj</name>
      </input_file>
      <input_file id="fl-30">
         <path>C:\ti\ccs1011\ccs\tools\compiler\ti-cgt-c2000_20.2.1.LTS\lib\</path>
         <kind>archive</kind>
         <file>rts2800_fpu32_eabi.lib</file>
         <name>ll_div28.asm.obj</name>
      </input_file>
      <input_file id="fl-31">
         <path>C:\ti\ccs1011\ccs\tools\compiler\ti-cgt-c2000_20.2.1.LTS\lib\</path>
         <kind>archive</kind>
         <file>rts2800_fpu32_eabi.lib</file>
         <name>i_tofd28.asm.obj</name>
      </input_file>
      <input_file id="fl-32">
         <path>C:\ti\ccs1011\ccs\tools\compiler\ti-cgt-c2000_20.2.1.LTS\lib\</path>
         <kind>archive</kind>
         <file>rts2800_fpu32_eabi.lib</file>
         <name>l_tofd28.asm.obj</name>
      </input_file>
      <input_file id="fl-33">
         <path>C:\ti\ccs1011\ccs\tools\compiler\ti-cgt-c2000_20.2.1.LTS\lib\</path>
         <kind>archive</kind>
         <file>rts2800_fpu32_eabi.lib</file>
         <name>fs_tofdfpu32.asm.obj</name>
      </input_file>
      <input_file id="fl-34">
         <path>C:\ti\ccs1011\ccs\tools\compiler\ti-cgt-c2000_20.2.1.LTS\lib\</path>
         <kind>archive</kind>
         <file>rts2800_fpu32_eabi.lib</file>
         <name>fd_tofsfpu32.asm.obj</name>
      </input_file>
      <input_file id="fl-35">
         <path>C:\ti\ccs1011\ccs\tools\compiler\ti-cgt-c2000_20.2.1.LTS\lib\</path>
         <kind>archive</kind>
         <file>rts2800_fpu32_eabi.lib</file>
         <name>fd_div28.asm.obj</name>
      </input_file>
      <input_file id="fl-36">
         <path>C:\ti\ccs1011\ccs\tools\compiler\ti-cgt-c2000_20.2.1.LTS\lib\</path>
         <kind>archive</kind>
         <file>rts2800_fpu32_eabi.lib</file>
         <name>memcpy.c.obj</name>
      </input_file>
      <input_file id="fl-37">
         <path>C:\ti\ccs1011\ccs\tools\compiler\ti-cgt-c2000_20.2.1.LTS\lib\</path>
         <kind>archive</kind>
         <file>rts2800_fpu32_eabi.lib</file>
         <name>pre_init.c.obj</name>
      </input_file>
      <input_file id="fl-38">
         <path>C:\ti\ccs1011\ccs\tools\compiler\ti-cgt-c2000_20.2.1.LTS\lib\</path>
         <kind>archive</kind>
         <file>rts2800_fpu32_eabi.lib</file>
         <name>autoinit.c.obj</name>
      </input_file>
      <input_file id="fl-39">
         <path>C:\ti\ccs1011\ccs\tools\compiler\ti-cgt-c2000_20.2.1.LTS\lib\</path>
         <kind>archive</kind>
         <file>rts2800_fpu32_eabi.lib</file>
         <name>copy_zero_init.c.obj</name>
      </input_file>
      <input_file id="fl-3a">
         <path>C:\ti\ccs1011\ccs\tools\compiler\ti-cgt-c2000_20.2.1.LTS\lib\</path>
         <kind>archive</kind>
         <file>rts2800_fpu32_eabi.lib</file>
         <name>copy_decompress_none.c.obj</name>
      </input_file>
      <input_file id="fl-3b">
         <path>C:\ti\ccs1011\ccs\tools\compiler\ti-cgt-c2000_20.2.1.LTS\lib\</path>
         <kind>archive</kind>
         <file>rts2800_fpu32_eabi.lib</file>
         <name>copy_decompress_lzss.c.obj</name>
      </input_file>
      <input_file id="fl-3c">
         <path>C:\ti\ccs1011\ccs\tools\compiler\ti-cgt-c2000_20.2.1.LTS\lib\</path>
         <kind>archive</kind>
         <file>rts2800_fpu32_eabi.lib</file>
         <name>exit.c.obj</name>
      </input_file>
      <input_file id="fl-3d">
         <path>C:\ti\ccs1011\ccs\tools\compiler\ti-cgt-c2000_20.2.1.LTS\lib\</path>
         <kind>archive</kind>
         <file>rts2800_fpu32_eabi.lib</file>
         <name>_lock.c.obj</name>
      </input_file>
      <input_file id="fl-3e">
         <path>C:\ti\ccs1011\ccs\tools\compiler\ti-cgt-c2000_20.2.1.LTS\lib\</path>
         <kind>archive</kind>
         <file>rts2800_fpu32_eabi.lib</file>
         <name>_ltoa.c.obj</name>
      </input_file>
      <input_file id="fl-3f">
         <path>C:\ti\ccs1011\ccs\tools\compiler\ti-cgt-c2000_20.2.1.LTS\lib\</path>
         <kind>archive</kind>
         <file>rts2800_fpu32_eabi.lib</file>
         <name>args_main.c.obj</name>
      </input_file>
      <input_file id="fl-40">
         <path>C:\ti\ccs1011\ccs\tools\compiler\ti-cgt-c2000_20.2.1.LTS\lib\</path>
         <kind>archive</kind>
         <file>rts2800_fpu32_eabi.lib</file>
         <name>atoi.c.obj</name>
      </input_file>
      <input_file id="fl-41">
         <path>C:\ti\ccs1011\ccs\tools\compiler\ti-cgt-c2000_20.2.1.LTS\lib\</path>
         <kind>archive</kind>
         <file>rts2800_fpu32_eabi.lib</file>
         <name>ctype.c.obj</name>
      </input_file>
      <input_file id="fl-42">
         <path>C:\ti\ccs1011\ccs\tools\compiler\ti-cgt-c2000_20.2.1.LTS\lib\</path>
         <kind>archive</kind>
         <file>rts2800_fpu32_eabi.lib</file>
         <name>defs.c.obj</name>
      </input_file>
      <input_file id="fl-43">
         <path>C:\ti\ccs1011\ccs\tools\compiler\ti-cgt-c2000_20.2.1.LTS\lib\</path>
         <kind>archive</kind>
         <file>rts2800_fpu32_eabi.lib</file>
         <name>memccpy.c.obj</name>
      </input_file>
      <input_file id="fl-44">
         <path>C:\ti\ccs1011\ccs\tools\compiler\ti-cgt-c2000_20.2.1.LTS\lib\</path>
         <kind>archive</kind>
         <file>rts2800_fpu32_eabi.lib</file>
         <name>memchr.c.obj</name>
      </input_file>
      <input_file id="fl-45">
         <path>C:\ti\ccs1011\ccs\tools\compiler\ti-cgt-c2000_20.2.1.LTS\lib\</path>
         <kind>archive</kind>
         <file>rts2800_fpu32_eabi.lib</file>
         <name>memory.c.obj</name>
      </input_file>
      <input_file id="fl-46">
         <path>C:\ti\ccs1011\ccs\tools\compiler\ti-cgt-c2000_20.2.1.LTS\lib\</path>
         <kind>archive</kind>
         <file>rts2800_fpu32_eabi.lib</file>
         <name>memset.c.obj</name>
      </input_file>
      <input_file id="fl-47">
         <path>C:\ti\ccs1011\ccs\tools\compiler\ti-cgt-c2000_20.2.1.LTS\lib\</path>
         <kind>archive</kind>
         <file>rts2800_fpu32_eabi.lib</file>
         <name>strchr.c.obj</name>
      </input_file>
      <input_file id="fl-48">
         <path>C:\ti\ccs1011\ccs\tools\compiler\ti-cgt-c2000_20.2.1.LTS\lib\</path>
         <kind>archive</kind>
         <file>rts2800_fpu32_eabi.lib</file>
         <name>strcpy.c.obj</name>
      </input_file>
      <input_file id="fl-49">
         <path>C:\ti\ccs1011\ccs\tools\compiler\ti-cgt-c2000_20.2.1.LTS\lib\</path>
         <kind>archive</kind>
         <file>rts2800_fpu32_eabi.lib</file>
         <name>strlen.c.obj</name>
      </input_file>
      <input_file id="fl-4a">
         <path>C:\ti\ccs1011\ccs\tools\compiler\ti-cgt-c2000_20.2.1.LTS\lib\</path>
         <kind>archive</kind>
         <file>rts2800_fpu32_eabi.lib</file>
         <name>write.c.obj</name>
      </input_file>
      <input_file id="fl-4b">
         <path>C:\ti\ccs1011\ccs\tools\compiler\ti-cgt-c2000_20.2.1.LTS\lib\</path>
         <kind>archive</kind>
         <file>rts2800_fpu32_eabi.lib</file>
         <name>host_device.c.obj</name>
      </input_file>
      <input_file id="fl-4c">
         <path>C:\ti\ccs1011\ccs\tools\compiler\ti-cgt-c2000_20.2.1.LTS\lib\</path>
         <kind>archive</kind>
         <file>rts2800_fpu32_eabi.lib</file>
         <name>errno.c.obj</name>
      </input_file>
      <input_file id="fl-4d">
         <path>C:\ti\ccs1011\ccs\tools\compiler\ti-cgt-c2000_20.2.1.LTS\lib\</path>
         <kind>archive</kind>
         <file>rts2800_fpu32_eabi.lib</file>
         <name>s_frexp.c.obj</name>
      </input_file>
      <input_file id="fl-4e">
         <path>C:\ti\ccs1011\ccs\tools\compiler\ti-cgt-c2000_20.2.1.LTS\lib\</path>
         <kind>archive</kind>
         <file>rts2800_fpu32_eabi.lib</file>
         <name>s_scalbn.c.obj</name>
      </input_file>
      <input_file id="fl-4f">
         <path>C:\ti\ccs1011\ccs\tools\compiler\ti-cgt-c2000_20.2.1.LTS\lib\</path>
         <kind>archive</kind>
         <file>rts2800_fpu32_eabi.lib</file>
         <name>wcslen.c.obj</name>
      </input_file>
      <input_file id="fl-50">
         <path>C:\ti\ccs1011\ccs\tools\compiler\ti-cgt-c2000_20.2.1.LTS\lib\</path>
         <kind>archive</kind>
         <file>rts2800_fpu32_eabi.lib</file>
         <name>fflush.c.obj</name>
      </input_file>
      <input_file id="fl-51">
         <path>C:\ti\ccs1011\ccs\tools\compiler\ti-cgt-c2000_20.2.1.LTS\lib\</path>
         <kind>archive</kind>
         <file>rts2800_fpu32_eabi.lib</file>
         <name>fopen.c.obj</name>
      </input_file>
      <input_file id="fl-52">
         <path>C:\ti\ccs1011\ccs\tools\compiler\ti-cgt-c2000_20.2.1.LTS\lib\</path>
         <kind>archive</kind>
         <file>rts2800_fpu32_eabi.lib</file>
         <name>fseek.c.obj</name>
      </input_file>
      <input_file id="fl-53">
         <path>C:\ti\ccs1011\ccs\tools\compiler\ti-cgt-c2000_20.2.1.LTS\lib\</path>
         <kind>archive</kind>
         <file>rts2800_fpu32_eabi.lib</file>
         <name>fd_add28.asm.obj</name>
      </input_file>
      <input_file id="fl-54">
         <path>C:\ti\ccs1011\ccs\tools\compiler\ti-cgt-c2000_20.2.1.LTS\lib\</path>
         <kind>archive</kind>
         <file>rts2800_fpu32_eabi.lib</file>
         <name>l_div28.asm.obj</name>
      </input_file>
      <input_file id="fl-55">
         <path>C:\ti\ccs1011\ccs\tools\compiler\ti-cgt-c2000_20.2.1.LTS\lib\</path>
         <kind>archive</kind>
         <file>rts2800_fpu32_eabi.lib</file>
         <name>cpy_tbl.c.obj</name>
      </input_file>
      <input_file id="fl-56">
         <path>C:\ti\ccs1011\ccs\tools\compiler\ti-cgt-c2000_20.2.1.LTS\lib\</path>
         <kind>archive</kind>
         <file>rts2800_fpu32_eabi.lib</file>
         <name>startup.c.obj</name>
      </input_file>
      <input_file id="fl-57">
         <path>C:\ti\ccs1011\ccs\tools\compiler\ti-cgt-c2000_20.2.1.LTS\lib\</path>
         <kind>archive</kind>
         <file>rts2800_fpu32_eabi.lib</file>
         <name>hostclose.c.obj</name>
      </input_file>
      <input_file id="fl-58">
         <path>C:\ti\ccs1011\ccs\tools\compiler\ti-cgt-c2000_20.2.1.LTS\lib\</path>
         <kind>archive</kind>
         <file>rts2800_fpu32_eabi.lib</file>
         <name>hostlseek.c.obj</name>
      </input_file>
      <input_file id="fl-59">
         <path>C:\ti\ccs1011\ccs\tools\compiler\ti-cgt-c2000_20.2.1.LTS\lib\</path>
         <kind>archive</kind>
         <file>rts2800_fpu32_eabi.lib</file>
         <name>hostopen.c.obj</name>
      </input_file>
      <input_file id="fl-5a">
         <path>C:\ti\ccs1011\ccs\tools\compiler\ti-cgt-c2000_20.2.1.LTS\lib\</path>
         <kind>archive</kind>
         <file>rts2800_fpu32_eabi.lib</file>
         <name>hostread.c.obj</name>
      </input_file>
      <input_file id="fl-5b">
         <path>C:\ti\ccs1011\ccs\tools\compiler\ti-cgt-c2000_20.2.1.LTS\lib\</path>
         <kind>archive</kind>
         <file>rts2800_fpu32_eabi.lib</file>
         <name>hostrename.c.obj</name>
      </input_file>
      <input_file id="fl-5c">
         <path>C:\ti\ccs1011\ccs\tools\compiler\ti-cgt-c2000_20.2.1.LTS\lib\</path>
         <kind>archive</kind>
         <file>rts2800_fpu32_eabi.lib</file>
         <name>hostunlink.c.obj</name>
      </input_file>
      <input_file id="fl-5d">
         <path>C:\ti\ccs1011\ccs\tools\compiler\ti-cgt-c2000_20.2.1.LTS\lib\</path>
         <kind>archive</kind>
         <file>rts2800_fpu32_eabi.lib</file>
         <name>hostwrite.c.obj</name>
      </input_file>
      <input_file id="fl-5e">
         <path>C:\ti\ccs1011\ccs\tools\compiler\ti-cgt-c2000_20.2.1.LTS\lib\</path>
         <kind>archive</kind>
         <file>rts2800_fpu32_eabi.lib</file>
         <name>trgmsg.c.obj</name>
      </input_file>
      <input_file id="fl-5f">
         <path>C:\ti\ccs1011\ccs\tools\compiler\ti-cgt-c2000_20.2.1.LTS\lib\</path>
         <kind>archive</kind>
         <file>rts2800_fpu32_eabi.lib</file>
         <name>open.c.obj</name>
      </input_file>
      <input_file id="fl-60">
         <path>C:\ti\ccs1011\ccs\tools\compiler\ti-cgt-c2000_20.2.1.LTS\lib\</path>
         <kind>archive</kind>
         <file>rts2800_fpu32_eabi.lib</file>
         <name>lseek.c.obj</name>
      </input_file>
      <input_file id="fl-61">
         <path>C:\ti\ccs1011\ccs\tools\compiler\ti-cgt-c2000_20.2.1.LTS\lib\</path>
         <kind>archive</kind>
         <file>rts2800_fpu32_eabi.lib</file>
         <name>s_copysign.c.obj</name>
      </input_file>
      <input_file id="fl-62">
         <path>C:\ti\ccs1011\ccs\tools\compiler\ti-cgt-c2000_20.2.1.LTS\lib\</path>
         <kind>archive</kind>
         <file>rts2800_fpu32_eabi.lib</file>
         <name>fclose.c.obj</name>
      </input_file>
      <input_file id="fl-63">
         <path>C:\ti\ccs1011\ccs\tools\compiler\ti-cgt-c2000_20.2.1.LTS\lib\</path>
         <kind>archive</kind>
         <file>rts2800_fpu32_eabi.lib</file>
         <name>getdevice.c.obj</name>
      </input_file>
      <input_file id="fl-64">
         <path>C:\ti\ccs1011\ccs\tools\compiler\ti-cgt-c2000_20.2.1.LTS\lib\</path>
         <kind>archive</kind>
         <file>rts2800_fpu32_eabi.lib</file>
         <name>strcmp.c.obj</name>
      </input_file>
      <input_file id="fl-65">
         <path>C:\ti\ccs1011\ccs\tools\compiler\ti-cgt-c2000_20.2.1.LTS\lib\</path>
         <kind>archive</kind>
         <file>rts2800_fpu32_eabi.lib</file>
         <name>strncpy.c.obj</name>
      </input_file>
      <input_file id="fl-66">
         <path>C:\ti\ccs1011\ccs\tools\compiler\ti-cgt-c2000_20.2.1.LTS\lib\</path>
         <kind>archive</kind>
         <file>rts2800_fpu32_eabi.lib</file>
         <name>remove.c.obj</name>
      </input_file>
      <input_file id="fl-67">
         <path>C:\ti\ccs1011\ccs\tools\compiler\ti-cgt-c2000_20.2.1.LTS\lib\</path>
         <kind>archive</kind>
         <file>rts2800_fpu32_eabi.lib</file>
         <name>close.c.obj</name>
      </input_file>
      <input_file id="fl-68">
         <path>C:\ti\ccs1011\ccs\tools\compiler\ti-cgt-c2000_20.2.1.LTS\lib\</path>
         <kind>archive</kind>
         <file>rts2800_fpu32_eabi.lib</file>
         <name>unlink.c.obj</name>
      </input_file>
   </input_file_list>
   <object_component_list>
      <object_component id="oc-2d">
         <name>codestart</name>
         <load_address>0x0</load_address>
         <run_address>0x0</run_address>
         <size>0x2</size>
         <input_file_ref idref="fl-6"/>
      </object_component>
      <object_component id="oc-1cc">
         <name>.text</name>
         <load_address>0xc000</load_address>
         <run_address>0xc000</run_address>
         <size>0xcf3</size>
         <input_file_ref idref="fl-21"/>
      </object_component>
      <object_component id="oc-3ad">
         <name>.text</name>
         <load_address>0xccf3</load_address>
         <run_address>0xccf3</run_address>
         <size>0x298</size>
         <input_file_ref idref="fl-45"/>
      </object_component>
      <object_component id="oc-251">
         <name>.text</name>
         <load_address>0xcf8b</load_address>
         <run_address>0xcf8b</run_address>
         <size>0x73</size>
         <input_file_ref idref="fl-50"/>
      </object_component>
      <object_component id="oc-154">
         <name>.text:Interrupt_illegalOperationHandler</name>
         <load_address>0xcffe</load_address>
         <run_address>0xcffe</run_address>
         <size>0x2</size>
         <input_file_ref idref="fl-13"/>
      </object_component>
      <object_component id="oc-38">
         <name>.text</name>
         <load_address>0xd000</load_address>
         <run_address>0xd000</run_address>
         <size>0x810</size>
         <input_file_ref idref="fl-4"/>
      </object_component>
      <object_component id="oc-ac">
         <name>.text</name>
         <load_address>0xd810</load_address>
         <run_address>0xd810</run_address>
         <size>0x40d</size>
         <input_file_ref idref="fl-5"/>
      </object_component>
      <object_component id="oc-11b">
         <name>.text:SysCtl_setClock</name>
         <load_address>0xdc1d</load_address>
         <run_address>0xdc1d</run_address>
         <size>0x21f</size>
         <input_file_ref idref="fl-14"/>
      </object_component>
      <object_component id="oc-3b3">
         <name>.text</name>
         <load_address>0xde3c</load_address>
         <run_address>0xde3c</run_address>
         <size>0x121</size>
         <input_file_ref idref="fl-51"/>
      </object_component>
      <object_component id="oc-1b5">
         <name>.text</name>
         <load_address>0xdf5d</load_address>
         <run_address>0xdf5d</run_address>
         <size>0x9c</size>
         <input_file_ref idref="fl-53"/>
      </object_component>
      <object_component id="oc-103">
         <name>.text</name>
         <load_address>0xdff9</load_address>
         <run_address>0xdff9</run_address>
         <size>0x7</size>
         <input_file_ref idref="fl-46"/>
      </object_component>
      <object_component id="oc-6a">
         <name>.text</name>
         <load_address>0xe000</load_address>
         <run_address>0xe000</run_address>
         <size>0x407</size>
         <input_file_ref idref="fl-7"/>
      </object_component>
      <object_component id="oc-b2">
         <name>.text:EPWM_configureSignal</name>
         <load_address>0xe407</load_address>
         <run_address>0xe407</run_address>
         <size>0x213</size>
         <input_file_ref idref="fl-11"/>
      </object_component>
      <object_component id="oc-3e">
         <name>.text:retain</name>
         <load_address>0xe61a</load_address>
         <run_address>0xe61a</run_address>
         <size>0x120</size>
         <input_file_ref idref="fl-5"/>
      </object_component>
      <object_component id="oc-27d">
         <name>.text</name>
         <load_address>0xe73a</load_address>
         <run_address>0xe73a</run_address>
         <size>0x107</size>
         <input_file_ref idref="fl-30"/>
      </object_component>
      <object_component id="oc-dd">
         <name>.text:ADC_setMode</name>
         <load_address>0xe841</load_address>
         <run_address>0xe841</run_address>
         <size>0xbd</size>
         <input_file_ref idref="fl-10"/>
      </object_component>
      <object_component id="oc-2ad">
         <name>.text</name>
         <load_address>0xe8fe</load_address>
         <run_address>0xe8fe</run_address>
         <size>0xae</size>
         <input_file_ref idref="fl-4e"/>
      </object_component>
      <object_component id="oc-1c3">
         <name>.text</name>
         <load_address>0xe9ac</load_address>
         <run_address>0xe9ac</run_address>
         <size>0xa8</size>
         <input_file_ref idref="fl-23"/>
      </object_component>
      <object_component id="oc-32">
         <name>.text:retain</name>
         <load_address>0xea54</load_address>
         <run_address>0xea54</run_address>
         <size>0xa7</size>
         <input_file_ref idref="fl-4"/>
      </object_component>
      <object_component id="oc-388">
         <name>.text</name>
         <load_address>0xeafb</load_address>
         <run_address>0xeafb</run_address>
         <size>0x1</size>
         <input_file_ref idref="fl-56"/>
      </object_component>
      <object_component id="oc-47e">
         <name>.text</name>
         <load_address>0xeafc</load_address>
         <run_address>0xeafc</run_address>
         <size>0x95</size>
         <input_file_ref idref="fl-5e"/>
      </object_component>
      <object_component id="oc-28d">
         <name>.text</name>
         <load_address>0xeb91</load_address>
         <run_address>0xeb91</run_address>
         <size>0x8b</size>
         <input_file_ref idref="fl-35"/>
      </object_component>
      <object_component id="oc-b8">
         <name>.text</name>
         <load_address>0xec1c</load_address>
         <run_address>0xec1c</run_address>
         <size>0x88</size>
         <input_file_ref idref="fl-2d"/>
      </object_component>
      <object_component id="oc-c3">
         <name>.text</name>
         <load_address>0xeca4</load_address>
         <run_address>0xeca4</run_address>
         <size>0x83</size>
         <input_file_ref idref="fl-28"/>
      </object_component>
      <object_component id="oc-9a">
         <name>.text</name>
         <load_address>0xed27</load_address>
         <run_address>0xed27</run_address>
         <size>0x82</size>
         <input_file_ref idref="fl-3"/>
      </object_component>
      <object_component id="oc-32f">
         <name>.text</name>
         <load_address>0xeda9</load_address>
         <run_address>0xeda9</run_address>
         <size>0x7d</size>
         <input_file_ref idref="fl-25"/>
      </object_component>
      <object_component id="oc-40a">
         <name>.text</name>
         <load_address>0xee26</load_address>
         <run_address>0xee26</run_address>
         <size>0x71</size>
         <input_file_ref idref="fl-5f"/>
      </object_component>
      <object_component id="oc-115">
         <name>.text:SysCtl_getDeviceParametric</name>
         <load_address>0xee97</load_address>
         <run_address>0xee97</run_address>
         <size>0x68</size>
         <input_file_ref idref="fl-14"/>
      </object_component>
      <object_component id="oc-24b">
         <name>.text</name>
         <load_address>0xeeff</load_address>
         <run_address>0xeeff</run_address>
         <size>0x67</size>
         <input_file_ref idref="fl-24"/>
      </object_component>
      <object_component id="oc-434">
         <name>.text</name>
         <load_address>0xef66</load_address>
         <run_address>0xef66</run_address>
         <size>0x61</size>
         <input_file_ref idref="fl-58"/>
      </object_component>
      <object_component id="oc-42e">
         <name>.text</name>
         <load_address>0xefc7</load_address>
         <run_address>0xefc7</run_address>
         <size>0x39</size>
         <input_file_ref idref="fl-5d"/>
      </object_component>
      <object_component id="oc-218">
         <name>.text:SysCtl_selectOscSource</name>
         <load_address>0xf000</load_address>
         <run_address>0xf000</run_address>
         <size>0x5e</size>
         <input_file_ref idref="fl-14"/>
      </object_component>
      <object_component id="oc-410">
         <name>.text</name>
         <load_address>0xf05e</load_address>
         <run_address>0xf05e</run_address>
         <size>0x5d</size>
         <input_file_ref idref="fl-62"/>
      </object_component>
      <object_component id="oc-2a7">
         <name>.text</name>
         <load_address>0xf0bb</load_address>
         <run_address>0xf0bb</run_address>
         <size>0x5a</size>
         <input_file_ref idref="fl-4d"/>
      </object_component>
      <object_component id="oc-1bd">
         <name>.text</name>
         <load_address>0xf115</load_address>
         <run_address>0xf115</run_address>
         <size>0x53</size>
         <input_file_ref idref="fl-22"/>
      </object_component>
      <object_component id="oc-7c">
         <name>.text:GPIO_setPadConfig</name>
         <load_address>0xf168</load_address>
         <run_address>0xf168</run_address>
         <size>0x52</size>
         <input_file_ref idref="fl-12"/>
      </object_component>
      <object_component id="oc-121">
         <name>.text:SysCtl_getClock</name>
         <load_address>0xf1ba</load_address>
         <run_address>0xf1ba</run_address>
         <size>0x51</size>
         <input_file_ref idref="fl-14"/>
      </object_component>
      <object_component id="oc-45f">
         <name>.text</name>
         <load_address>0xf20b</load_address>
         <run_address>0xf20b</run_address>
         <size>0x51</size>
         <input_file_ref idref="fl-63"/>
      </object_component>
      <object_component id="oc-16d">
         <name>.text:EPWM_isBaseValid</name>
         <load_address>0xf25c</load_address>
         <run_address>0xf25c</run_address>
         <size>0x47</size>
         <input_file_ref idref="fl-11"/>
      </object_component>
      <object_component id="oc-1aa">
         <name>.text:EPWM_setActionQualifierAction</name>
         <load_address>0xf2a3</load_address>
         <run_address>0xf2a3</run_address>
         <size>0x43</size>
         <input_file_ref idref="fl-11"/>
      </object_component>
      <object_component id="oc-19e">
         <name>.text:EPWM_setCounterCompareShadowLoadMode</name>
         <load_address>0xf2e6</load_address>
         <run_address>0xf2e6</run_address>
         <size>0x3f</size>
         <input_file_ref idref="fl-11"/>
      </object_component>
      <object_component id="oc-440">
         <name>.text</name>
         <load_address>0xf325</load_address>
         <run_address>0xf325</run_address>
         <size>0x3e</size>
         <input_file_ref idref="fl-5b"/>
      </object_component>
      <object_component id="oc-8e">
         <name>.text:Interrupt_initModule</name>
         <load_address>0xf363</load_address>
         <run_address>0xf363</run_address>
         <size>0x3d</size>
         <input_file_ref idref="fl-13"/>
      </object_component>
      <object_component id="oc-329">
         <name>.text</name>
         <load_address>0xf3a0</load_address>
         <run_address>0xf3a0</run_address>
         <size>0x3d</size>
         <input_file_ref idref="fl-52"/>
      </object_component>
      <object_component id="oc-41c">
         <name>.text</name>
         <load_address>0xf3dd</load_address>
         <run_address>0xf3dd</run_address>
         <size>0x3c</size>
         <input_file_ref idref="fl-59"/>
      </object_component>
      <object_component id="oc-82">
         <name>.text:GPIO_setMasterCore</name>
         <load_address>0xf419</load_address>
         <run_address>0xf419</run_address>
         <size>0x38</size>
         <input_file_ref idref="fl-12"/>
      </object_component>
      <object_component id="oc-88">
         <name>.text:GPIO_setQualificationMode</name>
         <load_address>0xf451</load_address>
         <run_address>0xf451</run_address>
         <size>0x38</size>
         <input_file_ref idref="fl-12"/>
      </object_component>
      <object_component id="oc-428">
         <name>.text</name>
         <load_address>0xf489</load_address>
         <run_address>0xf489</run_address>
         <size>0x38</size>
         <input_file_ref idref="fl-5a"/>
      </object_component>
      <object_component id="oc-70">
         <name>.text:GPIO_setPinConfig</name>
         <load_address>0xf4c1</load_address>
         <run_address>0xf4c1</run_address>
         <size>0x37</size>
         <input_file_ref idref="fl-12"/>
      </object_component>
      <object_component id="oc-a0">
         <name>.text:GPIO_setInterruptPin</name>
         <load_address>0xf4f8</load_address>
         <run_address>0xf4f8</run_address>
         <size>0x34</size>
         <input_file_ref idref="fl-12"/>
      </object_component>
      <object_component id="oc-a6">
         <name>.text:Interrupt_enable</name>
         <load_address>0xf52c</load_address>
         <run_address>0xf52c</run_address>
         <size>0x34</size>
         <input_file_ref idref="fl-13"/>
      </object_component>
      <object_component id="oc-d7">
         <name>.text</name>
         <load_address>0xf560</load_address>
         <run_address>0xf560</run_address>
         <size>0x34</size>
         <input_file_ref idref="fl-20"/>
      </object_component>
      <object_component id="oc-467">
         <name>.text</name>
         <load_address>0xf594</load_address>
         <run_address>0xf594</run_address>
         <size>0x33</size>
         <input_file_ref idref="fl-67"/>
      </object_component>
      <object_component id="oc-76">
         <name>.text:GPIO_setDirectionMode</name>
         <load_address>0xf5c7</load_address>
         <run_address>0xf5c7</run_address>
         <size>0x31</size>
         <input_file_ref idref="fl-12"/>
      </object_component>
      <object_component id="oc-20">
         <name>.text:decompress:lzss</name>
         <load_address>0xf5f8</load_address>
         <run_address>0xf5f8</run_address>
         <size>0x31</size>
         <input_file_ref idref="fl-3b"/>
      </object_component>
      <object_component id="oc-271">
         <name>.text</name>
         <load_address>0xf629</load_address>
         <run_address>0xf629</run_address>
         <size>0x31</size>
         <input_file_ref idref="fl-40"/>
      </object_component>
      <object_component id="oc-297">
         <name>.text</name>
         <load_address>0xf65a</load_address>
         <run_address>0xf65a</run_address>
         <size>0x30</size>
         <input_file_ref idref="fl-3e"/>
      </object_component>
      <object_component id="oc-2ec">
         <name>.text:__TI_auto_init_nobinit_nopinit</name>
         <load_address>0xf68a</load_address>
         <run_address>0xf68a</run_address>
         <size>0x2b</size>
         <input_file_ref idref="fl-38"/>
      </object_component>
      <object_component id="oc-d2">
         <name>.text</name>
         <load_address>0xf6b5</load_address>
         <run_address>0xf6b5</run_address>
         <size>0x2a</size>
         <input_file_ref idref="fl-27"/>
      </object_component>
      <object_component id="oc-359">
         <name>.text</name>
         <load_address>0xf6df</load_address>
         <run_address>0xf6df</run_address>
         <size>0x2a</size>
         <input_file_ref idref="fl-54"/>
      </object_component>
      <object_component id="oc-208">
         <name>.text</name>
         <load_address>0xf709</load_address>
         <run_address>0xf709</run_address>
         <size>0x29</size>
         <input_file_ref idref="fl-3c"/>
      </object_component>
      <object_component id="oc-422">
         <name>.text</name>
         <load_address>0xf732</load_address>
         <run_address>0xf732</run_address>
         <size>0x29</size>
         <input_file_ref idref="fl-57"/>
      </object_component>
      <object_component id="oc-36a">
         <name>.text</name>
         <load_address>0xf75b</load_address>
         <run_address>0xf75b</run_address>
         <size>0x25</size>
         <input_file_ref idref="fl-61"/>
      </object_component>
      <object_component id="oc-1a4">
         <name>.text:EPWM_setCounterCompareValue</name>
         <load_address>0xf780</load_address>
         <run_address>0xf780</run_address>
         <size>0x24</size>
         <input_file_ref idref="fl-11"/>
      </object_component>
      <object_component id="oc-43a">
         <name>.text</name>
         <load_address>0xf7a4</load_address>
         <run_address>0xf7a4</run_address>
         <size>0x24</size>
         <input_file_ref idref="fl-5c"/>
      </object_component>
      <object_component id="oc-cd">
         <name>.text</name>
         <load_address>0xf7c8</load_address>
         <run_address>0xf7c8</run_address>
         <size>0x23</size>
         <input_file_ref idref="fl-34"/>
      </object_component>
      <object_component id="oc-2a2">
         <name>.text</name>
         <load_address>0xf7eb</load_address>
         <run_address>0xf7eb</run_address>
         <size>0x21</size>
         <input_file_ref idref="fl-2b"/>
      </object_component>
      <object_component id="oc-94">
         <name>.text:Interrupt_initVectorTable</name>
         <load_address>0xf80c</load_address>
         <run_address>0xf80c</run_address>
         <size>0x20</size>
         <input_file_ref idref="fl-13"/>
      </object_component>
      <object_component id="oc-1da">
         <name>.text:ADC_isBaseValid</name>
         <load_address>0xf82c</load_address>
         <run_address>0xf82c</run_address>
         <size>0x1f</size>
         <input_file_ref idref="fl-10"/>
      </object_component>
      <object_component id="oc-192">
         <name>.text:EPWM_setPhaseShift</name>
         <load_address>0xf84b</load_address>
         <run_address>0xf84b</run_address>
         <size>0x1f</size>
         <input_file_ref idref="fl-11"/>
      </object_component>
      <object_component id="oc-292">
         <name>.text</name>
         <load_address>0xf86a</load_address>
         <run_address>0xf86a</run_address>
         <size>0x1f</size>
         <input_file_ref idref="fl-2c"/>
      </object_component>
      <object_component id="oc-278">
         <name>.text</name>
         <load_address>0xf889</load_address>
         <run_address>0xf889</run_address>
         <size>0x1e</size>
         <input_file_ref idref="fl-2f"/>
      </object_component>
      <object_component id="oc-17a">
         <name>.text:EPWM_setClockPrescaler</name>
         <load_address>0xf8a7</load_address>
         <run_address>0xf8a7</run_address>
         <size>0x1d</size>
         <input_file_ref idref="fl-11"/>
      </object_component>
      <object_component id="oc-2b3">
         <name>.text</name>
         <load_address>0xf8c4</load_address>
         <run_address>0xf8c4</run_address>
         <size>0x1d</size>
         <input_file_ref idref="fl-31"/>
      </object_component>
      <object_component id="oc-4a">
         <name>.text</name>
         <load_address>0xf8e1</load_address>
         <run_address>0xf8e1</run_address>
         <size>0x1d</size>
         <input_file_ref idref="fl-36"/>
      </object_component>
      <object_component id="oc-bd">
         <name>.text</name>
         <load_address>0xf8fe</load_address>
         <run_address>0xf8fe</run_address>
         <size>0x1c</size>
         <input_file_ref idref="fl-33"/>
      </object_component>
      <object_component id="oc-29d">
         <name>.text</name>
         <load_address>0xf91a</load_address>
         <run_address>0xf91a</run_address>
         <size>0x1c</size>
         <input_file_ref idref="fl-32"/>
      </object_component>
      <object_component id="oc-128">
         <name>.text:SysCtl_getLowSpeedClock</name>
         <load_address>0xf936</load_address>
         <run_address>0xf936</run_address>
         <size>0x1a</size>
         <input_file_ref idref="fl-14"/>
      </object_component>
      <object_component id="oc-470">
         <name>.text</name>
         <load_address>0xf950</load_address>
         <run_address>0xf950</run_address>
         <size>0x19</size>
         <input_file_ref idref="fl-68"/>
      </object_component>
      <object_component id="oc-257">
         <name>.text</name>
         <load_address>0xf969</load_address>
         <run_address>0xf969</run_address>
         <size>0x19</size>
         <input_file_ref idref="fl-4a"/>
      </object_component>
      <object_component id="oc-282">
         <name>.text</name>
         <load_address>0xf982</load_address>
         <run_address>0xf982</run_address>
         <size>0x18</size>
         <input_file_ref idref="fl-2e"/>
      </object_component>
      <object_component id="oc-3a5">
         <name>.text</name>
         <load_address>0xf99a</load_address>
         <run_address>0xf99a</run_address>
         <size>0x18</size>
         <input_file_ref idref="fl-60"/>
      </object_component>
      <object_component id="oc-15d">
         <name>.text:XBAR_setInputPin</name>
         <load_address>0xf9b2</load_address>
         <run_address>0xf9b2</run_address>
         <size>0x17</size>
         <input_file_ref idref="fl-12"/>
      </object_component>
      <object_component id="oc-10a">
         <name>.text</name>
         <load_address>0xf9c9</load_address>
         <run_address>0xf9c9</run_address>
         <size>0x17</size>
         <input_file_ref idref="fl-26"/>
      </object_component>
      <object_component id="oc-180">
         <name>.text:EPWM_setTimeBaseCounterMode</name>
         <load_address>0xf9e0</load_address>
         <run_address>0xf9e0</run_address>
         <size>0x15</size>
         <input_file_ref idref="fl-11"/>
      </object_component>
      <object_component id="oc-186">
         <name>.text:EPWM_setTimeBasePeriod</name>
         <load_address>0xf9f5</load_address>
         <run_address>0xf9f5</run_address>
         <size>0x15</size>
         <input_file_ref idref="fl-11"/>
      </object_component>
      <object_component id="oc-498">
         <name>.text</name>
         <load_address>0xfa0a</load_address>
         <run_address>0xfa0a</run_address>
         <size>0x15</size>
         <input_file_ref idref="fl-65"/>
      </object_component>
      <object_component id="oc-198">
         <name>.text:EPWM_setTimeBaseCounter</name>
         <load_address>0xfa1f</load_address>
         <run_address>0xfa1f</run_address>
         <size>0x13</size>
         <input_file_ref idref="fl-11"/>
      </object_component>
      <object_component id="oc-18c">
         <name>.text:EPWM_disablePhaseShiftLoad</name>
         <load_address>0xfa32</load_address>
         <run_address>0xfa32</run_address>
         <size>0x12</size>
         <input_file_ref idref="fl-11"/>
      </object_component>
      <object_component id="oc-2c4">
         <name>.text</name>
         <load_address>0xfa44</load_address>
         <run_address>0xfa44</run_address>
         <size>0x10</size>
         <input_file_ref idref="fl-43"/>
      </object_component>
      <object_component id="oc-135">
         <name>.text:GPIO_isPinValid</name>
         <load_address>0xfa54</load_address>
         <run_address>0xfa54</run_address>
         <size>0xe</size>
         <input_file_ref idref="fl-12"/>
      </object_component>
      <object_component id="oc-148">
         <name>.text:Interrupt_defaultHandler</name>
         <load_address>0xfa62</load_address>
         <run_address>0xfa62</run_address>
         <size>0xe</size>
         <input_file_ref idref="fl-13"/>
      </object_component>
      <object_component id="oc-c8">
         <name>.text</name>
         <load_address>0xfa70</load_address>
         <run_address>0xfa70</run_address>
         <size>0xe</size>
         <input_file_ref idref="fl-2a"/>
      </object_component>
      <object_component id="oc-140">
         <name>.text:Interrupt_disableMaster</name>
         <load_address>0xfa7e</load_address>
         <run_address>0xfa7e</run_address>
         <size>0xd</size>
         <input_file_ref idref="fl-13"/>
      </object_component>
      <object_component id="oc-164">
         <name>.text:Interrupt_enableMaster</name>
         <load_address>0xfa8b</load_address>
         <run_address>0xfa8b</run_address>
         <size>0xd</size>
         <input_file_ref idref="fl-13"/>
      </object_component>
      <object_component id="oc-265">
         <name>.text</name>
         <load_address>0xfa98</load_address>
         <run_address>0xfa98</run_address>
         <size>0xd</size>
         <input_file_ref idref="fl-44"/>
      </object_component>
      <object_component id="oc-174">
         <name>.text:SysCtl_setEPWMClockDivider</name>
         <load_address>0xfaa5</load_address>
         <run_address>0xfaa5</run_address>
         <size>0xc</size>
         <input_file_ref idref="fl-11"/>
      </object_component>
      <object_component id="oc-202">
         <name>.text</name>
         <load_address>0xfab1</load_address>
         <run_address>0xfab1</run_address>
         <size>0xc</size>
         <input_file_ref idref="fl-3f"/>
      </object_component>
      <object_component id="oc-2b8">
         <name>.text</name>
         <load_address>0xfabd</load_address>
         <run_address>0xfabd</run_address>
         <size>0xc</size>
         <input_file_ref idref="fl-47"/>
      </object_component>
      <object_component id="oc-212">
         <name>.text:SysCtl_isMCDClockFailureDetected</name>
         <load_address>0xfac9</load_address>
         <run_address>0xfac9</run_address>
         <size>0xb</size>
         <input_file_ref idref="fl-14"/>
      </object_component>
      <object_component id="oc-2ca">
         <name>.text</name>
         <load_address>0xfad4</load_address>
         <run_address>0xfad4</run_address>
         <size>0xb</size>
         <input_file_ref idref="fl-4f"/>
      </object_component>
      <object_component id="oc-492">
         <name>.text</name>
         <load_address>0xfadf</load_address>
         <run_address>0xfadf</run_address>
         <size>0xa</size>
         <input_file_ref idref="fl-64"/>
      </object_component>
      <object_component id="oc-21e">
         <name>.text:SysCtl_serviceWatchdog</name>
         <load_address>0xfae9</load_address>
         <run_address>0xfae9</run_address>
         <size>0x9</size>
         <input_file_ref idref="fl-14"/>
      </object_component>
      <object_component id="oc-2d5">
         <name>.text</name>
         <load_address>0xfaf2</load_address>
         <run_address>0xfaf2</run_address>
         <size>0x9</size>
         <input_file_ref idref="fl-3d"/>
      </object_component>
      <object_component id="oc-288">
         <name>.text</name>
         <load_address>0xfafb</load_address>
         <run_address>0xfafb</run_address>
         <size>0x9</size>
         <input_file_ref idref="fl-29"/>
      </object_component>
      <object_component id="oc-5e">
         <name>.text</name>
         <load_address>0xfb04</load_address>
         <run_address>0xfb04</run_address>
         <size>0x8</size>
         <input_file_ref idref="fl-6"/>
      </object_component>
      <object_component id="oc-26">
         <name>.text:decompress:none</name>
         <load_address>0xfb0c</load_address>
         <run_address>0xfb0c</run_address>
         <size>0x8</size>
         <input_file_ref idref="fl-3a"/>
      </object_component>
      <object_component id="oc-25f">
         <name>.text</name>
         <load_address>0xfb14</load_address>
         <run_address>0xfb14</run_address>
         <size>0x8</size>
         <input_file_ref idref="fl-49"/>
      </object_component>
      <object_component id="oc-58">
         <name>.text:decompress:ZI</name>
         <load_address>0xfb1c</load_address>
         <run_address>0xfb1c</run_address>
         <size>0x6</size>
         <input_file_ref idref="fl-39"/>
      </object_component>
      <object_component id="oc-2be">
         <name>.text</name>
         <load_address>0xfb22</load_address>
         <run_address>0xfb22</run_address>
         <size>0x5</size>
         <input_file_ref idref="fl-48"/>
      </object_component>
      <object_component id="oc-14e">
         <name>.text:Interrupt_nmiHandler</name>
         <load_address>0xfb27</load_address>
         <run_address>0xfb27</run_address>
         <size>0x2</size>
         <input_file_ref idref="fl-13"/>
      </object_component>
      <object_component id="oc-1fb">
         <name>.text</name>
         <load_address>0xfb29</load_address>
         <run_address>0xfb29</run_address>
         <size>0x2</size>
         <input_file_ref idref="fl-37"/>
      </object_component>
      <object_component id="oc-514">
         <name>.cinit..data.load</name>
         <load_address>0x128</load_address>
         <run_address>0x128</run_address>
         <size>0x3c</size>
      </object_component>
      <object_component id="oc-511">
         <name>__TI_handler_table</name>
         <load_address>0x164</load_address>
         <run_address>0x164</run_address>
         <size>0x6</size>
      </object_component>
      <object_component id="oc-513">
         <name>.cinit..bss.load</name>
         <load_address>0x16a</load_address>
         <run_address>0x16a</run_address>
         <size>0x4</size>
      </object_component>
      <object_component id="oc-512">
         <name>__TI_cinit_table</name>
         <load_address>0x170</load_address>
         <run_address>0x170</run_address>
         <size>0x8</size>
      </object_component>
      <object_component id="oc-44">
         <name>.stack</name>
         <uninitialized>true</uninitialized>
         <run_address>0x400</run_address>
         <size>0x0</size>
         <input_file_ref idref="fl-26"/>
      </object_component>
      <object_component id="oc-515">
         <name>.stack</name>
         <uninitialized>true</uninitialized>
         <run_address>0x400</run_address>
         <size>0x0</size>
      </object_component>
      <object_component id="oc-e4">
         <name>.bss</name>
         <uninitialized>true</uninitialized>
         <run_address>0x84d0</run_address>
         <size>0x1</size>
         <input_file_ref idref="fl-4"/>
      </object_component>
      <object_component id="oc-e8">
         <name>.bss</name>
         <uninitialized>true</uninitialized>
         <run_address>0x84c8</run_address>
         <size>0x6</size>
         <input_file_ref idref="fl-5"/>
      </object_component>
      <object_component id="oc-eb">
         <name>.bss:adcAResults</name>
         <uninitialized>true</uninitialized>
         <run_address>0x8120</run_address>
         <size>0x100</size>
         <input_file_ref idref="fl-5"/>
      </object_component>
      <object_component id="oc-ee">
         <name>.bss:adcBResults</name>
         <uninitialized>true</uninitialized>
         <run_address>0x8220</run_address>
         <size>0x100</size>
         <input_file_ref idref="fl-5"/>
      </object_component>
      <object_component id="oc-f1">
         <name>.bss:adcCResults</name>
         <uninitialized>true</uninitialized>
         <run_address>0x8320</run_address>
         <size>0x100</size>
         <input_file_ref idref="fl-5"/>
      </object_component>
      <object_component id="oc-46d">
         <name>.bss:__TI_tmpnams</name>
         <uninitialized>true</uninitialized>
         <run_address>0x8420</run_address>
         <size>0xa0</size>
         <input_file_ref idref="fl-42"/>
      </object_component>
      <object_component id="oc-403">
         <name>.bss</name>
         <uninitialized>true</uninitialized>
         <run_address>0x84ce</run_address>
         <size>0x2</size>
         <input_file_ref idref="fl-45"/>
      </object_component>
      <object_component id="oc-47b">
         <name>.bss:parmbuf</name>
         <uninitialized>true</uninitialized>
         <run_address>0x84c0</run_address>
         <size>0x8</size>
         <input_file_ref idref="fl-59"/>
      </object_component>
      <object_component id="oc-4ae">
         <name>.bss:_CIOBUF_</name>
         <uninitialized>true</uninitialized>
         <run_address>0x8000</run_address>
         <size>0x120</size>
         <input_file_ref idref="fl-5e"/>
      </object_component>
      <object_component id="oc-34e">
         <name>.const:.string:_ctypes_</name>
         <load_address>0xa800</load_address>
         <run_address>0xa800</run_address>
         <size>0x101</size>
         <input_file_ref idref="fl-41"/>
      </object_component>
      <object_component id="oc-173">
         <name>.const:.string</name>
         <load_address>0xa902</load_address>
         <run_address>0xa902</run_address>
         <size>0xef</size>
         <input_file_ref idref="fl-11"/>
      </object_component>
      <object_component id="oc-13b">
         <name>.const:.string</name>
         <load_address>0xa9f2</load_address>
         <run_address>0xa9f2</run_address>
         <size>0xef</size>
         <input_file_ref idref="fl-12"/>
      </object_component>
      <object_component id="oc-69">
         <name>.const:.string</name>
         <load_address>0xaae2</load_address>
         <run_address>0xaae2</run_address>
         <size>0xe4</size>
         <input_file_ref idref="fl-4"/>
      </object_component>
      <object_component id="oc-16b">
         <name>.const:.string</name>
         <load_address>0xabc6</load_address>
         <run_address>0xabc6</run_address>
         <size>0x8d</size>
         <input_file_ref idref="fl-5"/>
      </object_component>
      <object_component id="oc-211">
         <name>.const:.string</name>
         <load_address>0xac54</load_address>
         <run_address>0xac54</run_address>
         <size>0x79</size>
         <input_file_ref idref="fl-14"/>
      </object_component>
      <object_component id="oc-1e0">
         <name>.const:.string</name>
         <load_address>0xacce</load_address>
         <run_address>0xacce</run_address>
         <size>0x76</size>
         <input_file_ref idref="fl-10"/>
      </object_component>
      <object_component id="oc-277">
         <name>.const:.string</name>
         <load_address>0xad44</load_address>
         <run_address>0xad44</run_address>
         <size>0x26</size>
         <input_file_ref idref="fl-21"/>
      </object_component>
      <object_component id="oc-287">
         <name>.const</name>
         <load_address>0xad6a</load_address>
         <run_address>0xad6a</run_address>
         <size>0x1c</size>
         <input_file_ref idref="fl-21"/>
      </object_component>
      <object_component id="oc-367">
         <name>.const</name>
         <load_address>0xad86</load_address>
         <run_address>0xad86</run_address>
         <size>0x1c</size>
         <input_file_ref idref="fl-4e"/>
      </object_component>
      <object_component id="oc-127">
         <name>.const:.string</name>
         <load_address>0xada2</load_address>
         <run_address>0xada2</run_address>
         <size>0x13</size>
         <input_file_ref idref="fl-7"/>
      </object_component>
      <object_component id="oc-c2">
         <name>.const</name>
         <load_address>0xadb6</load_address>
         <run_address>0xadb6</run_address>
         <size>0xc</size>
         <input_file_ref idref="fl-4"/>
      </object_component>
      <object_component id="oc-362">
         <name>.const</name>
         <load_address>0xadc2</load_address>
         <run_address>0xadc2</run_address>
         <size>0x8</size>
         <input_file_ref idref="fl-4d"/>
      </object_component>
      <object_component id="oc-26b">
         <name>.const:.string</name>
         <load_address>0xadca</load_address>
         <run_address>0xadca</run_address>
         <size>0x2</size>
         <input_file_ref idref="fl-23"/>
      </object_component>
      <object_component id="oc-64">
         <name>.data</name>
         <load_address>0xaec0</load_address>
         <run_address>0xaec0</run_address>
         <size>0x14</size>
         <input_file_ref idref="fl-4"/>
      </object_component>
      <object_component id="oc-12e">
         <name>.data</name>
         <load_address>0xaeb4</load_address>
         <run_address>0xaeb4</run_address>
         <size>0x6</size>
         <input_file_ref idref="fl-7"/>
      </object_component>
      <object_component id="oc-31e">
         <name>.data</name>
         <load_address>0xaeba</load_address>
         <run_address>0xaeba</run_address>
         <size>0x6</size>
         <input_file_ref idref="fl-3c"/>
      </object_component>
      <object_component id="oc-1d2">
         <name>.data:_lock</name>
         <load_address>0xaed4</load_address>
         <run_address>0xaed4</run_address>
         <size>0x2</size>
         <input_file_ref idref="fl-3d"/>
      </object_component>
      <object_component id="oc-1d5">
         <name>.data:_unlock</name>
         <load_address>0xaed6</load_address>
         <run_address>0xaed6</run_address>
         <size>0x2</size>
         <input_file_ref idref="fl-3d"/>
      </object_component>
      <object_component id="oc-337">
         <name>.data</name>
         <load_address>0xaed8</load_address>
         <run_address>0xaed8</run_address>
         <size>0x1</size>
         <input_file_ref idref="fl-42"/>
      </object_component>
      <object_component id="oc-1c9">
         <name>.data:_ftable</name>
         <load_address>0xadcc</load_address>
         <run_address>0xadcc</run_address>
         <size>0x78</size>
         <input_file_ref idref="fl-42"/>
      </object_component>
      <object_component id="oc-406">
         <name>.data</name>
         <load_address>0xaedb</load_address>
         <run_address>0xaedb</run_address>
         <size>0x1</size>
         <input_file_ref idref="fl-45"/>
      </object_component>
      <object_component id="oc-33c">
         <name>.data:_stream</name>
         <load_address>0xae8c</load_address>
         <run_address>0xae8c</run_address>
         <size>0x28</size>
         <input_file_ref idref="fl-4b"/>
      </object_component>
      <object_component id="oc-3c3">
         <name>.data:_device</name>
         <load_address>0xae44</load_address>
         <run_address>0xae44</run_address>
         <size>0x48</size>
         <input_file_ref idref="fl-4b"/>
      </object_component>
      <object_component id="oc-2d0">
         <name>.data</name>
         <load_address>0xaed9</load_address>
         <run_address>0xaed9</run_address>
         <size>0x1</size>
         <input_file_ref idref="fl-4c"/>
      </object_component>
      <object_component id="oc-416">
         <name>.data</name>
         <load_address>0xaeda</load_address>
         <run_address>0xaeda</run_address>
         <size>0x1</size>
         <input_file_ref idref="fl-51"/>
      </object_component>
      <object_component id="oc-45e">
         <name>.data</name>
         <load_address>0xaedc</load_address>
         <run_address>0xaedc</run_address>
         <size>0x1</size>
         <input_file_ref idref="fl-5f"/>
      </object_component>
      <object_component id="oc-45">
         <name>.sysmem</name>
         <uninitialized>true</uninitialized>
         <run_address>0x8800</run_address>
         <size>0x4</size>
         <input_file_ref idref="fl-45"/>
      </object_component>
      <object_component id="oc-516">
         <name>.sysmem</name>
         <uninitialized>true</uninitialized>
         <run_address>0x8800</run_address>
         <size>0x0</size>
      </object_component>
      <object_component id="oc-e3">
         <name>.TI.ramfunc</name>
         <load_address>0x123</load_address>
         <run_address>0x123</run_address>
         <size>0x4</size>
         <input_file_ref idref="fl-14"/>
      </object_component>
      <object_component id="oc-15c">
         <name>.debug_types</name>
         <load_address>0x0</load_address>
         <run_address>0x0</run_address>
         <size>0x606</size>
         <input_file_ref idref="fl-3"/>
      </object_component>
      <object_component id="oc-68">
         <name>.debug_types</name>
         <load_address>0x606</load_address>
         <run_address>0x606</run_address>
         <size>0x22c5</size>
         <input_file_ref idref="fl-4"/>
      </object_component>
      <object_component id="oc-f5">
         <name>.debug_types</name>
         <load_address>0x28cb</load_address>
         <run_address>0x28cb</run_address>
         <size>0x22d</size>
         <input_file_ref idref="fl-5"/>
      </object_component>
      <object_component id="oc-132">
         <name>.debug_types</name>
         <load_address>0x2af8</load_address>
         <run_address>0x2af8</run_address>
         <size>0x5c2</size>
         <input_file_ref idref="fl-7"/>
      </object_component>
      <object_component id="oc-1e2">
         <name>.debug_types</name>
         <load_address>0x30ba</load_address>
         <run_address>0x30ba</run_address>
         <size>0x12c</size>
         <input_file_ref idref="fl-10"/>
      </object_component>
      <object_component id="oc-1b1">
         <name>.debug_types</name>
         <load_address>0x31e6</load_address>
         <run_address>0x31e6</run_address>
         <size>0x60a</size>
         <input_file_ref idref="fl-11"/>
      </object_component>
      <object_component id="oc-134">
         <name>.debug_types</name>
         <load_address>0x37f0</load_address>
         <run_address>0x37f0</run_address>
         <size>0x1f4</size>
         <input_file_ref idref="fl-12"/>
      </object_component>
      <object_component id="oc-147">
         <name>.debug_types</name>
         <load_address>0x0</load_address>
         <run_address>0x0</run_address>
         <size>0x0</size>
         <input_file_ref idref="fl-13"/>
      </object_component>
      <object_component id="oc-210">
         <name>.debug_types</name>
         <load_address>0x0</load_address>
         <run_address>0x0</run_address>
         <size>0x0</size>
         <input_file_ref idref="fl-14"/>
      </object_component>
      <object_component id="oc-1d9">
         <name>.debug_types</name>
         <load_address>0x39e4</load_address>
         <run_address>0x39e4</run_address>
         <size>0x39c</size>
         <input_file_ref idref="fl-20"/>
      </object_component>
      <object_component id="oc-2d4">
         <name>.debug_types</name>
         <load_address>0x3d80</load_address>
         <run_address>0x3d80</run_address>
         <size>0x8c6</size>
         <input_file_ref idref="fl-21"/>
      </object_component>
      <object_component id="oc-25e">
         <name>.debug_types</name>
         <load_address>0x4646</load_address>
         <run_address>0x4646</run_address>
         <size>0x2f</size>
         <input_file_ref idref="fl-22"/>
      </object_component>
      <object_component id="oc-26d">
         <name>.debug_types</name>
         <load_address>0x4675</load_address>
         <run_address>0x4675</run_address>
         <size>0x68</size>
         <input_file_ref idref="fl-23"/>
      </object_component>
      <object_component id="oc-336">
         <name>.debug_types</name>
         <load_address>0x0</load_address>
         <run_address>0x0</run_address>
         <size>0x0</size>
         <input_file_ref idref="fl-24"/>
      </object_component>
      <object_component id="oc-3ba">
         <name>.debug_types</name>
         <load_address>0x0</load_address>
         <run_address>0x0</run_address>
         <size>0x0</size>
         <input_file_ref idref="fl-25"/>
      </object_component>
      <object_component id="oc-fd">
         <name>.debug_types</name>
         <load_address>0x46dd</load_address>
         <run_address>0x46dd</run_address>
         <size>0x2f</size>
         <input_file_ref idref="fl-36"/>
      </object_component>
      <object_component id="oc-2eb">
         <name>.debug_types</name>
         <load_address>0x0</load_address>
         <run_address>0x0</run_address>
         <size>0x0</size>
         <input_file_ref idref="fl-37"/>
      </object_component>
      <object_component id="oc-38f">
         <name>.debug_types</name>
         <load_address>0x470c</load_address>
         <run_address>0x470c</run_address>
         <size>0x412</size>
         <input_file_ref idref="fl-38"/>
      </object_component>
      <object_component id="oc-102">
         <name>.debug_types</name>
         <load_address>0x4b1e</load_address>
         <run_address>0x4b1e</run_address>
         <size>0x169</size>
         <input_file_ref idref="fl-39"/>
      </object_component>
      <object_component id="oc-51">
         <name>.debug_types</name>
         <load_address>0x0</load_address>
         <run_address>0x0</run_address>
         <size>0x0</size>
         <input_file_ref idref="fl-3a"/>
      </object_component>
      <object_component id="oc-49">
         <name>.debug_types</name>
         <load_address>0x4c87</load_address>
         <run_address>0x4c87</run_address>
         <size>0x191</size>
         <input_file_ref idref="fl-3b"/>
      </object_component>
      <object_component id="oc-322">
         <name>.debug_types</name>
         <load_address>0x4e18</load_address>
         <run_address>0x4e18</run_address>
         <size>0x90</size>
         <input_file_ref idref="fl-3c"/>
      </object_component>
      <object_component id="oc-2dd">
         <name>.debug_types</name>
         <load_address>0x4ea8</load_address>
         <run_address>0x4ea8</run_address>
         <size>0x2f</size>
         <input_file_ref idref="fl-3d"/>
      </object_component>
      <object_component id="oc-35f">
         <name>.debug_types</name>
         <load_address>0x4ed7</load_address>
         <run_address>0x4ed7</run_address>
         <size>0x61</size>
         <input_file_ref idref="fl-3e"/>
      </object_component>
      <object_component id="oc-31d">
         <name>.debug_types</name>
         <load_address>0x4f38</load_address>
         <run_address>0x4f38</run_address>
         <size>0xb6</size>
         <input_file_ref idref="fl-3f"/>
      </object_component>
      <object_component id="oc-352">
         <name>.debug_types</name>
         <load_address>0x4fee</load_address>
         <run_address>0x4fee</run_address>
         <size>0x34</size>
         <input_file_ref idref="fl-40"/>
      </object_component>
      <object_component id="oc-3d4">
         <name>.debug_types</name>
         <load_address>0x0</load_address>
         <run_address>0x0</run_address>
         <size>0x0</size>
         <input_file_ref idref="fl-41"/>
      </object_component>
      <object_component id="oc-270">
         <name>.debug_types</name>
         <load_address>0x5022</load_address>
         <run_address>0x5022</run_address>
         <size>0x66</size>
         <input_file_ref idref="fl-42"/>
      </object_component>
      <object_component id="oc-378">
         <name>.debug_types</name>
         <load_address>0x0</load_address>
         <run_address>0x0</run_address>
         <size>0x0</size>
         <input_file_ref idref="fl-43"/>
      </object_component>
      <object_component id="oc-347">
         <name>.debug_types</name>
         <load_address>0x0</load_address>
         <run_address>0x0</run_address>
         <size>0x0</size>
         <input_file_ref idref="fl-44"/>
      </object_component>
      <object_component id="oc-f8">
         <name>.debug_types</name>
         <load_address>0x5088</load_address>
         <run_address>0x5088</run_address>
         <size>0x23d</size>
         <input_file_ref idref="fl-45"/>
      </object_component>
      <object_component id="oc-1fa">
         <name>.debug_types</name>
         <load_address>0x0</load_address>
         <run_address>0x0</run_address>
         <size>0x0</size>
         <input_file_ref idref="fl-46"/>
      </object_component>
      <object_component id="oc-374">
         <name>.debug_types</name>
         <load_address>0x0</load_address>
         <run_address>0x0</run_address>
         <size>0x0</size>
         <input_file_ref idref="fl-47"/>
      </object_component>
      <object_component id="oc-376">
         <name>.debug_types</name>
         <load_address>0x52c5</load_address>
         <run_address>0x52c5</run_address>
         <size>0x34</size>
         <input_file_ref idref="fl-48"/>
      </object_component>
      <object_component id="oc-345">
         <name>.debug_types</name>
         <load_address>0x0</load_address>
         <run_address>0x0</run_address>
         <size>0x0</size>
         <input_file_ref idref="fl-49"/>
      </object_component>
      <object_component id="oc-340">
         <name>.debug_types</name>
         <load_address>0x52f9</load_address>
         <run_address>0x52f9</run_address>
         <size>0x575</size>
         <input_file_ref idref="fl-4a"/>
      </object_component>
      <object_component id="oc-3c8">
         <name>.debug_types</name>
         <load_address>0x586e</load_address>
         <run_address>0x586e</run_address>
         <size>0x32</size>
         <input_file_ref idref="fl-4b"/>
      </object_component>
      <object_component id="oc-37d">
         <name>.debug_types</name>
         <load_address>0x0</load_address>
         <run_address>0x0</run_address>
         <size>0x0</size>
         <input_file_ref idref="fl-4c"/>
      </object_component>
      <object_component id="oc-366">
         <name>.debug_types</name>
         <load_address>0x58a0</load_address>
         <run_address>0x58a0</run_address>
         <size>0x2f</size>
         <input_file_ref idref="fl-4d"/>
      </object_component>
      <object_component id="oc-371">
         <name>.debug_types</name>
         <load_address>0x0</load_address>
         <run_address>0x0</run_address>
         <size>0x0</size>
         <input_file_ref idref="fl-4e"/>
      </object_component>
      <object_component id="oc-37a">
         <name>.debug_types</name>
         <load_address>0x58cf</load_address>
         <run_address>0x58cf</run_address>
         <size>0x160</size>
         <input_file_ref idref="fl-4f"/>
      </object_component>
      <object_component id="oc-33b">
         <name>.debug_types</name>
         <load_address>0x0</load_address>
         <run_address>0x0</run_address>
         <size>0x0</size>
         <input_file_ref idref="fl-50"/>
      </object_component>
      <object_component id="oc-418">
         <name>.debug_types</name>
         <load_address>0x0</load_address>
         <run_address>0x0</run_address>
         <size>0x0</size>
         <input_file_ref idref="fl-51"/>
      </object_component>
      <object_component id="oc-3ac">
         <name>.debug_types</name>
         <load_address>0x0</load_address>
         <run_address>0x0</run_address>
         <size>0x0</size>
         <input_file_ref idref="fl-52"/>
      </object_component>
      <object_component id="oc-3f8">
         <name>.debug_types</name>
         <load_address>0x0</load_address>
         <run_address>0x0</run_address>
         <size>0x0</size>
         <input_file_ref idref="fl-56"/>
      </object_component>
      <object_component id="oc-487">
         <name>.debug_types</name>
         <load_address>0x5a2f</load_address>
         <run_address>0x5a2f</run_address>
         <size>0x9e</size>
         <input_file_ref idref="fl-57"/>
      </object_component>
      <object_component id="oc-48d">
         <name>.debug_types</name>
         <load_address>0x5acd</load_address>
         <run_address>0x5acd</run_address>
         <size>0x2f</size>
         <input_file_ref idref="fl-58"/>
      </object_component>
      <object_component id="oc-485">
         <name>.debug_types</name>
         <load_address>0x0</load_address>
         <run_address>0x0</run_address>
         <size>0x0</size>
         <input_file_ref idref="fl-59"/>
      </object_component>
      <object_component id="oc-489">
         <name>.debug_types</name>
         <load_address>0x0</load_address>
         <run_address>0x0</run_address>
         <size>0x0</size>
         <input_file_ref idref="fl-5a"/>
      </object_component>
      <object_component id="oc-491">
         <name>.debug_types</name>
         <load_address>0x0</load_address>
         <run_address>0x0</run_address>
         <size>0x0</size>
         <input_file_ref idref="fl-5b"/>
      </object_component>
      <object_component id="oc-48f">
         <name>.debug_types</name>
         <load_address>0x0</load_address>
         <run_address>0x0</run_address>
         <size>0x0</size>
         <input_file_ref idref="fl-5c"/>
      </object_component>
      <object_component id="oc-48b">
         <name>.debug_types</name>
         <load_address>0x0</load_address>
         <run_address>0x0</run_address>
         <size>0x0</size>
         <input_file_ref idref="fl-5d"/>
      </object_component>
      <object_component id="oc-4b2">
         <name>.debug_types</name>
         <load_address>0x5afc</load_address>
         <run_address>0x5afc</run_address>
         <size>0x34</size>
         <input_file_ref idref="fl-5e"/>
      </object_component>
      <object_component id="oc-466">
         <name>.debug_types</name>
         <load_address>0x5b30</load_address>
         <run_address>0x5b30</run_address>
         <size>0x56</size>
         <input_file_ref idref="fl-5f"/>
      </object_component>
      <object_component id="oc-3ff">
         <name>.debug_types</name>
         <load_address>0x0</load_address>
         <run_address>0x0</run_address>
         <size>0x0</size>
         <input_file_ref idref="fl-60"/>
      </object_component>
      <object_component id="oc-3e4">
         <name>.debug_types</name>
         <load_address>0x0</load_address>
         <run_address>0x0</run_address>
         <size>0x0</size>
         <input_file_ref idref="fl-61"/>
      </object_component>
      <object_component id="oc-477">
         <name>.debug_types</name>
         <load_address>0x0</load_address>
         <run_address>0x0</run_address>
         <size>0x0</size>
         <input_file_ref idref="fl-62"/>
      </object_component>
      <object_component id="oc-49f">
         <name>.debug_types</name>
         <load_address>0x5b86</load_address>
         <run_address>0x5b86</run_address>
         <size>0x2f</size>
         <input_file_ref idref="fl-63"/>
      </object_component>
      <object_component id="oc-4c9">
         <name>.debug_types</name>
         <load_address>0x0</load_address>
         <run_address>0x0</run_address>
         <size>0x0</size>
         <input_file_ref idref="fl-64"/>
      </object_component>
      <object_component id="oc-4cb">
         <name>.debug_types</name>
         <load_address>0x0</load_address>
         <run_address>0x0</run_address>
         <size>0x0</size>
         <input_file_ref idref="fl-65"/>
      </object_component>
      <object_component id="oc-4a4">
         <name>.debug_types</name>
         <load_address>0x0</load_address>
         <run_address>0x0</run_address>
         <size>0x0</size>
         <input_file_ref idref="fl-67"/>
      </object_component>
      <object_component id="oc-4a8">
         <name>.debug_types</name>
         <load_address>0x0</load_address>
         <run_address>0x0</run_address>
         <size>0x0</size>
         <input_file_ref idref="fl-68"/>
      </object_component>
      <object_component id="oc-9e">
         <name>.debug_info</name>
         <load_address>0x0</load_address>
         <run_address>0x0</run_address>
         <size>0x41d</size>
         <input_file_ref idref="fl-3"/>
      </object_component>
      <object_component id="oc-65">
         <name>.debug_info</name>
         <load_address>0x41d</load_address>
         <run_address>0x41d</run_address>
         <size>0x159</size>
         <input_file_ref idref="fl-4"/>
      </object_component>
      <object_component id="oc-e5">
         <name>.debug_info</name>
         <load_address>0x576</load_address>
         <run_address>0x576</run_address>
         <size>0xef</size>
         <input_file_ref idref="fl-4"/>
      </object_component>
      <object_component id="oc-3b">
         <name>.debug_info</name>
         <load_address>0x665</load_address>
         <run_address>0x665</run_address>
         <size>0x3006</size>
         <input_file_ref idref="fl-4"/>
      </object_component>
      <object_component id="oc-34">
         <name>.debug_info</name>
         <load_address>0x366b</load_address>
         <run_address>0x366b</run_address>
         <size>0x30b</size>
         <input_file_ref idref="fl-4"/>
      </object_component>
      <object_component id="oc-e9">
         <name>.debug_info</name>
         <load_address>0x3976</load_address>
         <run_address>0x3976</run_address>
         <size>0x1b3</size>
         <input_file_ref idref="fl-5"/>
      </object_component>
      <object_component id="oc-ec">
         <name>.debug_info</name>
         <load_address>0x3b29</load_address>
         <run_address>0x3b29</run_address>
         <size>0xf3</size>
         <input_file_ref idref="fl-5"/>
      </object_component>
      <object_component id="oc-ef">
         <name>.debug_info</name>
         <load_address>0x3c1c</load_address>
         <run_address>0x3c1c</run_address>
         <size>0xf3</size>
         <input_file_ref idref="fl-5"/>
      </object_component>
      <object_component id="oc-f2">
         <name>.debug_info</name>
         <load_address>0x3d0f</load_address>
         <run_address>0x3d0f</run_address>
         <size>0xf3</size>
         <input_file_ref idref="fl-5"/>
      </object_component>
      <object_component id="oc-ad">
         <name>.debug_info</name>
         <load_address>0x3e02</load_address>
         <run_address>0x3e02</run_address>
         <size>0x1d93</size>
         <input_file_ref idref="fl-5"/>
      </object_component>
      <object_component id="oc-40">
         <name>.debug_info</name>
         <load_address>0x5b95</load_address>
         <run_address>0x5b95</run_address>
         <size>0x3a4</size>
         <input_file_ref idref="fl-5"/>
      </object_component>
      <object_component id="oc-2f">
         <name>.debug_info</name>
         <load_address>0x5f39</load_address>
         <run_address>0x5f39</run_address>
         <size>0x115</size>
         <input_file_ref idref="fl-6"/>
      </object_component>
      <object_component id="oc-61">
         <name>.debug_info</name>
         <load_address>0x604e</load_address>
         <run_address>0x604e</run_address>
         <size>0x116</size>
         <input_file_ref idref="fl-6"/>
      </object_component>
      <object_component id="oc-12f">
         <name>.debug_info</name>
         <load_address>0x6164</load_address>
         <run_address>0x6164</run_address>
         <size>0x160</size>
         <input_file_ref idref="fl-7"/>
      </object_component>
      <object_component id="oc-6b">
         <name>.debug_info</name>
         <load_address>0x62c4</load_address>
         <run_address>0x62c4</run_address>
         <size>0x1cca</size>
         <input_file_ref idref="fl-7"/>
      </object_component>
      <object_component id="oc-1dd">
         <name>.debug_info</name>
         <load_address>0x7f8e</load_address>
[...]
         <value>0x123</value>
         <object_component_ref idref="oc-e3"/>
      </symbol>
      <symbol id="sm-3dd">
         <name>SysCtl_getDeviceParametric</name>
         <value>0xee97</value>
         <object_component_ref idref="oc-115"/>
      </symbol>
      <symbol id="sm-3de">
         <name>SysCtl_selectOscSource</name>
         <value>0xf000</value>
         <object_component_ref idref="oc-218"/>
      </symbol>
      <symbol id="sm-3df">
         <name>SysCtl_getLowSpeedClock</name>
         <value>0xf936</value>
         <object_component_ref idref="oc-128"/>
      </symbol>
      <symbol id="sm-3e0">
         <name>SysCtl_setClock</name>
         <value>0xdc1d</value>
         <object_component_ref idref="oc-11b"/>
      </symbol>
      <symbol id="sm-3e1">
         <name>SysCtl_getClock</name>
         <value>0xf1ba</value>
         <object_component_ref idref="oc-121"/>
      </symbol>
      <symbol id="sm-3f2">
         <name>printf</name>
         <value>0xf566</value>
         <object_component_ref idref="oc-d7"/>
      </symbol>
      <symbol id="sm-553">
         <name>__TI_printfi</name>
         <value>0xcb62</value>
         <object_component_ref idref="oc-1cc"/>
      </symbol>
      <symbol id="sm-567">
         <name>putc</name>
         <value>0xf115</value>
         <object_component_ref idref="oc-1bd"/>
      </symbol>
      <symbol id="sm-568">
         <name>fputc</name>
         <value>0xf115</value>
         <object_component_ref idref="oc-1bd"/>
      </symbol>
      <symbol id="sm-569">
         <name>putchar</name>
         <value>0xf163</value>
         <object_component_ref idref="oc-1bd"/>
      </symbol>
      <symbol id="sm-586">
         <name>puts</name>
         <value>0xea41</value>
         <object_component_ref idref="oc-1c3"/>
      </symbol>
      <symbol id="sm-587">
         <name>fputs</name>
         <value>0xe9ac</value>
         <object_component_ref idref="oc-1c3"/>
      </symbol>
      <symbol id="sm-59f">
         <name>__TI_wrt_ok</name>
         <value>0xeeff</value>
         <object_component_ref idref="oc-24b"/>
      </symbol>
      <symbol id="sm-5a0">
         <name>__TI_rd_ok</name>
         <value>0xef3a</value>
         <object_component_ref idref="oc-24b"/>
      </symbol>
      <symbol id="sm-5b8">
         <name>setvbuf</name>
         <value>0xeda9</value>
         <object_component_ref idref="oc-32f"/>
      </symbol>
      <symbol id="sm-5c2">
         <name>_c_int00</name>
         <value>0xf9c9</value>
         <object_component_ref idref="oc-10a"/>
      </symbol>
      <symbol id="sm-5c3">
         <name>__stack</name>
         <value>0x400</value>
         <object_component_ref idref="oc-44"/>
      </symbol>
      <symbol id="sm-5cf">
         <name>__c28xabi_cmpd</name>
         <value>0xf6b5</value>
         <object_component_ref idref="oc-d2"/>
      </symbol>
      <symbol id="sm-5dd">
         <name>__c28xabi_mpyd</name>
         <value>0xeca4</value>
         <object_component_ref idref="oc-c3"/>
      </symbol>
      <symbol id="sm-5e6">
         <name>__c28xabi_negd</name>
         <value>0xfafb</value>
         <object_component_ref idref="oc-288"/>
      </symbol>
      <symbol id="sm-5ee">
         <name>__c28xabi_subd</name>
         <value>0xfa70</value>
         <object_component_ref idref="oc-c8"/>
      </symbol>
      <symbol id="sm-5f9">
         <name>__c28xabi_dtoi</name>
         <value>0xf7eb</value>
         <object_component_ref idref="oc-2a2"/>
      </symbol>
      <symbol id="sm-604">
         <name>__c28xabi_dtol</name>
         <value>0xf86a</value>
         <object_component_ref idref="oc-292"/>
      </symbol>
      <symbol id="sm-611">
         <name>__c28xabi_divf</name>
         <value>0xec1c</value>
         <object_component_ref idref="oc-b8"/>
      </symbol>
      <symbol id="sm-619">
         <name>__c28xabi_orll</name>
         <value>0xf98a</value>
         <object_component_ref idref="oc-282"/>
      </symbol>
      <symbol id="sm-61a">
         <name>__c28xabi_xorll</name>
         <value>0xf992</value>
         <object_component_ref idref="oc-282"/>
      </symbol>
      <symbol id="sm-61b">
         <name>__c28xabi_andll</name>
         <value>0xf982</value>
         <object_component_ref idref="oc-282"/>
      </symbol>
      <symbol id="sm-625">
         <name>__c28xabi_cmpll</name>
         <value>0xf889</value>
         <object_component_ref idref="oc-278"/>
      </symbol>
      <symbol id="sm-626">
         <name>__c28xabi_cmpull</name>
         <value>0xf89b</value>
         <object_component_ref idref="oc-278"/>
      </symbol>
      <symbol id="sm-64d">
         <name>__c28xabi_modull</name>
         <value>0xe7df</value>
         <object_component_ref idref="oc-27d"/>
      </symbol>
      <symbol id="sm-64e">
         <name>__c28xabi_divull</name>
         <value>0xe7b0</value>
         <object_component_ref idref="oc-27d"/>
      </symbol>
      <symbol id="sm-64f">
         <name>__c28xabi_divll</name>
         <value>0xe73a</value>
         <object_component_ref idref="oc-27d"/>
      </symbol>
      <symbol id="sm-650">
         <name>__c28xabi_modll</name>
         <value>0xe776</value>
         <object_component_ref idref="oc-27d"/>
      </symbol>
      <symbol id="sm-65c">
         <name>__c28xabi_itod</name>
         <value>0xf8c4</value>
         <object_component_ref idref="oc-2b3"/>
      </symbol>
      <symbol id="sm-668">
         <name>__c28xabi_ltod</name>
         <value>0xf91a</value>
         <object_component_ref idref="oc-29d"/>
      </symbol>
      <symbol id="sm-674">
         <name>__c28xabi_ftod</name>
         <value>0xf8fe</value>
         <object_component_ref idref="oc-bd"/>
      </symbol>
      <symbol id="sm-680">
         <name>__c28xabi_dtof</name>
         <value>0xf7c8</value>
         <object_component_ref idref="oc-cd"/>
      </symbol>
      <symbol id="sm-693">
         <name>__c28xabi_divd</name>
         <value>0xeb91</value>
         <object_component_ref idref="oc-28d"/>
      </symbol>
      <symbol id="sm-6a5">
         <name>memcpy</name>
         <value>0xf8e1</value>
         <object_component_ref idref="oc-4a"/>
      </symbol>
      <symbol id="sm-6b2">
         <name>_system_pre_init</name>
         <value>0xfb29</value>
         <object_component_ref idref="oc-1fb"/>
      </symbol>
      <symbol id="sm-6c1">
         <name>__TI_auto_init_nobinit_nopinit</name>
         <value>0xf68a</value>
         <object_component_ref idref="oc-2ec"/>
      </symbol>
      <symbol id="sm-6ce">
         <name>__TI_zero_init</name>
         <value>0xfb1c</value>
         <object_component_ref idref="oc-58"/>
      </symbol>
      <symbol id="sm-6db">
         <name>__TI_decompress_none</name>
         <value>0xfb0c</value>
         <object_component_ref idref="oc-26"/>
      </symbol>
      <symbol id="sm-6ef">
         <name>__TI_decompress_lzss</name>
         <value>0xf5f8</value>
         <object_component_ref idref="oc-20"/>
      </symbol>
      <symbol id="sm-705">
         <name>C$$EXIT</name>
         <value>0xf709</value>
         <object_component_ref idref="oc-208"/>
      </symbol>
      <symbol id="sm-706">
         <name>abort</name>
         <value>0xf709</value>
         <object_component_ref idref="oc-208"/>
      </symbol>
      <symbol id="sm-707">
         <name>exit</name>
         <value>0xf70b</value>
         <object_component_ref idref="oc-208"/>
      </symbol>
      <symbol id="sm-708">
         <name>__TI_dtors_ptr</name>
         <value>0xaebe</value>
         <object_component_ref idref="oc-31e"/>
      </symbol>
      <symbol id="sm-709">
         <name>__TI_cleanup_ptr</name>
         <value>0xaebc</value>
         <object_component_ref idref="oc-31e"/>
      </symbol>
      <symbol id="sm-70a">
         <name>__TI_enable_exit_profile_output</name>
         <value>0xaeba</value>
         <object_component_ref idref="oc-31e"/>
      </symbol>
      <symbol id="sm-721">
         <name>_nop</name>
         <value>0xfafa</value>
         <object_component_ref idref="oc-2d5"/>
      </symbol>
      <symbol id="sm-722">
         <name>_lock</name>
         <value>0xaed4</value>
         <object_component_ref idref="oc-1d2"/>
      </symbol>
      <symbol id="sm-723">
         <name>_unlock</name>
         <value>0xaed6</value>
         <object_component_ref idref="oc-1d5"/>
      </symbol>
      <symbol id="sm-724">
         <name>_register_lock</name>
         <value>0xfaf6</value>
         <object_component_ref idref="oc-2d5"/>
      </symbol>
      <symbol id="sm-725">
         <name>_register_unlock</name>
         <value>0xfaf2</value>
         <object_component_ref idref="oc-2d5"/>
      </symbol>
      <symbol id="sm-734">
         <name>__TI_ltoa</name>
         <value>0xf65a</value>
         <object_component_ref idref="oc-297"/>
      </symbol>
      <symbol id="sm-743">
         <name>_args_main</name>
         <value>0xfab1</value>
         <object_component_ref idref="oc-202"/>
      </symbol>
      <symbol id="sm-758">
         <name>atoi</name>
         <value>0xf629</value>
         <object_component_ref idref="oc-271"/>
      </symbol>
      <symbol id="sm-763">
         <name>_ctypes_</name>
         <value>0xa800</value>
         <object_component_ref idref="oc-34e"/>
      </symbol>
      <symbol id="sm-778">
         <name>__TI_tmpnams</name>
         <value>0x8420</value>
         <object_component_ref idref="oc-46d"/>
      </symbol>
      <symbol id="sm-779">
         <name>_ftable</name>
         <value>0xadcc</value>
         <object_component_ref idref="oc-1c9"/>
      </symbol>
      <symbol id="sm-77a">
         <name>__TI_ft_end</name>
         <value>0xaed8</value>
         <object_component_ref idref="oc-337"/>
      </symbol>
      <symbol id="sm-78a">
         <name>memccpy</name>
         <value>0xfa44</value>
         <object_component_ref idref="oc-2c4"/>
      </symbol>
      <symbol id="sm-79a">
         <name>memchr</name>
         <value>0xfa98</value>
         <object_component_ref idref="oc-265"/>
      </symbol>
      <symbol id="sm-801">
         <name>_sys_memory</name>
         <value>0x8800</value>
         <object_component_ref idref="oc-45"/>
      </symbol>
      <symbol id="sm-802">
         <name>free</name>
         <value>0xcd1e</value>
         <object_component_ref idref="oc-3ad"/>
      </symbol>
      <symbol id="sm-803">
         <name>__TI_heap_total_available</name>
         <value>0xcf4b</value>
         <object_component_ref idref="oc-3ad"/>
      </symbol>
      <symbol id="sm-804">
         <name>__TI_heap_largest_available</name>
         <value>0xcf6a</value>
         <object_component_ref idref="oc-3ad"/>
      </symbol>
      <symbol id="sm-805">
         <name>realloc</name>
         <value>0xcde8</value>
         <object_component_ref idref="oc-3ad"/>
      </symbol>
      <symbol id="sm-806">
         <name>memalign</name>
         <value>0xce9d</value>
         <object_component_ref idref="oc-3ad"/>
      </symbol>
      <symbol id="sm-807">
         <name>calloc</name>
         <value>0xce70</value>
         <object_component_ref idref="oc-3ad"/>
      </symbol>
      <symbol id="sm-808">
         <name>malloc</name>
         <value>0xccf3</value>
         <object_component_ref idref="oc-3ad"/>
      </symbol>
      <symbol id="sm-809">
         <name>__TI_heap_check</name>
         <value>0xcf89</value>
         <object_component_ref idref="oc-3ad"/>
      </symbol>
      <symbol id="sm-80a">
         <name>aligned_alloc</name>
         <value>0xce9d</value>
         <object_component_ref idref="oc-3ad"/>
      </symbol>
      <symbol id="sm-80b">
         <name>minit</name>
         <value>0xce6c</value>
         <object_component_ref idref="oc-3ad"/>
      </symbol>
      <symbol id="sm-81a">
         <name>memset</name>
         <value>0xdff9</value>
         <object_component_ref idref="oc-103"/>
      </symbol>
      <symbol id="sm-82a">
         <name>strchr</name>
         <value>0xfabd</value>
         <object_component_ref idref="oc-2b8"/>
      </symbol>
      <symbol id="sm-838">
         <name>strcpy</name>
         <value>0xfb22</value>
         <object_component_ref idref="oc-2be"/>
      </symbol>
      <symbol id="sm-846">
         <name>strlen</name>
         <value>0xfb14</value>
         <object_component_ref idref="oc-25f"/>
      </symbol>
      <symbol id="sm-854">
         <name>write</name>
         <value>0xf969</value>
         <object_component_ref idref="oc-257"/>
      </symbol>
      <symbol id="sm-864">
         <name>_stream</name>
         <value>0xae8c</value>
         <object_component_ref idref="oc-33c"/>
      </symbol>
      <symbol id="sm-865">
         <name>_device</name>
         <value>0xae44</value>
         <object_component_ref idref="oc-3c3"/>
      </symbol>
      <symbol id="sm-870">
         <name>errno</name>
         <value>0xaed9</value>
         <object_component_ref idref="oc-2d0"/>
      </symbol>
      <symbol id="sm-887">
         <name>frexpl</name>
         <value>0xf0bb</value>
         <object_component_ref idref="oc-2a7"/>
      </symbol>
      <symbol id="sm-888">
         <name>frexp</name>
         <value>0xf0bb</value>
         <object_component_ref idref="oc-2a7"/>
      </symbol>
      <symbol id="sm-8aa">
         <name>scalbn</name>
         <value>0xe8fe</value>
         <object_component_ref idref="oc-2ad"/>
      </symbol>
      <symbol id="sm-8ab">
         <name>scalbnl</name>
         <value>0xe8fe</value>
         <object_component_ref idref="oc-2ad"/>
      </symbol>
      <symbol id="sm-8ac">
         <name>ldexpl</name>
         <value>0xe8fe</value>
         <object_component_ref idref="oc-2ad"/>
      </symbol>
      <symbol id="sm-8ad">
         <name>ldexp</name>
         <value>0xe8fe</value>
         <object_component_ref idref="oc-2ad"/>
      </symbol>
      <symbol id="sm-8bc">
         <name>wcslen</name>
         <value>0xfad4</value>
         <object_component_ref idref="oc-2ca"/>
      </symbol>
      <symbol id="sm-8d3">
         <name>__TI_doflush</name>
         <value>0xcf8b</value>
         <object_component_ref idref="oc-251"/>
      </symbol>
      <symbol id="sm-8d4">
         <name>fflush</name>
         <value>0xcfba</value>
         <object_component_ref idref="oc-251"/>
      </symbol>
      <symbol id="sm-90f">
         <name>__TI_cleanup</name>
         <value>0xdedb</value>
         <object_component_ref idref="oc-3b3"/>
      </symbol>
      <symbol id="sm-910">
         <name>freopen</name>
         <value>0xdef8</value>
         <object_component_ref idref="oc-3b3"/>
      </symbol>
      <symbol id="sm-911">
         <name>fopen</name>
         <value>0xdf16</value>
         <object_component_ref idref="oc-3b3"/>
      </symbol>
      <symbol id="sm-922">
         <name>fseek</name>
         <value>0xf3a0</value>
         <object_component_ref idref="oc-329"/>
      </symbol>
      <symbol id="sm-939">
         <name>__c28xabi_addd</name>
         <value>0xdf5d</value>
         <object_component_ref idref="oc-1b5"/>
      </symbol>
      <symbol id="sm-941">
         <name>__c28xabi_divul</name>
         <value>0xf6fc</value>
         <object_component_ref idref="oc-359"/>
      </symbol>
      <symbol id="sm-942">
         <name>__c28xabi_modul</name>
         <value>0xf703</value>
         <object_component_ref idref="oc-359"/>
      </symbol>
      <symbol id="sm-943">
         <name>__c28xabi_modl</name>
         <value>0xf6ee</value>
         <object_component_ref idref="oc-359"/>
      </symbol>
      <symbol id="sm-944">
         <name>__c28xabi_divl</name>
         <value>0xf6df</value>
         <object_component_ref idref="oc-359"/>
      </symbol>
      <symbol id="sm-952">
         <name>_system_post_cinit</name>
         <value>0xeafb</value>
         <object_component_ref idref="oc-388"/>
      </symbol>
      <symbol id="sm-95f">
         <name>HOSTclose</name>
         <value>0xf732</value>
         <object_component_ref idref="oc-422"/>
      </symbol>
      <symbol id="sm-96c">
         <name>HOSTlseek</name>
         <value>0xef66</value>
         <object_component_ref idref="oc-434"/>
      </symbol>
      <symbol id="sm-97f">
         <name>parmbuf</name>
         <value>0x84c0</value>
         <object_component_ref idref="oc-47b"/>
      </symbol>
      <symbol id="sm-980">
         <name>HOSTopen</name>
         <value>0xf3dd</value>
         <object_component_ref idref="oc-41c"/>
      </symbol>
      <symbol id="sm-98e">
         <name>HOSTread</name>
         <value>0xf489</value>
         <object_component_ref idref="oc-428"/>
      </symbol>
      <symbol id="sm-99b">
         <name>HOSTrename</name>
         <value>0xf325</value>
         <object_component_ref idref="oc-440"/>
      </symbol>
      <symbol id="sm-9a8">
         <name>HOSTunlink</name>
         <value>0xf7a4</value>
         <object_component_ref idref="oc-43a"/>
      </symbol>
      <symbol id="sm-9b6">
         <name>HOSTwrite</name>
         <value>0xefc7</value>
         <object_component_ref idref="oc-42e"/>
      </symbol>
      <symbol id="sm-9d3">
         <name>__TI_readmsg</name>
         <value>0xeb54</value>
         <object_component_ref idref="oc-47e"/>
      </symbol>
      <symbol id="sm-9d4">
         <name>C$$IO$$</name>
         <value>0xeb4f</value>
         <object_component_ref idref="oc-47e"/>
      </symbol>
      <symbol id="sm-9d5">
         <name>__CIOBUF_</name>
         <value>0x8000</value>
         <object_component_ref idref="oc-4ae"/>
      </symbol>
      <symbol id="sm-9d6">
         <name>__TI_writemsg</name>
         <value>0xeafc</value>
         <object_component_ref idref="oc-47e"/>
      </symbol>
      <symbol id="sm-9ef">
         <name>open</name>
         <value>0xee26</value>
         <object_component_ref idref="oc-40a"/>
      </symbol>
      <symbol id="sm-9fd">
         <name>lseek</name>
         <value>0xf99a</value>
         <object_component_ref idref="oc-3a5"/>
      </symbol>
      <symbol id="sm-a0b">
         <name>copysign</name>
         <value>0xf75b</value>
         <object_component_ref idref="oc-36a"/>
      </symbol>
      <symbol id="sm-a0c">
         <name>copysignl</name>
         <value>0xf75b</value>
         <object_component_ref idref="oc-36a"/>
      </symbol>
      <symbol id="sm-a1e">
         <name>__TI_closefile</name>
         <value>0xf05e</value>
         <object_component_ref idref="oc-410"/>
      </symbol>
      <symbol id="sm-a1f">
         <name>fclose</name>
         <value>0xf0a2</value>
         <object_component_ref idref="oc-410"/>
      </symbol>
      <symbol id="sm-a31">
         <name>finddevice</name>
         <value>0xf20b</value>
         <object_component_ref idref="oc-45f"/>
      </symbol>
      <symbol id="sm-a32">
         <name>getdevice</name>
         <value>0xf226</value>
         <object_component_ref idref="oc-45f"/>
      </symbol>
      <symbol id="sm-a41">
         <name>strcmp</name>
         <value>0xfadf</value>
         <object_component_ref idref="oc-492"/>
      </symbol>
      <symbol id="sm-a52">
         <name>strncpy</name>
         <value>0xfa0a</value>
         <object_component_ref idref="oc-498"/>
      </symbol>
      <symbol id="sm-a64">
         <name>close</name>
         <value>0xf594</value>
         <object_component_ref idref="oc-467"/>
      </symbol>
      <symbol id="sm-a71">
         <name>unlink</name>
         <value>0xf950</value>
         <object_component_ref idref="oc-470"/>
      </symbol>
      <symbol id="sm-a73">
         <name>__c_args__</name>
         <value>0x0</value>
      </symbol>
      <symbol id="sm-a74">
         <name>remove</name>
         <value>0xf950</value>
      </symbol>
   </symbol_table>
   <title>Link successful</title>
</link_info>
