******************************************************************************
             TMS320C2000 Linker PC v20.2.1                     
******************************************************************************
>> Linked Sun Nov 22 10:51:49 2020

OUTPUT FILE NAME:   <emote-controller_driverlib.out>
ENTRY POINT SYMBOL: "code_start"  address: 00000000


MEMORY CONFIGURATION

         name            origin    length      used     unused   attr    fill
----------------------  --------  ---------  --------  --------  ----  --------
PAGE 0:
  BEGIN                 00000000   00000002  00000002  00000000  RWIX
  RAMM0                 00000123   000002dd  00000054  00000289  RWIX
  RAMLS0                00008000   00000800  00000400  00000400  RWIX
  RAMLS1                00008800   00000800  00000000  00000800  RWIX
  RAMLS2                00009000   00000800  00000000  00000800  RWIX
  RAMLS3_LS4            00009800   00001000  00000dd6  0000022a  RWIX
  RAMD0                 0000b000   00000800  00000000  00000800  RWIX
  RESET                 003fffc0   00000002  00000000  00000002  RWIX

PAGE 1:
  BOOT_RSVD             00000002   00000121  00000000  00000121  RWIX
  RAMM1                 00000400   000003f8  00000100  000002f8  RWIX
  RAMLS5                0000a800   00000800  0000075d  000000a3  RWIX
  RAMD1                 0000b800   00000800  00000000  00000800  RWIX
  RAMGS0                0000c000   00001000  00001000  00000000  RWIX
  RAMGS1                0000d000   00001000  00001000  00000000  RWIX
  RAMGS2                0000e000   00001000  00000fff  00000001  RWIX
  RAMGS3                0000f000   00001000  00000dd3  0000022d  RWIX
  RAMGS4                00010000   00001000  00000000  00001000  RWIX
  RAMGS5                00011000   00001000  00000000  00001000  RWIX
  RAMGS6                00012000   00001000  00000000  00001000  RWIX
  RAMGS7                00013000   00001000  00000000  00001000  RWIX
  RAMGS8                00014000   00001000  00000000  00001000  RWIX
  RAMGS9                00015000   00001000  00000000  00001000  RWIX
  RAMGS10               00016000   00001000  00000000  00001000  RWIX
  RAMGS11               00017000   00001000  00000000  00001000  RWIX
  RAMGS12               00018000   00001000  00000000  00001000  RWIX
  RAMGS13               00019000   00001000  00000000  00001000  RWIX
  RAMGS14               0001a000   00001000  00000000  00001000  RWIX
  RAMGS15               0001b000   00000ff8  00000000  00000ff8  RWIX
  CPU2TOCPU1RAM         0003f800   00000400  00000000  00000400  RWIX
  CPU1TOCPU2RAM         0003fc00   00000400  00000000  00000400  RWIX
  CANA_MSG_RAM          00049000   00000800  00000000  00000800  RWIX
  CANB_MSG_RAM          0004b000   00000800  00000000  00000800  RWIX


SECTION ALLOCATION MAP

 output                                  attributes/
section   page    origin      length       input sections
--------  ----  ----------  ----------   ----------------
codestart 
*          0    00000000    00000002     
                  00000000    00000002     F2837xD_CodeStartBranch.obj (codestart)

.cinit     0    00000128    00000050     
                  00000128    0000003c     (.cinit..data.load) [load image, compression = lzss]
                  00000164    00000006     (__TI_handler_table)
                  0000016a    00000004     (.cinit..bss.load) [load image, compression = zero_init]
                  0000016e    00000002     --HOLE-- [fill = 0]
                  00000170    00000008     (__TI_cinit_table)

.reset     0    003fffc0    00000000     DSECT

.sysmem    0    00008000    00000400     UNINITIALIZED
                  00008000    00000004     rts2800_fpu32_eabi.lib : memory.c.obj (.sysmem)
                  00008004    000003fc     --HOLE--

.bss       0    00009800    00000dd6     UNINITIALIZED
                  00009800    00000200     sampling.obj (.bss:adcA3Results)
                  00009a00    00000200     sampling.obj (.bss:adcAResults)
                  00009c00    00000200     sampling.obj (.bss:adcB3Results)
                  00009e00    00000200     sampling.obj (.bss:adcBResults)
                  0000a000    00000200     sampling.obj (.bss:adcC3Results)
                  0000a200    00000200     sampling.obj (.bss:adcCResults)
                  0000a400    00000120     rts2800_fpu32_eabi.lib : trgmsg.c.obj (.bss:_CIOBUF_)
                  0000a520    000000a0                            : defs.c.obj (.bss:__TI_tmpnams)
                  0000a5c0    0000000c     sampling.obj (.bss)
                  0000a5cc    00000008     rts2800_fpu32_eabi.lib : hostopen.c.obj (.bss:parmbuf)
                  0000a5d4    00000002                            : memory.c.obj (.bss)

.stack     1    00000400    00000100     UNINITIALIZED
                  00000400    00000100     --HOLE--

.init_array 
*          0    00000123    00000000     UNINITIALIZED

.const     1    0000a800    0000064c     
                  0000a800    00000101     rts2800_fpu32_eabi.lib : ctype.c.obj (.const:.string:_ctypes_)
                  0000a901    00000001     --HOLE-- [fill = 0]
                  0000a902    000000f3     main.obj (.const:.string)
                  0000a9f5    00000001     --HOLE-- [fill = 0]
                  0000a9f6    000000ef     driverlib_eabi.lib : epwm.obj (.const:.string)
                  0000aae5    00000001     --HOLE-- [fill = 0]
                  0000aae6    000000ef                        : gpio.obj (.const:.string)
                  0000abd5    00000001     --HOLE-- [fill = 0]
                  0000abd6    0000008d     sampling.obj (.const:.string)
                  0000ac63    00000001     --HOLE-- [fill = 0]
                  0000ac64    0000007c     driverlib_eabi.lib : interrupt.obj (.const:.string)
                  0000ace0    00000079                        : sysctl.obj (.const:.string)
                  0000ad59    00000001     --HOLE-- [fill = 0]
                  0000ad5a    00000076                        : adc.obj (.const:.string)
                  0000add0    00000026     rts2800_fpu32_eabi.lib : _printfi.c.obj (.const:.string)
                  0000adf6    0000001c                            : _printfi.c.obj (.const)
                  0000ae12    0000001c                            : s_scalbn.c.obj (.const)
                  0000ae2e    00000013     device.obj (.const:.string)
                  0000ae41    00000001     --HOLE-- [fill = 0]
                  0000ae42    00000008     rts2800_fpu32_eabi.lib : s_frexp.c.obj (.const)
                  0000ae4a    00000002                            : fputs.c.obj (.const:.string)

.data      1    0000ae4c    00000111     UNINITIALIZED
                  0000ae4c    00000078     rts2800_fpu32_eabi.lib : defs.c.obj (.data:_ftable)
                  0000aec4    00000048                            : host_device.c.obj (.data:_device)
                  0000af0c    00000028                            : host_device.c.obj (.data:_stream)
                  0000af34    00000006     device.obj (.data)
                  0000af3a    00000006     rts2800_fpu32_eabi.lib : exit.c.obj (.data)
                  0000af40    00000014     main.obj (.data)
                  0000af54    00000002     rts2800_fpu32_eabi.lib : _lock.c.obj (.data:_lock)
                  0000af56    00000002                            : _lock.c.obj (.data:_unlock)
                  0000af58    00000001                            : defs.c.obj (.data)
                  0000af59    00000001                            : errno.c.obj (.data)
                  0000af5a    00000001                            : fopen.c.obj (.data)
                  0000af5b    00000001                            : memory.c.obj (.data)
                  0000af5c    00000001                            : open.c.obj (.data)

.TI.ramfunc 
*          0    00000123    00000004     
                  00000123    00000004     driverlib_eabi.lib : sysctl.obj (.TI.ramfunc)

GETBUFFER 
*          0    0003f800    00000000     DSECT

GETWRITEIDX 
*          0    0003f800    00000000     DSECT

PUTREADIDX 
*          0    0003f800    00000000     DSECT

.text.1    1    0000c000    00001000     
                  0000c000    00000cf3     rts2800_fpu32_eabi.lib : _printfi.c.obj (.text)
                  0000ccf3    00000298                            : memory.c.obj (.text)
                  0000cf8b    00000073                            : fflush.c.obj (.text)
                  0000cffe    00000002     driverlib_eabi.lib : interrupt.obj (.text:Interrupt_illegalOperationHandler)

.text.2    1    0000d000    00001000     
                  0000d000    00000825     main.obj (.text)
                  0000d825    000004ee     sampling.obj (.text)
                  0000dd13    00000240     sampling.obj (.text:retain)
                  0000df53    000000a8     rts2800_fpu32_eabi.lib : fputs.c.obj (.text)
                  0000dffb    00000005                            : strcpy.c.obj (.text)

.text.3    1    0000e000    00000fff     
                  0000e000    00000407     device.obj (.text)
                  0000e407    0000021f     driverlib_eabi.lib : sysctl.obj (.text:SysCtl_setClock)
                  0000e626    00000213                        : epwm.obj (.text:EPWM_configureSignal)
                  0000e839    00000121     rts2800_fpu32_eabi.lib : fopen.c.obj (.text)
                  0000e95a    00000107                            : ll_div28.asm.obj (.text)
                  0000ea61    000000bd     driverlib_eabi.lib : adc.obj (.text:ADC_setMode)
                  0000eb1e    000000ae     rts2800_fpu32_eabi.lib : s_scalbn.c.obj (.text)
                  0000ebcc    000000a7     main.obj (.text:retain)
                  0000ec73    0000009c     rts2800_fpu32_eabi.lib : fd_add28.asm.obj (.text)
                  0000ed0f    00000001                            : startup.c.obj (.text)
                  0000ed10    00000095                            : trgmsg.c.obj (.text)
                  0000eda5    0000008b                            : fd_div28.asm.obj (.text)
                  0000ee30    00000088                            : fs_div28.asm.obj (.text)
                  0000eeb8    00000085     driverlib_eabi.lib : interrupt.obj (.text:Interrupt_clearIFR)
                  0000ef3d    00000083     rts2800_fpu32_eabi.lib : fd_mpy28.asm.obj (.text)
                  0000efc0    0000003f     driverlib_eabi.lib : epwm.obj (.text:EPWM_setCounterCompareShadowLoadMode)

.text.4    1    0000f000    00000dd3     
                  0000f000    00000082     board.obj (.text)
                  0000f082    0000007d     rts2800_fpu32_eabi.lib : setvbuf.c.obj (.text)
                  0000f0ff    00000071                            : open.c.obj (.text)
                  0000f170    00000068     driverlib_eabi.lib : sysctl.obj (.text:SysCtl_getDeviceParametric)
                  0000f1d8    00000067     rts2800_fpu32_eabi.lib : _io_perm.c.obj (.text)
                  0000f23f    00000061                            : hostlseek.c.obj (.text)
                  0000f2a0    0000005e     driverlib_eabi.lib : sysctl.obj (.text:SysCtl_selectOscSource)
                  0000f2fe    0000005d     rts2800_fpu32_eabi.lib : fclose.c.obj (.text)
                  0000f35b    0000005a                            : s_frexp.c.obj (.text)
                  0000f3b5    00000053                            : fputc.c.obj (.text)
                  0000f408    00000052     driverlib_eabi.lib : gpio.obj (.text:GPIO_setPadConfig)
                  0000f45a    00000051                        : sysctl.obj (.text:SysCtl_getClock)
                  0000f4ab    00000051     rts2800_fpu32_eabi.lib : getdevice.c.obj (.text)
                  0000f4fc    0000004b     driverlib_eabi.lib : interrupt.obj (.text:Interrupt_disable)
                  0000f547    00000047                        : epwm.obj (.text:EPWM_isBaseValid)
                  0000f58e    00000043                        : epwm.obj (.text:EPWM_setActionQualifierAction)
                  0000f5d1    0000003e     rts2800_fpu32_eabi.lib : hostrename.c.obj (.text)
                  0000f60f    0000003d     driverlib_eabi.lib : interrupt.obj (.text:Interrupt_initModule)
                  0000f64c    0000003d     rts2800_fpu32_eabi.lib : fseek.c.obj (.text)
                  0000f689    0000003c                            : hostopen.c.obj (.text)
                  0000f6c5    00000039                            : hostwrite.c.obj (.text)
                  0000f6fe    00000038     driverlib_eabi.lib : gpio.obj (.text:GPIO_setMasterCore)
                  0000f736    00000038                        : gpio.obj (.text:GPIO_setQualificationMode)
                  0000f76e    00000038     rts2800_fpu32_eabi.lib : hostread.c.obj (.text)
                  0000f7a6    00000037     driverlib_eabi.lib : gpio.obj (.text:GPIO_setPinConfig)
                  0000f7dd    00000034                        : gpio.obj (.text:GPIO_setInterruptPin)
                  0000f811    00000034                        : interrupt.obj (.text:Interrupt_enable)
                  0000f845    00000034     rts2800_fpu32_eabi.lib : printf.c.obj (.text)
                  0000f879    00000033                            : close.c.obj (.text)
                  0000f8ac    00000031     driverlib_eabi.lib : gpio.obj (.text:GPIO_setDirectionMode)
                  0000f8dd    00000031     rts2800_fpu32_eabi.lib : copy_decompress_lzss.c.obj (.text:decompress:lzss)
                  0000f90e    00000031                            : atoi.c.obj (.text)
                  0000f93f    00000030                            : _ltoa.c.obj (.text)
                  0000f96f    0000002b                            : autoinit.c.obj (.text:__TI_auto_init_nobinit_nopinit)
                  0000f99a    0000002a                            : fd_cmp28.asm.obj (.text)
                  0000f9c4    0000002a                            : l_div28.asm.obj (.text)
                  0000f9ee    00000029                            : exit.c.obj (.text)
                  0000fa17    00000029                            : hostclose.c.obj (.text)
                  0000fa40    00000025                            : s_copysign.c.obj (.text)
                  0000fa65    00000024     driverlib_eabi.lib : epwm.obj (.text:EPWM_setCounterCompareValue)
                  0000fa89    00000024     rts2800_fpu32_eabi.lib : hostunlink.c.obj (.text)
                  0000faad    00000021                            : fd_toi28.asm.obj (.text)
                  0000face    00000020     driverlib_eabi.lib : interrupt.obj (.text:Interrupt_initVectorTable)
                  0000faee    0000001f                        : adc.obj (.text:ADC_isBaseValid)
                  0000fb0d    0000001f                        : epwm.obj (.text:EPWM_setPhaseShift)
                  0000fb2c    0000001f     rts2800_fpu32_eabi.lib : fd_tol28.asm.obj (.text)
                  0000fb4b    0000001e                            : ll_cmp28.asm.obj (.text)
                  0000fb69    0000001d     driverlib_eabi.lib : epwm.obj (.text:EPWM_setClockPrescaler)
                  0000fb86    0000001d     rts2800_fpu32_eabi.lib : i_tofd28.asm.obj (.text)
                  0000fba3    0000001d                            : memcpy.c.obj (.text)
                  0000fbc0    0000001c                            : l_tofd28.asm.obj (.text)
                  0000fbdc    0000001a     driverlib_eabi.lib : sysctl.obj (.text:SysCtl_getLowSpeedClock)
                  0000fbf6    00000019     rts2800_fpu32_eabi.lib : unlink.c.obj (.text)
                  0000fc0f    00000019                            : write.c.obj (.text)
                  0000fc28    00000018                            : ll_aox28.asm.obj (.text)
                  0000fc40    00000018                            : lseek.c.obj (.text)
                  0000fc58    00000017     driverlib_eabi.lib : gpio.obj (.text:XBAR_setInputPin)
                  0000fc6f    00000017     rts2800_fpu32_eabi.lib : boot28.asm.obj (.text)
                  0000fc86    00000015     driverlib_eabi.lib : epwm.obj (.text:EPWM_setTimeBaseCounterMode)
                  0000fc9b    00000015                        : epwm.obj (.text:EPWM_setTimeBasePeriod)
                  0000fcb0    00000015     rts2800_fpu32_eabi.lib : strncpy.c.obj (.text)
                  0000fcc5    00000013     driverlib_eabi.lib : epwm.obj (.text:EPWM_setTimeBaseCounter)
                  0000fcd8    00000012                        : epwm.obj (.text:EPWM_disablePhaseShiftLoad)
                  0000fcea    00000010     rts2800_fpu32_eabi.lib : memccpy.c.obj (.text)
                  0000fcfa    0000000e     driverlib_eabi.lib : gpio.obj (.text:GPIO_isPinValid)
                  0000fd08    0000000e                        : interrupt.obj (.text:Interrupt_defaultHandler)
                  0000fd16    0000000e     rts2800_fpu32_eabi.lib : fd_sub28.asm.obj (.text)
                  0000fd24    0000000d     driverlib_eabi.lib : interrupt.obj (.text:Interrupt_disableMaster)
                  0000fd31    0000000d                        : interrupt.obj (.text:Interrupt_enableMaster)
                  0000fd3e    0000000d     rts2800_fpu32_eabi.lib : memchr.c.obj (.text)
                  0000fd4b    0000000c     driverlib_eabi.lib : epwm.obj (.text:SysCtl_setEPWMClockDivider)
                  0000fd57    0000000c     rts2800_fpu32_eabi.lib : args_main.c.obj (.text)
                  0000fd63    0000000c                            : strchr.c.obj (.text)
                  0000fd6f    0000000b     driverlib_eabi.lib : sysctl.obj (.text:SysCtl_isMCDClockFailureDetected)
                  0000fd7a    0000000b     rts2800_fpu32_eabi.lib : wcslen.c.obj (.text)
                  0000fd85    0000000a                            : strcmp.c.obj (.text)
                  0000fd8f    00000009     driverlib_eabi.lib : sysctl.obj (.text:SysCtl_serviceWatchdog)
                  0000fd98    00000009     rts2800_fpu32_eabi.lib : _lock.c.obj (.text)
                  0000fda1    00000009                            : fd_neg28.asm.obj (.text)
                  0000fdaa    00000008     F2837xD_CodeStartBranch.obj (.text)
                  0000fdb2    00000008     rts2800_fpu32_eabi.lib : copy_decompress_none.c.obj (.text:decompress:none)
                  0000fdba    00000008                            : strlen.c.obj (.text)
                  0000fdc2    00000007                            : memset.c.obj (.text)
                  0000fdc9    00000006                            : copy_zero_init.c.obj (.text:decompress:ZI)
                  0000fdcf    00000002     driverlib_eabi.lib : interrupt.obj (.text:Interrupt_nmiHandler)
                  0000fdd1    00000002     rts2800_fpu32_eabi.lib : pre_init.c.obj (.text)

MODULE SUMMARY

       Module                        code    ro data   rw data
       ------                        ----    -------   -------
    .\
       sampling.obj                  1838    141       3084   
       main.obj                      2252    243       20     
       board.obj                     130     0         0      
    +--+-----------------------------+-------+---------+---------+
       Total:                        4220    384       3104   
                                                              
    .\device\
       device.obj                    1031    19        6      
       F2837xD_CodeStartBranch.obj   10      0         0      
    +--+-----------------------------+-------+---------+---------+
       Total:                        1041    19        6      
                                                              
    C:\ti\C2000Ware_3_03_00_00_Software\driverlib\f2837xd\driverlib\ccs\Debug\driverlib_eabi.lib
       epwm.obj                      919     239       0      
       sysctl.obj                    872     121       0      
       gpio.obj                      387     239       0      
       interrupt.obj                 397     124       0      
       adc.obj                       220     118       0      
    +--+-----------------------------+-------+---------+---------+
       Total:                        2795    841       0      
                                                              
    C:\ti\ccs1011\ccs\tools\compiler\ti-cgt-c2000_20.2.1.LTS\lib\rts2800_fpu32_eabi.lib
       _printfi.c.obj                3315    66        0      
       memory.c.obj                  664     0         3      
       trgmsg.c.obj                  149     0         288    
       fopen.c.obj                   289     0         1      
       defs.c.obj                    0       0         281    
       ll_div28.asm.obj              263     0         0      
       ctype.c.obj                   0       257       0      
       s_scalbn.c.obj                174     28        0      
       fputs.c.obj                   168     2         0      
       fd_add28.asm.obj              156     0         0      
       fd_div28.asm.obj              139     0         0      
       fs_div28.asm.obj              136     0         0      
       fd_mpy28.asm.obj              131     0         0      
       setvbuf.c.obj                 125     0         0      
       fflush.c.obj                  115     0         0      
       open.c.obj                    113     0         1      
       host_device.c.obj             0       0         112    
       _io_perm.c.obj                103     0         0      
       s_frexp.c.obj                 90      8         0      
       hostlseek.c.obj               97      0         0      
       fclose.c.obj                  93      0         0      
       fputc.c.obj                   83      0         0      
       getdevice.c.obj               81      0         0      
       hostopen.c.obj                60      0         8      
       hostrename.c.obj              62      0         0      
       fseek.c.obj                   61      0         0      
       hostwrite.c.obj               57      0         0      
       hostread.c.obj                56      0         0      
       printf.c.obj                  52      0         0      
       close.c.obj                   51      0         0      
       atoi.c.obj                    49      0         0      
       copy_decompress_lzss.c.obj    49      0         0      
       _ltoa.c.obj                   48      0         0      
       exit.c.obj                    41      0         6      
       autoinit.c.obj                43      0         0      
       fd_cmp28.asm.obj              42      0         0      
       l_div28.asm.obj               42      0         0      
       hostclose.c.obj               41      0         0      
       s_copysign.c.obj              37      0         0      
       hostunlink.c.obj              36      0         0      
       fd_toi28.asm.obj              33      0         0      
       fd_tol28.asm.obj              31      0         0      
       ll_cmp28.asm.obj              30      0         0      
       i_tofd28.asm.obj              29      0         0      
       memcpy.c.obj                  29      0         0      
       l_tofd28.asm.obj              28      0         0      
       unlink.c.obj                  25      0         0      
       write.c.obj                   25      0         0      
       ll_aox28.asm.obj              24      0         0      
       lseek.c.obj                   24      0         0      
       boot28.asm.obj                23      0         0      
       strncpy.c.obj                 21      0         0      
       memccpy.c.obj                 16      0         0      
       fd_sub28.asm.obj              14      0         0      
       _lock.c.obj                   9       0         4      
       memchr.c.obj                  13      0         0      
       args_main.c.obj               12      0         0      
       strchr.c.obj                  12      0         0      
       wcslen.c.obj                  11      0         0      
       strcmp.c.obj                  10      0         0      
       fd_neg28.asm.obj              9       0         0      
       copy_decompress_none.c.obj    8       0         0      
       strlen.c.obj                  8       0         0      
       memset.c.obj                  7       0         0      
       copy_zero_init.c.obj          6       0         0      
       strcpy.c.obj                  5       0         0      
       pre_init.c.obj                2       0         0      
       errno.c.obj                   0       0         1      
       startup.c.obj                 1       0         0      
    +--+-----------------------------+-------+---------+---------+
       Total:                        7776    361       705    
                                                              
       Heap:                         0       0         1024   
       Stack:                        0       0         256    
       Linker Generated:             0       78        0      
    +--+-----------------------------+-------+---------+---------+
       Grand Total:                  15832   1683      5095   


LINKER GENERATED COPY TABLES

__TI_cinit_table @ 00000170 records: 2, size/record: 4, table size: 8
	.data: load addr=00000128, load size=0000003c bytes, run addr=0000ae4c, run size=00000111 bytes, compression=lzss
	.bss: load addr=0000016a, load size=00000004 bytes, run addr=00009800, run size=00000dd6 bytes, compression=zero_init


LINKER GENERATED HANDLER TABLE

__TI_handler_table @ 00000164 records: 3, size/record: 2, table size: 6
	index: 0, handler: __TI_zero_init
	index: 1, handler: __TI_decompress_lzss
	index: 2, handler: __TI_decompress_none


GLOBAL DATA SYMBOLS: SORTED BY DATA PAGE

address     data page           name
--------    ----------------    ----
00000400      10 (00000400)     __stack

00008000     200 (00008000)     _sys_memory

00009800     260 (00009800)     adcA3Results

00009a00     268 (00009a00)     adcAResults

00009c00     270 (00009c00)     adcB3Results

00009e00     278 (00009e00)     adcBResults

0000a000     280 (0000a000)     adcC3Results

0000a200     288 (0000a200)     adcCResults

0000a400     290 (0000a400)     __CIOBUF_

0000a520     294 (0000a500)     __TI_tmpnams

0000a5c0     297 (0000a5c0)     indexA2
0000a5c1     297 (0000a5c0)     bufferFullA2
0000a5c2     297 (0000a5c0)     indexB2
0000a5c3     297 (0000a5c0)     bufferFullB2
0000a5c4     297 (0000a5c0)     indexC2
0000a5c5     297 (0000a5c0)     bufferFullC2
0000a5c6     297 (0000a5c0)     indexA3
0000a5c7     297 (0000a5c0)     bufferFullA3
0000a5c8     297 (0000a5c0)     indexB3
0000a5c9     297 (0000a5c0)     bufferFullB3
0000a5ca     297 (0000a5c0)     indexC3
0000a5cb     297 (0000a5c0)     bufferFullC3
0000a5cc     297 (0000a5c0)     parmbuf

0000a800     2a0 (0000a800)     _ctypes_

0000ae4c     2b9 (0000ae40)     _ftable

0000aec4     2bb (0000aec0)     _device

0000af0c     2bc (0000af00)     _stream
0000af34     2bc (0000af00)     Example_Result
0000af36     2bc (0000af00)     Example_PassCount
0000af38     2bc (0000af00)     Example_Fail
0000af3a     2bc (0000af00)     __TI_enable_exit_profile_output
0000af3c     2bc (0000af00)     __TI_cleanup_ptr
0000af3e     2bc (0000af00)     __TI_dtors_ptr

0000af40     2bd (0000af40)     direction
0000af41     2bd (0000af40)     enable
0000af44     2bd (0000af40)     duty_cycle
0000af46     2bd (0000af40)     pwmSignal
0000af54     2bd (0000af40)     _lock
0000af56     2bd (0000af40)     _unlock
0000af58     2bd (0000af40)     __TI_ft_end
0000af59     2bd (0000af40)     errno


GLOBAL SYMBOLS: SORTED ALPHABETICALLY BY Name 

page  address   name                                     
----  -------   ----                                     
1     0000ea61  ADC_setMode                              
1     0000f000  Board_init                               
1     0000f9ee  C$$EXIT                                  
1     0000ed63  C$$IO$$                                  
1     0000e27b  Device_bootCPU2                          
1     0000e24a  Device_configureTMXAnalogTrim            
1     0000e0ee  Device_enableAllPeripherals              
1     0000e234  Device_enableUnbondedGPIOPullups         
1     0000e211  Device_enableUnbondedGPIOPullupsFor100Pin
1     0000e1fa  Device_enableUnbondedGPIOPullupsFor176Pin
1     0000e0ac  Device_init                              
1     0000e1d9  Device_initGPIO                          
1     0000e626  EPWM_configureSignal                     
1     0000af38  Example_Fail                             
1     0000af36  Example_PassCount                        
1     0000af34  Example_Result                           
1     0000e406  Example_done                             
1     0000e401  Example_setResultFail                    
1     0000e3fc  Example_setResultPass                    
1     0000f032  GPIO_init                                
1     0000f8ac  GPIO_setDirectionMode                    
1     0000f7dd  GPIO_setInterruptPin                     
1     0000f6fe  GPIO_setMasterCore                       
1     0000f408  GPIO_setPadConfig                        
1     0000f7a6  GPIO_setPinConfig                        
1     0000f736  GPIO_setQualificationMode                
1     0000fa17  HOSTclose                                
1     0000f23f  HOSTlseek                                
1     0000f689  HOSTopen                                 
1     0000f76e  HOSTread                                 
1     0000f5d1  HOSTrename                               
1     0000fa89  HOSTunlink                               
1     0000f6c5  HOSTwrite                                
1     0000f4fc  Interrupt_disable                        
1     0000f811  Interrupt_enable                         
1     0000f60f  Interrupt_initModule                     
1     0000face  Interrupt_initVectorTable                
1     0000f007  PinMux_init                              
0     00000123  SysCtl_delay                             
1     0000f45a  SysCtl_getClock                          
1     0000f170  SysCtl_getDeviceParametric               
1     0000fbdc  SysCtl_getLowSpeedClock                  
1     0000f2a0  SysCtl_selectOscSource                   
1     0000e407  SysCtl_setClock                          
0     0000a400  __CIOBUF_                                
0     00000170  __TI_CINIT_Base                          
0     00000178  __TI_CINIT_Limit                         
0     00000164  __TI_Handler_Table_Base                  
0     0000016a  __TI_Handler_Table_Limit                 
1     00000500  __TI_STACK_END                           
abs   00000100  __TI_STACK_SIZE                          
abs   00000400  __TI_SYSMEM_SIZE                         
1     0000f96f  __TI_auto_init_nobinit_nopinit           
1     0000e8d8  __TI_cleanup                             
1     0000af3c  __TI_cleanup_ptr                         
1     0000f2fe  __TI_closefile                           
1     0000f8dd  __TI_decompress_lzss                     
1     0000fdb2  __TI_decompress_none                     
1     0000cf8b  __TI_doflush                             
1     0000af3e  __TI_dtors_ptr                           
1     0000af3a  __TI_enable_exit_profile_output          
1     0000af58  __TI_ft_end                              
1     0000cf89  __TI_heap_check                          
1     0000cf6a  __TI_heap_largest_available              
1     0000cf4b  __TI_heap_total_available                
1     0000f93f  __TI_ltoa                                
abs   ffffffff  __TI_pprof_out_hndl                      
1     0000cb62  __TI_printfi                             
abs   ffffffff  __TI_prof_data_size                      
abs   ffffffff  __TI_prof_data_start                     
1     0000f213  __TI_rd_ok                               
1     0000ed68  __TI_readmsg                             
0     0000a520  __TI_tmpnams                             
1     0000ed10  __TI_writemsg                            
1     0000f1d8  __TI_wrt_ok                              
1     0000fdc9  __TI_zero_init                           
1     0000ec73  __c28xabi_addd                           
1     0000fc28  __c28xabi_andll                          
1     0000f99a  __c28xabi_cmpd                           
1     0000fb4b  __c28xabi_cmpll                          
1     0000fb5d  __c28xabi_cmpull                         
1     0000eda5  __c28xabi_divd                           
1     0000ee30  __c28xabi_divf                           
1     0000f9c4  __c28xabi_divl                           
1     0000e95a  __c28xabi_divll                          
1     0000f9e1  __c28xabi_divul                          
1     0000e9d0  __c28xabi_divull                         
1     0000faad  __c28xabi_dtoi                           
1     0000fb2c  __c28xabi_dtol                           
1     0000fb86  __c28xabi_itod                           
1     0000fbc0  __c28xabi_ltod                           
1     0000f9d3  __c28xabi_modl                           
1     0000e996  __c28xabi_modll                          
1     0000f9e8  __c28xabi_modul                          
1     0000e9ff  __c28xabi_modull                         
1     0000ef3d  __c28xabi_mpyd                           
1     0000fda1  __c28xabi_negd                           
1     0000fc30  __c28xabi_orll                           
1     0000fd16  __c28xabi_subd                           
1     0000fc38  __c28xabi_xorll                          
n/a   UNDEFED   __c_args__                               
1     0000e3f5  __error__                                
1     00000400  __stack                                  
1     0000fd57  _args_main                               
1     0000fc6f  _c_int00                                 
1     0000a800  _ctypes_                                 
1     0000aec4  _device                                  
1     0000ae4c  _ftable                                  
1     0000af54  _lock                                    
1     0000fda0  _nop                                     
1     0000fd9c  _register_lock                           
1     0000fd98  _register_unlock                         
1     0000af0c  _stream                                  
0     00008000  _sys_memory                              
1     0000ed0f  _system_post_cinit                       
1     0000fdd1  _system_pre_init                         
1     0000af56  _unlock                                  
1     0000f9ee  abort                                    
1     0000dd13  adcA2ISR                                 
1     0000de33  adcA3ISR                                 
0     00009800  adcA3Results                             
0     00009a00  adcAResults                              
1     0000dd73  adcB2ISR                                 
1     0000de93  adcB3ISR                                 
0     00009c00  adcB3Results                             
0     00009e00  adcBResults                              
1     0000ddd3  adcC2ISR                                 
1     0000def3  adcC3ISR                                 
0     0000a000  adcC3Results                             
0     0000a200  adcCResults                              
1     0000ce9d  aligned_alloc                            
1     0000f90e  atoi                                     
0     0000a5c1  bufferFullA2                             
0     0000a5c7  bufferFullA3                             
0     0000a5c3  bufferFullB2                             
0     0000a5c9  bufferFullB3                             
0     0000a5c5  bufferFullC2                             
0     0000a5cb  bufferFullC3                             
1     0000ce70  calloc                                   
1     0000f879  close                                    
0     00000000  code_start                               
1     0000d579  configurePhase                           
1     0000fa40  copysign                                 
1     0000fa40  copysignl                                
1     0000af40  direction                                
1     0000af44  duty_cycle                               
1     0000af41  enable                                   
1     0000af59  errno                                    
1     0000f9f0  exit                                     
1     0000f342  fclose                                   
1     0000cfba  fflush                                   
1     0000f4ab  finddevice                               
1     0000e913  fopen                                    
1     0000f3b5  fputc                                    
1     0000df53  fputs                                    
1     0000cd1e  free                                     
1     0000e8f5  freopen                                  
1     0000f35b  frexp                                    
1     0000f35b  frexpl                                   
1     0000f64c  fseek                                    
1     0000f4c6  getdevice                                
1     0000ebcc  gpioInterruptHandler                     
0     0000a5c0  indexA2                                  
0     0000a5c6  indexA3                                  
0     0000a5c2  indexB2                                  
0     0000a5c8  indexB3                                  
0     0000a5c4  indexC2                                  
0     0000a5ca  indexC3                                  
1     0000d804  initADCSOCs                              
1     0000d7e6  initADCs                                 
1     0000eb1e  ldexp                                    
1     0000eb1e  ldexpl                                   
1     0000fc40  lseek                                    
1     0000d306  main                                     
1     0000ccf3  malloc                                   
1     0000ce9d  memalign                                 
1     0000fcea  memccpy                                  
1     0000fd3e  memchr                                   
1     0000fba3  memcpy                                   
1     0000fdc2  memset                                   
1     0000ce6c  minit                                    
1     0000f0ff  open                                     
0     0000a5cc  parmbuf                                  
1     0000f84b  printf                                   
1     0000f3b5  putc                                     
1     0000f403  putchar                                  
1     0000dfe8  puts                                     
1     0000af46  pwmSignal                                
1     0000cde8  realloc                                  
1     0000fbf6  remove                                   
1     0000db18  s_getA2Buffer                            
1     0000db5d  s_getA3Buffer                            
1     0000db1b  s_getB2Buffer                            
1     0000db60  s_getB3Buffer                            
1     0000db00  s_getBufferFullA2                        
1     0000db45  s_getBufferFullA3                        
1     0000db08  s_getBufferFullB2                        
1     0000db4d  s_getBufferFullB3                        
1     0000db10  s_getBufferFullC2                        
1     0000db55  s_getBufferFullC3                        
1     0000db1e  s_getC2Buffer                            
1     0000db63  s_getC3Buffer                            
1     0000dadc  s_resetBufferA2                          
1     0000db21  s_resetBufferA3                          
1     0000dae1  s_resetBufferB2                          
1     0000db26  s_resetBufferB3                          
1     0000dae6  s_resetBufferC2                          
1     0000db2b  s_resetBufferC3                          
1     0000daeb  s_setBufferFullA2                        
1     0000db30  s_setBufferFullA3                        
1     0000daf2  s_setBufferFullB2                        
1     0000db37  s_setBufferFullB3                        
1     0000daf9  s_setBufferFullC2                        
1     0000db3e  s_setBufferFullC3                        
1     0000db66  sampling_init                            
1     0000dc0e  sampling_initADCSOCs                     
1     0000dcc5  sampling_initADCs                        
1     0000dbc9  sampling_initEPWM                        
1     0000eb1e  scalbn                                   
1     0000eb1e  scalbnl                                  
1     0000d533  set_duty_cycle                           
1     0000f082  setvbuf                                  
1     0000fd63  strchr                                   
1     0000fd85  strcmp                                   
1     0000dffb  strcpy                                   
1     0000fdba  strlen                                   
1     0000fcb0  strncpy                                  
1     0000d5b1  switch_state_machine                     
1     0000fbf6  unlink                                   
1     0000fd7a  wcslen                                   
1     0000fc0f  write                                    


GLOBAL SYMBOLS: SORTED BY Symbol Address 

page  address   name                                     
----  -------   ----                                     
0     00000000  code_start                               
0     00000123  SysCtl_delay                             
0     00000164  __TI_Handler_Table_Base                  
0     0000016a  __TI_Handler_Table_Limit                 
0     00000170  __TI_CINIT_Base                          
0     00000178  __TI_CINIT_Limit                         
0     00008000  _sys_memory                              
0     00009800  adcA3Results                             
0     00009a00  adcAResults                              
0     00009c00  adcB3Results                             
0     00009e00  adcBResults                              
0     0000a000  adcC3Results                             
0     0000a200  adcCResults                              
0     0000a400  __CIOBUF_                                
0     0000a520  __TI_tmpnams                             
0     0000a5c0  indexA2                                  
0     0000a5c1  bufferFullA2                             
0     0000a5c2  indexB2                                  
0     0000a5c3  bufferFullB2                             
0     0000a5c4  indexC2                                  
0     0000a5c5  bufferFullC2                             
0     0000a5c6  indexA3                                  
0     0000a5c7  bufferFullA3                             
0     0000a5c8  indexB3                                  
0     0000a5c9  bufferFullB3                             
0     0000a5ca  indexC3                                  
0     0000a5cb  bufferFullC3                             
0     0000a5cc  parmbuf                                  
1     00000400  __stack                                  
1     00000500  __TI_STACK_END                           
1     0000a800  _ctypes_                                 
1     0000ae4c  _ftable                                  
1     0000aec4  _device                                  
1     0000af0c  _stream                                  
1     0000af34  Example_Result                           
1     0000af36  Example_PassCount                        
1     0000af38  Example_Fail                             
1     0000af3a  __TI_enable_exit_profile_output          
1     0000af3c  __TI_cleanup_ptr                         
1     0000af3e  __TI_dtors_ptr                           
1     0000af40  direction                                
1     0000af41  enable                                   
1     0000af44  duty_cycle                               
1     0000af46  pwmSignal                                
1     0000af54  _lock                                    
1     0000af56  _unlock                                  
1     0000af58  __TI_ft_end                              
1     0000af59  errno                                    
1     0000cb62  __TI_printfi                             
1     0000ccf3  malloc                                   
1     0000cd1e  free                                     
1     0000cde8  realloc                                  
1     0000ce6c  minit                                    
1     0000ce70  calloc                                   
1     0000ce9d  aligned_alloc                            
1     0000ce9d  memalign                                 
1     0000cf4b  __TI_heap_total_available                
1     0000cf6a  __TI_heap_largest_available              
1     0000cf89  __TI_heap_check                          
1     0000cf8b  __TI_doflush                             
1     0000cfba  fflush                                   
1     0000d306  main                                     
1     0000d533  set_duty_cycle                           
1     0000d579  configurePhase                           
1     0000d5b1  switch_state_machine                     
1     0000d7e6  initADCs                                 
1     0000d804  initADCSOCs                              
1     0000dadc  s_resetBufferA2                          
1     0000dae1  s_resetBufferB2                          
1     0000dae6  s_resetBufferC2                          
1     0000daeb  s_setBufferFullA2                        
1     0000daf2  s_setBufferFullB2                        
1     0000daf9  s_setBufferFullC2                        
1     0000db00  s_getBufferFullA2                        
1     0000db08  s_getBufferFullB2                        
1     0000db10  s_getBufferFullC2                        
1     0000db18  s_getA2Buffer                            
1     0000db1b  s_getB2Buffer                            
1     0000db1e  s_getC2Buffer                            
1     0000db21  s_resetBufferA3                          
1     0000db26  s_resetBufferB3                          
1     0000db2b  s_resetBufferC3                          
1     0000db30  s_setBufferFullA3                        
1     0000db37  s_setBufferFullB3                        
1     0000db3e  s_setBufferFullC3                        
1     0000db45  s_getBufferFullA3                        
1     0000db4d  s_getBufferFullB3                        
1     0000db55  s_getBufferFullC3                        
1     0000db5d  s_getA3Buffer                            
1     0000db60  s_getB3Buffer                            
1     0000db63  s_getC3Buffer                            
1     0000db66  sampling_init                            
1     0000dbc9  sampling_initEPWM                        
1     0000dc0e  sampling_initADCSOCs                     
1     0000dcc5  sampling_initADCs                        
1     0000dd13  adcA2ISR                                 
1     0000dd73  adcB2ISR                                 
1     0000ddd3  adcC2ISR                                 
1     0000de33  adcA3ISR                                 
1     0000de93  adcB3ISR                                 
1     0000def3  adcC3ISR                                 
1     0000df53  fputs                                    
1     0000dfe8  puts                                     
1     0000dffb  strcpy                                   
1     0000e0ac  Device_init                              
1     0000e0ee  Device_enableAllPeripherals              
1     0000e1d9  Device_initGPIO                          
1     0000e1fa  Device_enableUnbondedGPIOPullupsFor176Pin
1     0000e211  Device_enableUnbondedGPIOPullupsFor100Pin
1     0000e234  Device_enableUnbondedGPIOPullups         
1     0000e24a  Device_configureTMXAnalogTrim            
1     0000e27b  Device_bootCPU2                          
1     0000e3f5  __error__                                
1     0000e3fc  Example_setResultPass                    
1     0000e401  Example_setResultFail                    
1     0000e406  Example_done                             
1     0000e407  SysCtl_setClock                          
1     0000e626  EPWM_configureSignal                     
1     0000e8d8  __TI_cleanup                             
1     0000e8f5  freopen                                  
1     0000e913  fopen                                    
1     0000e95a  __c28xabi_divll                          
1     0000e996  __c28xabi_modll                          
1     0000e9d0  __c28xabi_divull                         
1     0000e9ff  __c28xabi_modull                         
1     0000ea61  ADC_setMode                              
1     0000eb1e  ldexp                                    
1     0000eb1e  ldexpl                                   
1     0000eb1e  scalbn                                   
1     0000eb1e  scalbnl                                  
1     0000ebcc  gpioInterruptHandler                     
1     0000ec73  __c28xabi_addd                           
1     0000ed0f  _system_post_cinit                       
1     0000ed10  __TI_writemsg                            
1     0000ed63  C$$IO$$                                  
1     0000ed68  __TI_readmsg                             
1     0000eda5  __c28xabi_divd                           
1     0000ee30  __c28xabi_divf                           
1     0000ef3d  __c28xabi_mpyd                           
1     0000f000  Board_init                               
1     0000f007  PinMux_init                              
1     0000f032  GPIO_init                                
1     0000f082  setvbuf                                  
1     0000f0ff  open                                     
1     0000f170  SysCtl_getDeviceParametric               
1     0000f1d8  __TI_wrt_ok                              
1     0000f213  __TI_rd_ok                               
1     0000f23f  HOSTlseek                                
1     0000f2a0  SysCtl_selectOscSource                   
1     0000f2fe  __TI_closefile                           
1     0000f342  fclose                                   
1     0000f35b  frexp                                    
1     0000f35b  frexpl                                   
1     0000f3b5  fputc                                    
1     0000f3b5  putc                                     
1     0000f403  putchar                                  
1     0000f408  GPIO_setPadConfig                        
1     0000f45a  SysCtl_getClock                          
1     0000f4ab  finddevice                               
1     0000f4c6  getdevice                                
1     0000f4fc  Interrupt_disable                        
1     0000f5d1  HOSTrename                               
1     0000f60f  Interrupt_initModule                     
1     0000f64c  fseek                                    
1     0000f689  HOSTopen                                 
1     0000f6c5  HOSTwrite                                
1     0000f6fe  GPIO_setMasterCore                       
1     0000f736  GPIO_setQualificationMode                
1     0000f76e  HOSTread                                 
1     0000f7a6  GPIO_setPinConfig                        
1     0000f7dd  GPIO_setInterruptPin                     
1     0000f811  Interrupt_enable                         
1     0000f84b  printf                                   
1     0000f879  close                                    
1     0000f8ac  GPIO_setDirectionMode                    
1     0000f8dd  __TI_decompress_lzss                     
1     0000f90e  atoi                                     
1     0000f93f  __TI_ltoa                                
1     0000f96f  __TI_auto_init_nobinit_nopinit           
1     0000f99a  __c28xabi_cmpd                           
1     0000f9c4  __c28xabi_divl                           
1     0000f9d3  __c28xabi_modl                           
1     0000f9e1  __c28xabi_divul                          
1     0000f9e8  __c28xabi_modul                          
1     0000f9ee  C$$EXIT                                  
1     0000f9ee  abort                                    
1     0000f9f0  exit                                     
1     0000fa17  HOSTclose                                
1     0000fa40  copysign                                 
1     0000fa40  copysignl                                
1     0000fa89  HOSTunlink                               
1     0000faad  __c28xabi_dtoi                           
1     0000face  Interrupt_initVectorTable                
1     0000fb2c  __c28xabi_dtol                           
1     0000fb4b  __c28xabi_cmpll                          
1     0000fb5d  __c28xabi_cmpull                         
1     0000fb86  __c28xabi_itod                           
1     0000fba3  memcpy                                   
1     0000fbc0  __c28xabi_ltod                           
1     0000fbdc  SysCtl_getLowSpeedClock                  
1     0000fbf6  remove                                   
1     0000fbf6  unlink                                   
1     0000fc0f  write                                    
1     0000fc28  __c28xabi_andll                          
1     0000fc30  __c28xabi_orll                           
1     0000fc38  __c28xabi_xorll                          
1     0000fc40  lseek                                    
1     0000fc6f  _c_int00                                 
1     0000fcb0  strncpy                                  
1     0000fcea  memccpy                                  
1     0000fd16  __c28xabi_subd                           
1     0000fd3e  memchr                                   
1     0000fd57  _args_main                               
1     0000fd63  strchr                                   
1     0000fd7a  wcslen                                   
1     0000fd85  strcmp                                   
1     0000fd98  _register_unlock                         
1     0000fd9c  _register_lock                           
1     0000fda0  _nop                                     
1     0000fda1  __c28xabi_negd                           
1     0000fdb2  __TI_decompress_none                     
1     0000fdba  strlen                                   
1     0000fdc2  memset                                   
1     0000fdc9  __TI_zero_init                           
1     0000fdd1  _system_pre_init                         
abs   00000100  __TI_STACK_SIZE                          
abs   00000400  __TI_SYSMEM_SIZE                         
abs   ffffffff  __TI_pprof_out_hndl                      
abs   ffffffff  __TI_prof_data_size                      
abs   ffffffff  __TI_prof_data_start                     
n/a   UNDEFED   __c_args__                               

[231 symbols]
